Archive member included to satisfy reference by file (symbol)

C:/ST/STM32CubeIDE_1.15.1/STM32CubeIDE/plugins/com.st.stm32cube.ide.mcu.externaltools.gnu-tools-for-stm32.12.3.rel1.win32_1.0.100.202403111256/tools/bin/../lib/gcc/arm-none-eabi/12.3.1/../../../../arm-none-eabi/lib/thumb/v7e-m+dp/hard\libc_nano.a(libc_a-exit.o)
                              C:/ST/STM32CubeIDE_1.15.1/STM32CubeIDE/plugins/com.st.stm32cube.ide.mcu.externaltools.gnu-tools-for-stm32.12.3.rel1.win32_1.0.100.202403111256/tools/bin/../lib/gcc/arm-none-eabi/12.3.1/../../../../arm-none-eabi/lib/thumb/v7e-m+dp/hard/crt0.o (exit)
C:/ST/STM32CubeIDE_1.15.1/STM32CubeIDE/plugins/com.st.stm32cube.ide.mcu.externaltools.gnu-tools-for-stm32.12.3.rel1.win32_1.0.100.202403111256/tools/bin/../lib/gcc/arm-none-eabi/12.3.1/../../../../arm-none-eabi/lib/thumb/v7e-m+dp/hard\libc_nano.a(libc_a-findfp.o)
                              C:/ST/STM32CubeIDE_1.15.1/STM32CubeIDE/plugins/com.st.stm32cube.ide.mcu.externaltools.gnu-tools-for-stm32.12.3.rel1.win32_1.0.100.202403111256/tools/bin/../lib/gcc/arm-none-eabi/12.3.1/../../../../arm-none-eabi/lib/thumb/v7e-m+dp/hard\libc_nano.a(libc_a-exit.o) (__stdio_exit_handler)
C:/ST/STM32CubeIDE_1.15.1/STM32CubeIDE/plugins/com.st.stm32cube.ide.mcu.externaltools.gnu-tools-for-stm32.12.3.rel1.win32_1.0.100.202403111256/tools/bin/../lib/gcc/arm-none-eabi/12.3.1/../../../../arm-none-eabi/lib/thumb/v7e-m+dp/hard\libc_nano.a(libc_a-fwalk.o)
                              C:/ST/STM32CubeIDE_1.15.1/STM32CubeIDE/plugins/com.st.stm32cube.ide.mcu.externaltools.gnu-tools-for-stm32.12.3.rel1.win32_1.0.100.202403111256/tools/bin/../lib/gcc/arm-none-eabi/12.3.1/../../../../arm-none-eabi/lib/thumb/v7e-m+dp/hard\libc_nano.a(libc_a-findfp.o) (_fwalk_sglue)
C:/ST/STM32CubeIDE_1.15.1/STM32CubeIDE/plugins/com.st.stm32cube.ide.mcu.externaltools.gnu-tools-for-stm32.12.3.rel1.win32_1.0.100.202403111256/tools/bin/../lib/gcc/arm-none-eabi/12.3.1/../../../../arm-none-eabi/lib/thumb/v7e-m+dp/hard\libc_nano.a(libc_a-stdio.o)
                              C:/ST/STM32CubeIDE_1.15.1/STM32CubeIDE/plugins/com.st.stm32cube.ide.mcu.externaltools.gnu-tools-for-stm32.12.3.rel1.win32_1.0.100.202403111256/tools/bin/../lib/gcc/arm-none-eabi/12.3.1/../../../../arm-none-eabi/lib/thumb/v7e-m+dp/hard\libc_nano.a(libc_a-findfp.o) (__sread)
C:/ST/STM32CubeIDE_1.15.1/STM32CubeIDE/plugins/com.st.stm32cube.ide.mcu.externaltools.gnu-tools-for-stm32.12.3.rel1.win32_1.0.100.202403111256/tools/bin/../lib/gcc/arm-none-eabi/12.3.1/../../../../arm-none-eabi/lib/thumb/v7e-m+dp/hard\libc_nano.a(libc_a-memset.o)
                              C:/ST/STM32CubeIDE_1.15.1/STM32CubeIDE/plugins/com.st.stm32cube.ide.mcu.externaltools.gnu-tools-for-stm32.12.3.rel1.win32_1.0.100.202403111256/tools/bin/../lib/gcc/arm-none-eabi/12.3.1/../../../../arm-none-eabi/lib/thumb/v7e-m+dp/hard/crt0.o (memset)
C:/ST/STM32CubeIDE_1.15.1/STM32CubeIDE/plugins/com.st.stm32cube.ide.mcu.externaltools.gnu-tools-for-stm32.12.3.rel1.win32_1.0.100.202403111256/tools/bin/../lib/gcc/arm-none-eabi/12.3.1/../../../../arm-none-eabi/lib/thumb/v7e-m+dp/hard\libc_nano.a(libc_a-closer.o)
                              C:/ST/STM32CubeIDE_1.15.1/STM32CubeIDE/plugins/com.st.stm32cube.ide.mcu.externaltools.gnu-tools-for-stm32.12.3.rel1.win32_1.0.100.202403111256/tools/bin/../lib/gcc/arm-none-eabi/12.3.1/../../../../arm-none-eabi/lib/thumb/v7e-m+dp/hard\libc_nano.a(libc_a-stdio.o) (_close_r)
C:/ST/STM32CubeIDE_1.15.1/STM32CubeIDE/plugins/com.st.stm32cube.ide.mcu.externaltools.gnu-tools-for-stm32.12.3.rel1.win32_1.0.100.202403111256/tools/bin/../lib/gcc/arm-none-eabi/12.3.1/../../../../arm-none-eabi/lib/thumb/v7e-m+dp/hard\libc_nano.a(libc_a-reent.o)
                              C:/ST/STM32CubeIDE_1.15.1/STM32CubeIDE/plugins/com.st.stm32cube.ide.mcu.externaltools.gnu-tools-for-stm32.12.3.rel1.win32_1.0.100.202403111256/tools/bin/../lib/gcc/arm-none-eabi/12.3.1/../../../../arm-none-eabi/lib/thumb/v7e-m+dp/hard\libc_nano.a(libc_a-closer.o) (errno)
C:/ST/STM32CubeIDE_1.15.1/STM32CubeIDE/plugins/com.st.stm32cube.ide.mcu.externaltools.gnu-tools-for-stm32.12.3.rel1.win32_1.0.100.202403111256/tools/bin/../lib/gcc/arm-none-eabi/12.3.1/../../../../arm-none-eabi/lib/thumb/v7e-m+dp/hard\libc_nano.a(libc_a-impure.o)
                              C:/ST/STM32CubeIDE_1.15.1/STM32CubeIDE/plugins/com.st.stm32cube.ide.mcu.externaltools.gnu-tools-for-stm32.12.3.rel1.win32_1.0.100.202403111256/tools/bin/../lib/gcc/arm-none-eabi/12.3.1/../../../../arm-none-eabi/lib/thumb/v7e-m+dp/hard\libc_nano.a(libc_a-reent.o) (_impure_ptr)
C:/ST/STM32CubeIDE_1.15.1/STM32CubeIDE/plugins/com.st.stm32cube.ide.mcu.externaltools.gnu-tools-for-stm32.12.3.rel1.win32_1.0.100.202403111256/tools/bin/../lib/gcc/arm-none-eabi/12.3.1/../../../../arm-none-eabi/lib/thumb/v7e-m+dp/hard\libc_nano.a(libc_a-lseekr.o)
[...]
Memory Configuration

Name             Origin             Length             Attributes
ITCMRAM          0x00000000         0x00010000         xrw
DTCMRAM          0x20000000         0x00020000         xrw
FLASH            0x08000000         0x00100000         xr
RAM_D1           0x24000000         0x00050000         xrw
RAM_D2           0x30000000         0x00008000         xrw
RAM_D3           0x38000000         0x00004000         xrw
*default*        0x00000000         0xffffffff

Linker script and memory map

LOAD C:/ST/STM32CubeIDE_1.15.1/STM32CubeIDE/plugins/com.st.stm32cube.ide.mcu.externaltools.gnu-tools-for-stm32.12.3.rel1.win32_1.0.100.202403111256/tools/bin/../lib/gcc/arm-none-eabi/12.3.1/thumb/v7e-m+dp/hard/crti.o
LOAD C:/ST/STM32CubeIDE_1.15.1/STM32CubeIDE/plugins/com.st.stm32cube.ide.mcu.externaltools.gnu-tools-for-stm32.12.3.rel1.win32_1.0.100.202403111256/tools/bin/../lib/gcc/arm-none-eabi/12.3.1/thumb/v7e-m+dp/hard/crtbegin.o
LOAD C:/ST/STM32CubeIDE_1.15.1/STM32CubeIDE/plugins/com.st.stm32cube.ide.mcu.externaltools.gnu-tools-for-stm32.12.3.rel1.win32_1.0.100.202403111256/tools/bin/../lib/gcc/arm-none-eabi/12.3.1/../../../../arm-none-eabi/lib/thumb/v7e-m+dp/hard/crt0.o
LOAD ./Core/Src/main.o
LOAD ./Core/Src/stm32h7xx_hal_msp.o
LOAD ./Core/Src/stm32h7xx_it.o
LOAD ./Core/Src/syscalls.o
LOAD ./Core/Src/sysmem.o
LOAD ./Core/Src/system_stm32h7xx.o
LOAD ./Core/Startup/startup_stm32h723zgtx.o
LOAD ./Drivers/STM32H7xx_HAL_Driver/Src/stm32h7xx_hal.o
LOAD ./Drivers/STM32H7xx_HAL_Driver/Src/stm32h7xx_hal_cortex.o
LOAD ./Drivers/STM32H7xx_HAL_Driver/Src/stm32h7xx_hal_dma.o
LOAD ./Drivers/STM32H7xx_HAL_Driver/Src/stm32h7xx_hal_dma_ex.o
LOAD ./Drivers/STM32H7xx_HAL_Driver/Src/stm32h7xx_hal_eth.o
LOAD ./Drivers/STM32H7xx_HAL_Driver/Src/stm32h7xx_hal_eth_ex.o
LOAD ./Drivers/STM32H7xx_HAL_Driver/Src/stm32h7xx_hal_exti.o
LOAD ./Drivers/STM32H7xx_HAL_Driver/Src/stm32h7xx_hal_flash.o
LOAD ./Drivers/STM32H7xx_HAL_Driver/Src/stm32h7xx_hal_flash_ex.o
LOAD ./Drivers/STM32H7xx_HAL_Driver/Src/stm32h7xx_hal_gpio.o
LOAD ./Drivers/STM32H7xx_HAL_Driver/Src/stm32h7xx_hal_hsem.o
LOAD ./Drivers/STM32H7xx_HAL_Driver/Src/stm32h7xx_hal_i2c.o
LOAD ./Drivers/STM32H7xx_HAL_Driver/Src/stm32h7xx_hal_i2c_ex.o
LOAD ./Drivers/STM32H7xx_HAL_Driver/Src/stm32h7xx_hal_mdma.o
LOAD ./Drivers/STM32H7xx_HAL_Driver/Src/stm32h7xx_hal_pcd.o
LOAD ./Drivers/STM32H7xx_HAL_Driver/Src/stm32h7xx_hal_pcd_ex.o
LOAD ./Drivers/STM32H7xx_HAL_Driver/Src/stm32h7xx_hal_pwr.o
LOAD ./Drivers/STM32H7xx_HAL_Driver/Src/stm32h7xx_hal_pwr_ex.o
LOAD ./Drivers/STM32H7xx_HAL_Driver/Src/stm32h7xx_hal_rcc.o
LOAD ./Drivers/STM32H7xx_HAL_Driver/Src/stm32h7xx_hal_rcc_ex.o
LOAD ./Drivers/STM32H7xx_HAL_Driver/Src/stm32h7xx_hal_tim.o
LOAD ./Drivers/STM32H7xx_HAL_Driver/Src/stm32h7xx_hal_tim_ex.o
LOAD ./Drivers/STM32H7xx_HAL_Driver/Src/stm32h7xx_hal_uart.o
LOAD ./Drivers/STM32H7xx_HAL_Driver/Src/stm32h7xx_hal_uart_ex.o
LOAD ./Drivers/STM32H7xx_HAL_Driver/Src/stm32h7xx_ll_usb.o
START GROUP
LOAD C:/ST/STM32CubeIDE_1.15.1/STM32CubeIDE/plugins/com.st.stm32cube.ide.mcu.externaltools.gnu-tools-for-stm32.12.3.rel1.win32_1.0.100.202403111256/tools/bin/../lib/gcc/arm-none-eabi/12.3.1/../../../../arm-none-eabi/lib/thumb/v7e-m+dp/hard\libc_nano.a
LOAD C:/ST/STM32CubeIDE_1.15.1/STM32CubeIDE/plugins/com.st.stm32cube.ide.mcu.externaltools.gnu-tools-for-stm32.12.3.rel1.win32_1.0.100.202403111256/tools/bin/../lib/gcc/arm-none-eabi/12.3.1/../../../../arm-none-eabi/lib/thumb/v7e-m+dp/hard\libm.a
END GROUP
START GROUP
LOAD C:/ST/STM32CubeIDE_1.15.1/STM32CubeIDE/plugins/com.st.stm32cube.ide.mcu.externaltools.gnu-tools-for-stm32.12.3.rel1.win32_1.0.100.202403111256/tools/bin/../lib/gcc/arm-none-eabi/12.3.1/thumb/v7e-m+dp/hard\libgcc.a
LOAD C:/ST/STM32CubeIDE_1.15.1/STM32CubeIDE/plugins/com.st.stm32cube.ide.mcu.externaltools.gnu-tools-for-stm32.12.3.rel1.win32_1.0.100.202403111256/tools/bin/../lib/gcc/arm-none-eabi/12.3.1/../../../../arm-none-eabi/lib/thumb/v7e-m+dp/hard\libc_nano.a
END GROUP
START GROUP
LOAD C:/ST/STM32CubeIDE_1.15.1/STM32CubeIDE/plugins/com.st.stm32cube.ide.mcu.externaltools.gnu-tools-for-stm32.12.3.rel1.win32_1.0.100.202403111256/tools/bin/../lib/gcc/arm-none-eabi/12.3.1/thumb/v7e-m+dp/hard\libgcc.a
LOAD C:/ST/STM32CubeIDE_1.15.1/STM32CubeIDE/plugins/com.st.stm32cube.ide.mcu.externaltools.gnu-tools-for-stm32.12.3.rel1.win32_1.0.100.202403111256/tools/bin/../lib/gcc/arm-none-eabi/12.3.1/../../../../arm-none-eabi/lib/thumb/v7e-m+dp/hard\libc_nano.a
LOAD C:/ST/STM32CubeIDE_1.15.1/STM32CubeIDE/plugins/com.st.stm32cube.ide.mcu.externaltools.gnu-tools-for-stm32.12.3.rel1.win32_1.0.100.202403111256/tools/bin/../lib/gcc/arm-none-eabi/12.3.1/../../../../arm-none-eabi/lib/thumb/v7e-m+dp/hard\libnosys.a
END GROUP
START GROUP
LOAD C:/ST/STM32CubeIDE_1.15.1/STM32CubeIDE/plugins/com.st.stm32cube.ide.mcu.externaltools.gnu-tools-for-stm32.12.3.rel1.win32_1.0.100.202403111256/tools/bin/../lib/gcc/arm-none-eabi/12.3.1/thumb/v7e-m+dp/hard\libgcc.a
LOAD C:/ST/STM32CubeIDE_1.15.1/STM32CubeIDE/plugins/com.st.stm32cube.ide.mcu.externaltools.gnu-tools-for-stm32.12.3.rel1.win32_1.0.100.202403111256/tools/bin/../lib/gcc/arm-none-eabi/12.3.1/../../../../arm-none-eabi/lib/thumb/v7e-m+dp/hard\libc_nano.a
LOAD C:/ST/STM32CubeIDE_1.15.1/STM32CubeIDE/plugins/com.st.stm32cube.ide.mcu.externaltools.gnu-tools-for-stm32.12.3.rel1.win32_1.0.100.202403111256/tools/bin/../lib/gcc/arm-none-eabi/12.3.1/../../../../arm-none-eabi/lib/thumb/v7e-m+dp/hard\libnosys.a
END GROUP
LOAD C:/ST/STM32CubeIDE_1.15.1/STM32CubeIDE/plugins/com.st.stm32cube.ide.mcu.externaltools.gnu-tools-for-stm32.12.3.rel1.win32_1.0.100.202403111256/tools/bin/../lib/gcc/arm-none-eabi/12.3.1/thumb/v7e-m+dp/hard/crtend.o
LOAD C:/ST/STM32CubeIDE_1.15.1/STM32CubeIDE/plugins/com.st.stm32cube.ide.mcu.externaltools.gnu-tools-for-stm32.12.3.rel1.win32_1.0.100.202403111256/tools/bin/../lib/gcc/arm-none-eabi/12.3.1/thumb/v7e-m+dp/hard/crtn.o
                0x24050000                        _estack = (ORIGIN (RAM_D1) + LENGTH (RAM_D1))
                0x00000200                        _Min_Heap_Size = 0x200
                0x00000400                        _Min_Stack_Size = 0x400

.isr_vector     0x08000000      0x2cc
                0x08000000                        . = ALIGN (0x4)
 *(.isr_vector)
 .isr_vector    0x08000000      0x2cc ./Core/Startup/startup_stm32h723zgtx.o
                0x08000000                g_pfnVectors
                0x080002cc                        . = ALIGN (0x4)

.text           0x080002cc     0x7a2c
                0x080002cc                        . = ALIGN (0x4)
 *(.text)
 .text          0x080002cc       0x40 C:/ST/STM32CubeIDE_1.15.1/STM32CubeIDE/plugins/com.st.stm32cube.ide.mcu.externaltools.gnu-tools-for-stm32.12.3.rel1.win32_1.0.100.202403111256/tools/bin/../lib/gcc/arm-none-eabi/12.3.1/thumb/v7e-m+dp/hard/crtbegin.o
 .text          0x0800030c       0x30 C:/ST/STM32CubeIDE_1.15.1/STM32CubeIDE/plugins/com.st.stm32cube.ide.mcu.externaltools.gnu-tools-for-stm32.12.3.rel1.win32_1.0.100.202403111256/tools/bin/../lib/gcc/arm-none-eabi/12.3.1/thumb/v7e-m+dp/hard\libgcc.a(_aeabi_uldivmod.o)
                0x0800030c                __aeabi_uldivmod
 .text          0x0800033c      0x2bc C:/ST/STM32CubeIDE_1.15.1/STM32CubeIDE/plugins/com.st.stm32cube.ide.mcu.externaltools.gnu-tools-for-stm32.12.3.rel1.win32_1.0.100.202403111256/tools/bin/../lib/gcc/arm-none-eabi/12.3.1/thumb/v7e-m+dp/hard\libgcc.a(_udivmoddi4.o)
                0x0800033c                __udivmoddi4
 .text          0x080005f8        0x4 C:/ST/STM32CubeIDE_1.15.1/STM32CubeIDE/plugins/com.st.stm32cube.ide.mcu.externaltools.gnu-tools-for-stm32.12.3.rel1.win32_1.0.100.202403111256/tools/bin/../lib/gcc/arm-none-eabi/12.3.1/thumb/v7e-m+dp/hard\libgcc.a(_dvmd_tls.o)
                0x080005f8                __aeabi_idiv0
                0x080005f8                __aeabi_ldiv0
 *(.text*)
 .text.main     0x080005fc       0x68 ./Core/Src/main.o
                0x080005fc                main
 .text.SystemClock_Config
                0x08000664       0xe0 ./Core/Src/main.o
                0x08000664                SystemClock_Config
 .text.MX_ETH_Init
                0x08000744       0x98 ./Core/Src/main.o
 .text.MX_USART2_UART_Init
                0x080007dc       0x98 ./Core/Src/main.o
 .text.MX_USART3_UART_Init
                0x08000874       0x98 ./Core/Src/main.o
 .text.MX_USB_OTG_HS_PCD_Init
                0x0800090c       0x64 ./Core/Src/main.o
 .text.MX_GPIO_Init
                0x08000970      0x1b8 ./Core/Src/main.o
 .text.Error_Handler
                0x08000b28        0xc ./Core/Src/main.o
                0x08000b28                Error_Handler
 .text.HAL_MspInit
                0x08000b34       0x34 ./Core/Src/stm32h7xx_hal_msp.o
                0x08000b34                HAL_MspInit
 .text.HAL_ETH_MspInit
                0x08000b68      0x19c ./Core/Src/stm32h7xx_hal_msp.o
                0x08000b68                HAL_ETH_MspInit
 .text.HAL_UART_MspInit
                0x08000d04      0x1cc ./Core/Src/stm32h7xx_hal_msp.o
                0x08000d04                HAL_UART_MspInit
 .text.HAL_PCD_MspInit
                0x08000ed0       0xf8 ./Core/Src/stm32h7xx_hal_msp.o
                0x08000ed0                HAL_PCD_MspInit
 .text.NMI_Handler
                0x08000fc8        0x8 ./Core/Src/stm32h7xx_it.o
                0x08000fc8                NMI_Handler
 .text.HardFault_Handler
                0x08000fd0        0x8 ./Core/Src/stm32h7xx_it.o
                0x08000fd0                HardFault_Handler
 .text.MemManage_Handler
                0x08000fd8        0x8 ./Core/Src/stm32h7xx_it.o
                0x08000fd8                MemManage_Handler
 .text.BusFault_Handler
                0x08000fe0        0x8 ./Core/Src/stm32h7xx_it.o
                0x08000fe0                BusFault_Handler
 .text.UsageFault_Handler
                0x08000fe8        0x8 ./Core/Src/stm32h7xx_it.o
                0x08000fe8                UsageFault_Handler
 .text.SVC_Handler
                0x08000ff0        0xe ./Core/Src/stm32h7xx_it.o
                0x08000ff0                SVC_Handler
 .text.DebugMon_Handler
                0x08000ffe        0xe ./Core/Src/stm32h7xx_it.o
                0x08000ffe                DebugMon_Handler
 .text.PendSV_Handler
                0x0800100c        0xe ./Core/Src/stm32h7xx_it.o
                0x0800100c                PendSV_Handler
 .text.SysTick_Handler
                0x0800101a        0xc ./Core/Src/stm32h7xx_it.o
                0x0800101a                SysTick_Handler
 *fill*         0x08001026        0x2 
 .text.USART2_IRQHandler
                0x08001028       0x14 ./Core/Src/stm32h7xx_it.o
                0x08001028                USART2_IRQHandler
 .text.SystemInit
                0x0800103c       0xf0 ./Core/Src/system_stm32h7xx.o
                0x0800103c                SystemInit
 .text.Reset_Handler
                0x0800112c       0x50 ./Core/Startup/startup_stm32h723zgtx.o
                0x0800112c                Reset_Handler
 .text.Default_Handler
                0x0800117c        0x2 ./Core/Startup/startup_stm32h723zgtx.o
                0x0800117c                RTC_Alarm_IRQHandler
                0x0800117c                EXTI2_IRQHandler
                0x0800117c                TIM8_CC_IRQHandler
                0x0800117c                UART8_IRQHandler
                0x0800117c                SPI4_IRQHandler
                0x0800117c                FDCAN3_IT0_IRQHandler
                0x0800117c                TIM1_CC_IRQHandler
                0x0800117c                BDMA_Channel6_IRQHandler
                0x0800117c                DMA2_Stream5_IRQHandler
                0x0800117c                DMA1_Stream5_IRQHandler
                0x0800117c                CORDIC_IRQHandler
                0x0800117c                BDMA_Channel1_IRQHandler
                0x0800117c                TAMP_STAMP_IRQHandler
                0x0800117c                EXTI3_IRQHandler
                0x0800117c                LPTIM4_IRQHandler
                0x0800117c                TIM8_TRG_COM_TIM14_IRQHandler
                0x0800117c                LPTIM2_IRQHandler
                0x0800117c                DFSDM1_FLT1_IRQHandler
                0x0800117c                DMAMUX2_OVR_IRQHandler
                0x0800117c                TIM8_UP_TIM13_IRQHandler
                0x0800117c                I2C3_ER_IRQHandler
                0x0800117c                DFSDM1_FLT2_IRQHandler
                0x0800117c                I2C5_EV_IRQHandler
                0x0800117c                USART10_IRQHandler
                0x0800117c                MDMA_IRQHandler
                0x0800117c                LPTIM3_IRQHandler
                0x0800117c                HSEM1_IRQHandler
                0x0800117c                EXTI0_IRQHandler
                0x0800117c                I2C2_EV_IRQHandler
                0x0800117c                DMA1_Stream2_IRQHandler
                0x0800117c                FPU_IRQHandler
                0x0800117c                OTG_HS_WKUP_IRQHandler
                0x0800117c                FDCAN1_IT1_IRQHandler
                0x0800117c                LTDC_ER_IRQHandler
                0x0800117c                DMA2_Stream2_IRQHandler
                0x0800117c                SPI1_IRQHandler
                0x0800117c                OCTOSPI1_IRQHandler
                0x0800117c                TIM6_DAC_IRQHandler
                0x0800117c                DMA2_Stream3_IRQHandler
                0x0800117c                OCTOSPI2_IRQHandler
                0x0800117c                DFSDM1_FLT3_IRQHandler
                0x0800117c                TIM23_IRQHandler
                0x0800117c                USART6_IRQHandler
                0x0800117c                TIM17_IRQHandler
                0x0800117c                USART3_IRQHandler
                0x0800117c                BDMA_Channel7_IRQHandler
                0x0800117c                LPTIM5_IRQHandler
                0x0800117c                UART5_IRQHandler
                0x0800117c                ADC3_IRQHandler
                0x0800117c                DMA2_Stream0_IRQHandler
                0x0800117c                TIM4_IRQHandler
                0x0800117c                BDMA_Channel2_IRQHandler
                0x0800117c                I2C1_EV_IRQHandler
                0x0800117c                DMA1_Stream6_IRQHandler
                0x0800117c                DMAMUX1_OVR_IRQHandler
                0x0800117c                DMA1_Stream1_IRQHandler
                0x0800117c                TIM16_IRQHandler
                0x0800117c                UART4_IRQHandler
                0x0800117c                BDMA_Channel5_IRQHandler
                0x0800117c                TIM3_IRQHandler
                0x0800117c                RCC_IRQHandler
                0x0800117c                UART9_IRQHandler
                0x0800117c                TIM8_BRK_TIM12_IRQHandler
                0x0800117c                TIM1_TRG_COM_IRQHandler
                0x0800117c                Default_Handler
                0x0800117c                ECC_IRQHandler
                0x0800117c                FMAC_IRQHandler
                0x0800117c                CEC_IRQHandler
                0x0800117c                EXTI15_10_IRQHandler
                0x0800117c                BDMA_Channel0_IRQHandler
                0x0800117c                ADC_IRQHandler
                0x0800117c                I2C5_ER_IRQHandler
                0x0800117c                DMA1_Stream7_IRQHandler
                0x0800117c                SPI5_IRQHandler
                0x0800117c                TIM7_IRQHandler
                0x0800117c                FDCAN3_IT1_IRQHandler
                0x0800117c                SDMMC1_IRQHandler
                0x0800117c                TIM5_IRQHandler
                0x0800117c                DMA2_Stream7_IRQHandler
                0x0800117c                TIM15_IRQHandler
                0x0800117c                PVD_AVD_IRQHandler
                0x0800117c                I2C3_EV_IRQHandler
                0x0800117c                EXTI9_5_IRQHandler
                0x0800117c                RTC_WKUP_IRQHandler
                0x0800117c                LTDC_IRQHandler
                0x0800117c                ETH_WKUP_IRQHandler
                0x0800117c                SPDIF_RX_IRQHandler
                0x0800117c                SPI2_IRQHandler
                0x0800117c                OTG_HS_EP1_IN_IRQHandler
                0x0800117c                DMA1_Stream0_IRQHandler
                0x0800117c                TIM24_IRQHandler
                0x0800117c                CRS_IRQHandler
                0x0800117c                EXTI4_IRQHandler
                0x0800117c                RNG_IRQHandler
                0x0800117c                FDCAN2_IT1_IRQHandler
                0x0800117c                ETH_IRQHandler
                0x0800117c                TIM1_UP_IRQHandler
                0x0800117c                BDMA_Channel4_IRQHandler
                0x0800117c                OTG_HS_EP1_OUT_IRQHandler
                0x0800117c                WWDG_IRQHandler
                0x0800117c                SPI6_IRQHandler
                0x0800117c                MDIOS_IRQHandler
                0x0800117c                I2C4_EV_IRQHandler
                0x0800117c                FDCAN2_IT0_IRQHandler
                0x0800117c                LPUART1_IRQHandler
                0x0800117c                FDCAN1_IT0_IRQHandler
                0x0800117c                TIM2_IRQHandler
                0x0800117c                OTG_HS_IRQHandler
                0x0800117c                DMA2D_IRQHandler
                0x0800117c                TIM1_BRK_IRQHandler
                0x0800117c                EXTI1_IRQHandler
                0x0800117c                SDMMC2_IRQHandler
                0x0800117c                BDMA_Channel3_IRQHandler
                0x0800117c                DTS_IRQHandler
                0x0800117c                UART7_IRQHandler
                0x0800117c                MDIOS_WKUP_IRQHandler
                0x0800117c                DFSDM1_FLT0_IRQHandler
                0x0800117c                SAI4_IRQHandler
                0x0800117c                I2C2_ER_IRQHandler
                0x0800117c                DMA2_Stream1_IRQHandler
                0x0800117c                FLASH_IRQHandler
                0x0800117c                DMA2_Stream4_IRQHandler
                0x0800117c                USART1_IRQHandler
                0x0800117c                SPI3_IRQHandler
                0x0800117c                WAKEUP_PIN_IRQHandler
                0x0800117c                DMA1_Stream4_IRQHandler
                0x0800117c                I2C1_ER_IRQHandler
                0x0800117c                FMC_IRQHandler
                0x0800117c                FDCAN_CAL_IRQHandler
                0x0800117c                SWPMI1_IRQHandler
                0x0800117c                COMP1_IRQHandler
                0x0800117c                LPTIM1_IRQHandler
                0x0800117c                DCMI_PSSI_IRQHandler
                0x0800117c                I2C4_ER_IRQHandler
                0x0800117c                DMA2_Stream6_IRQHandler
                0x0800117c                SAI1_IRQHandler
                0x0800117c                DMA1_Stream3_IRQHandler
 *fill*         0x0800117e        0x2 
 .text.HAL_Init
                0x08001180       0x78 ./Drivers/STM32H7xx_HAL_Driver/Src/stm32h7xx_hal.o
                0x08001180                HAL_Init
 .text.HAL_InitTick
                0x080011f8       0x6c ./Drivers/STM32H7xx_HAL_Driver/Src/stm32h7xx_hal.o
                0x080011f8                HAL_InitTick
 .text.HAL_IncTick
                0x08001264       0x28 ./Drivers/STM32H7xx_HAL_Driver/Src/stm32h7xx_hal.o
                0x08001264                HAL_IncTick
 .text.HAL_GetTick
                0x0800128c       0x18 ./Drivers/STM32H7xx_HAL_Driver/Src/stm32h7xx_hal.o
                0x0800128c                HAL_GetTick
 .text.HAL_Delay
                0x080012a4       0x48 ./Drivers/STM32H7xx_HAL_Driver/Src/stm32h7xx_hal.o
                0x080012a4                HAL_Delay
 .text.HAL_SYSCFG_ETHInterfaceSelect
                0x080012ec       0x28 ./Drivers/STM32H7xx_HAL_Driver/Src/stm32h7xx_hal.o
                0x080012ec                HAL_SYSCFG_ETHInterfaceSelect
 .text.__NVIC_SetPriorityGrouping
                0x08001314       0x48 ./Drivers/STM32H7xx_HAL_Driver/Src/stm32h7xx_hal_cortex.o
 .text.__NVIC_GetPriorityGrouping
                0x0800135c       0x1c ./Drivers/STM32H7xx_HAL_Driver/Src/stm32h7xx_hal_cortex.o
 .text.__NVIC_EnableIRQ
                0x08001378       0x3c ./Drivers/STM32H7xx_HAL_Driver/Src/stm32h7xx_hal_cortex.o
 .text.__NVIC_SetPriority
                0x080013b4       0x54 ./Drivers/STM32H7xx_HAL_Driver/Src/stm32h7xx_hal_cortex.o
 .text.NVIC_EncodePriority
                0x08001408       0x66 ./Drivers/STM32H7xx_HAL_Driver/Src/stm32h7xx_hal_cortex.o
 *fill*         0x0800146e        0x2 
 .text.SysTick_Config
                0x08001470       0x44 ./Drivers/STM32H7xx_HAL_Driver/Src/stm32h7xx_hal_cortex.o
 .text.HAL_NVIC_SetPriorityGrouping
                0x080014b4       0x16 ./Drivers/STM32H7xx_HAL_Driver/Src/stm32h7xx_hal_cortex.o
                0x080014b4                HAL_NVIC_SetPriorityGrouping
 .text.HAL_NVIC_SetPriority
                0x080014ca       0x34 ./Drivers/STM32H7xx_HAL_Driver/Src/stm32h7xx_hal_cortex.o
                0x080014ca                HAL_NVIC_SetPriority
 .text.HAL_NVIC_EnableIRQ
                0x080014fe       0x1c ./Drivers/STM32H7xx_HAL_Driver/Src/stm32h7xx_hal_cortex.o
                0x080014fe                HAL_NVIC_EnableIRQ
 .text.HAL_SYSTICK_Config
                0x0800151a       0x18 ./Drivers/STM32H7xx_HAL_Driver/Src/stm32h7xx_hal_cortex.o
                0x0800151a                HAL_SYSTICK_Config
 *fill*         0x08001532        0x2 
 .text.HAL_DMA_Abort
                0x08001534      0x63c ./Drivers/STM32H7xx_HAL_Driver/Src/stm32h7xx_hal_dma.o
                0x08001534                HAL_DMA_Abort
 .text.HAL_DMA_Abort_IT
                0x08001b70      0x48c ./Drivers/STM32H7xx_HAL_Driver/Src/stm32h7xx_hal_dma.o
                0x08001b70                HAL_DMA_Abort_IT
 .text.HAL_ETH_Init
                0x08001ffc      0x1fc ./Drivers/STM32H7xx_HAL_Driver/Src/stm32h7xx_hal_eth.o
                0x08001ffc                HAL_ETH_Init
 .text.HAL_ETH_SetMDIOClockRange
                0x080021f8       0xa0 ./Drivers/STM32H7xx_HAL_Driver/Src/stm32h7xx_hal_eth.o
                0x080021f8                HAL_ETH_SetMDIOClockRange
 .text.ETH_SetMACConfig
                0x08002298      0x238 ./Drivers/STM32H7xx_HAL_Driver/Src/stm32h7xx_hal_eth.o
 .text.ETH_SetDMAConfig
                0x080024d0      0x10c ./Drivers/STM32H7xx_HAL_Driver/Src/stm32h7xx_hal_eth.o
 .text.ETH_MACDMAConfig
                0x080025dc      0x13a ./Drivers/STM32H7xx_HAL_Driver/Src/stm32h7xx_hal_eth.o
 .text.ETH_DMATxDescListInit
                0x08002716       0x92 ./Drivers/STM32H7xx_HAL_Driver/Src/stm32h7xx_hal_eth.o
 .text.ETH_DMARxDescListInit
                0x080027a8       0xba ./Drivers/STM32H7xx_HAL_Driver/Src/stm32h7xx_hal_eth.o
 *fill*         0x08002862        0x2 
 .text.HAL_GPIO_Init
                0x08002864      0x350 ./Drivers/STM32H7xx_HAL_Driver/Src/stm32h7xx_hal_gpio.o
                0x08002864                HAL_GPIO_Init
 .text.HAL_GPIO_WritePin
                0x08002bb4       0x32 ./Drivers/STM32H7xx_HAL_Driver/Src/stm32h7xx_hal_gpio.o
                0x08002bb4                HAL_GPIO_WritePin
 .text.HAL_PCD_Init
                0x08002be6      0x218 ./Drivers/STM32H7xx_HAL_Driver/Src/stm32h7xx_hal_pcd.o
                0x08002be6                HAL_PCD_Init
 *fill*         0x08002dfe        0x2 
 .text.HAL_PCDEx_ActivateLPM
                0x08002e00       0x48 ./Drivers/STM32H7xx_HAL_Driver/Src/stm32h7xx_hal_pcd_ex.o
                0x08002e00                HAL_PCDEx_ActivateLPM
 .text.HAL_PWREx_ConfigSupply
                0x08002e48       0x74 ./Drivers/STM32H7xx_HAL_Driver/Src/stm32h7xx_hal_pwr_ex.o
                0x08002e48                HAL_PWREx_ConfigSupply
 .text.HAL_PWREx_EnableUSBVoltageDetector
                0x08002ebc       0x20 ./Drivers/STM32H7xx_HAL_Driver/Src/stm32h7xx_hal_pwr_ex.o
                0x08002ebc                HAL_PWREx_EnableUSBVoltageDetector
 .text.HAL_RCC_OscConfig
                0x08002edc      0x7b4 ./Drivers/STM32H7xx_HAL_Driver/Src/stm32h7xx_hal_rcc.o
                0x08002edc                HAL_RCC_OscConfig
 .text.HAL_RCC_ClockConfig
                0x08003690      0x36c ./Drivers/STM32H7xx_HAL_Driver/Src/stm32h7xx_hal_rcc.o
                0x08003690                HAL_RCC_ClockConfig
 .text.HAL_RCC_GetSysClockFreq
                0x080039fc      0x2f4 ./Drivers/STM32H7xx_HAL_Driver/Src/stm32h7xx_hal_rcc.o
                0x080039fc                HAL_RCC_GetSysClockFreq
 .text.HAL_RCC_GetHCLKFreq
                0x08003cf0       0x60 ./Drivers/STM32H7xx_HAL_Driver/Src/stm32h7xx_hal_rcc.o
                0x08003cf0                HAL_RCC_GetHCLKFreq
 .text.HAL_RCC_GetPCLK1Freq
                0x08003d50       0x2c ./Drivers/STM32H7xx_HAL_Driver/Src/stm32h7xx_hal_rcc.o
                0x08003d50                HAL_RCC_GetPCLK1Freq
 .text.HAL_RCC_GetPCLK2Freq
                0x08003d7c       0x2c ./Drivers/STM32H7xx_HAL_Driver/Src/stm32h7xx_hal_rcc.o
                0x08003d7c                HAL_RCC_GetPCLK2Freq
 .text.HAL_RCCEx_PeriphCLKConfig
                0x08003da8     0x1340 ./Drivers/STM32H7xx_HAL_Driver/Src/stm32h7xx_hal_rcc_ex.o
                0x08003da8                HAL_RCCEx_PeriphCLKConfig
 .text.HAL_RCCEx_GetD3PCLK1Freq
                0x080050e8       0x2c ./Drivers/STM32H7xx_HAL_Driver/Src/stm32h7xx_hal_rcc_ex.o
                0x080050e8                HAL_RCCEx_GetD3PCLK1Freq
 .text.HAL_RCCEx_GetPLL2ClockFreq
                0x08005114      0x2a8 ./Drivers/STM32H7xx_HAL_Driver/Src/stm32h7xx_hal_rcc_ex.o
                0x08005114                HAL_RCCEx_GetPLL2ClockFreq
 .text.HAL_RCCEx_GetPLL3ClockFreq
                0x080053bc      0x2a8 ./Drivers/STM32H7xx_HAL_Driver/Src/stm32h7xx_hal_rcc_ex.o
                0x080053bc                HAL_RCCEx_GetPLL3ClockFreq
 .text.RCCEx_PLL2_Config
                0x08005664      0x164 ./Drivers/STM32H7xx_HAL_Driver/Src/stm32h7xx_hal_rcc_ex.o
 .text.RCCEx_PLL3_Config
                0x080057c8      0x164 ./Drivers/STM32H7xx_HAL_Driver/Src/stm32h7xx_hal_rcc_ex.o
 .text.HAL_UART_Init
                0x0800592c       0xa0 ./Drivers/STM32H7xx_HAL_Driver/Src/stm32h7xx_hal_uart.o
                0x0800592c                HAL_UART_Init
 .text.HAL_UART_Transmit
                0x080059cc      0x11c ./Drivers/STM32H7xx_HAL_Driver/Src/stm32h7xx_hal_uart.o
                0x080059cc                HAL_UART_Transmit
 .text.HAL_UART_IRQHandler
                0x08005ae8      0x774 ./Drivers/STM32H7xx_HAL_Driver/Src/stm32h7xx_hal_uart.o
                0x08005ae8                HAL_UART_IRQHandler
 .text.HAL_UART_TxCpltCallback
                0x0800625c       0x14 ./Drivers/STM32H7xx_HAL_Driver/Src/stm32h7xx_hal_uart.o
                0x0800625c                HAL_UART_TxCpltCallback
 .text.HAL_UART_ErrorCallback
                0x08006270       0x14 ./Drivers/STM32H7xx_HAL_Driver/Src/stm32h7xx_hal_uart.o
                0x08006270                HAL_UART_ErrorCallback
 .text.HAL_UARTEx_RxEventCallback
                0x08006284       0x18 ./Drivers/STM32H7xx_HAL_Driver/Src/stm32h7xx_hal_uart.o
                0x08006284                HAL_UARTEx_RxEventCallback
 .text.UART_SetConfig
                0x0800629c      0xcd8 ./Drivers/STM32H7xx_HAL_Driver/Src/stm32h7xx_hal_uart.o
                0x0800629c                UART_SetConfig
 .text.UART_AdvFeatureConfig
                0x08006f74      0x144 ./Drivers/STM32H7xx_HAL_Driver/Src/stm32h7xx_hal_uart.o
                0x08006f74                UART_AdvFeatureConfig
 .text.UART_CheckIdleState
                0x080070b8      0x154 ./Drivers/STM32H7xx_HAL_Driver/Src/stm32h7xx_hal_uart.o
                0x080070b8                UART_CheckIdleState
 .text.UART_WaitOnFlagUntilTimeout
                0x0800720c       0xda ./Drivers/STM32H7xx_HAL_Driver/Src/stm32h7xx_hal_uart.o
                0x0800720c                UART_WaitOnFlagUntilTimeout
 *fill*         0x080072e6        0x2 
 .text.UART_EndRxTransfer
                0x080072e8       0xcc ./Drivers/STM32H7xx_HAL_Driver/Src/stm32h7xx_hal_uart.o
 .text.UART_DMAAbortOnError
                0x080073b4       0x2c ./Drivers/STM32H7xx_HAL_Driver/Src/stm32h7xx_hal_uart.o
 .text.UART_EndTransmit_IT
                0x080073e0       0x56 ./Drivers/STM32H7xx_HAL_Driver/Src/stm32h7xx_hal_uart.o
 .text.HAL_UARTEx_WakeupCallback
                0x08007436       0x14 ./Drivers/STM32H7xx_HAL_Driver/Src/stm32h7xx_hal_uart_ex.o
                0x08007436                HAL_UARTEx_WakeupCallback
 .text.HAL_UARTEx_RxFifoFullCallback
                0x0800744a       0x14 ./Drivers/STM32H7xx_HAL_Driver/Src/stm32h7xx_hal_uart_ex.o
                0x0800744a                HAL_UARTEx_RxFifoFullCallback
 .text.HAL_UARTEx_TxFifoEmptyCallback
                0x0800745e       0x14 ./Drivers/STM32H7xx_HAL_Driver/Src/stm32h7xx_hal_uart_ex.o
                0x0800745e                HAL_UARTEx_TxFifoEmptyCallback
 .text.HAL_UARTEx_DisableFifoMode
                0x08007472       0x72 ./Drivers/STM32H7xx_HAL_Driver/Src/stm32h7xx_hal_uart_ex.o
                0x08007472                HAL_UARTEx_DisableFifoMode
 .text.HAL_UARTEx_SetTxFifoThreshold
                0x080074e4       0x7c ./Drivers/STM32H7xx_HAL_Driver/Src/stm32h7xx_hal_uart_ex.o
                0x080074e4                HAL_UARTEx_SetTxFifoThreshold
 .text.HAL_UARTEx_SetRxFifoThreshold
                0x08007560       0x7c ./Drivers/STM32H7xx_HAL_Driver/Src/stm32h7xx_hal_uart_ex.o
                0x08007560                HAL_UARTEx_SetRxFifoThreshold
 .text.UARTEx_SetNbDataToProcess
                0x080075dc       0x9c ./Drivers/STM32H7xx_HAL_Driver/Src/stm32h7xx_hal_uart_ex.o
 .text.USB_CoreInit
                0x08007678       0xe4 ./Drivers/STM32H7xx_HAL_Driver/Src/stm32h7xx_ll_usb.o
                0x08007678                USB_CoreInit
 .text.USB_DisableGlobalInt
                0x0800775c       0x22 ./Drivers/STM32H7xx_HAL_Driver/Src/stm32h7xx_ll_usb.o
                0x0800775c                USB_DisableGlobalInt
 .text.USB_SetCurrentMode
                0x0800777e       0x98 ./Drivers/STM32H7xx_HAL_Driver/Src/stm32h7xx_ll_usb.o
                0x0800777e                USB_SetCurrentMode
 *fill*         0x08007816        0x2 
 .text.USB_DevInit
                0x08007818      0x2bc ./Drivers/STM32H7xx_HAL_Driver/Src/stm32h7xx_ll_usb.o
                0x08007818                USB_DevInit
 .text.USB_FlushTxFifo
                0x08007ad4       0x64 ./Drivers/STM32H7xx_HAL_Driver/Src/stm32h7xx_ll_usb.o
                0x08007ad4                USB_FlushTxFifo
 .text.USB_FlushRxFifo
                0x08007b38       0x5c ./Drivers/STM32H7xx_HAL_Driver/Src/stm32h7xx_ll_usb.o
                0x08007b38                USB_FlushRxFifo
 .text.USB_SetDevSpeed
                0x08007b94       0x32 ./Drivers/STM32H7xx_HAL_Driver/Src/stm32h7xx_ll_usb.o
                0x08007b94                USB_SetDevSpeed
 .text.USB_DevDisconnect
                0x08007bc6       0x42 ./Drivers/STM32H7xx_HAL_Driver/Src/stm32h7xx_ll_usb.o
                0x08007bc6                USB_DevDisconnect
 .text.USB_GetMode
                0x08007c08       0x1c ./Drivers/STM32H7xx_HAL_Driver/Src/stm32h7xx_ll_usb.o
                0x08007c08                USB_GetMode
 .text.USB_CoreReset
                0x08007c24       0x62 ./Drivers/STM32H7xx_HAL_Driver/Src/stm32h7xx_ll_usb.o
 .text.memset   0x08007c86       0x10 C:/ST/STM32CubeIDE_1.15.1/STM32CubeIDE/plugins/com.st.stm32cube.ide.mcu.externaltools.gnu-tools-for-stm32.12.3.rel1.win32_1.0.100.202403111256/tools/bin/../lib/gcc/arm-none-eabi/12.3.1/../../../../arm-none-eabi/lib/thumb/v7e-m+dp/hard\libc_nano.a(libc_a-memset.o)
                0x08007c86                memset
 *fill*         0x08007c96        0x2 
 .text.__libc_init_array
                0x08007c98       0x48 C:/ST/STM32CubeIDE_1.15.1/STM32CubeIDE/plugins/com.st.stm32cube.ide.mcu.externaltools.gnu-tools-for-stm32.12.3.rel1.win32_1.0.100.202403111256/tools/bin/../lib/gcc/arm-none-eabi/12.3.1/../../../../arm-none-eabi/lib/thumb/v7e-m+dp/hard\libc_nano.a(libc_a-init.o)
                0x08007c98                __libc_init_array
 *(.glue_7)
 .glue_7        0x08007ce0        0x0 linker stubs
 *(.glue_7t)
 .glue_7t       0x08007ce0        0x0 linker stubs
 *(.eh_frame)
 .eh_frame      0x08007ce0        0x0 C:/ST/STM32CubeIDE_1.15.1/STM32CubeIDE/plugins/com.st.stm32cube.ide.mcu.externaltools.gnu-tools-for-stm32.12.3.rel1.win32_1.0.100.202403111256/tools/bin/../lib/gcc/arm-none-eabi/12.3.1/thumb/v7e-m+dp/hard/crtbegin.o
 *(.init)
 .init          0x08007ce0        0x4 C:/ST/STM32CubeIDE_1.15.1/STM32CubeIDE/plugins/com.st.stm32cube.ide.mcu.externaltools.gnu-tools-for-stm32.12.3.rel1.win32_1.0.100.202403111256/tools/bin/../lib/gcc/arm-none-eabi/12.3.1/thumb/v7e-m+dp/hard/crti.o
                0x08007ce0                _init
 .init          0x08007ce4        0x8 C:/ST/STM32CubeIDE_1.15.1/STM32CubeIDE/plugins/com.st.stm32cube.ide.mcu.externaltools.gnu-tools-for-stm32.12.3.rel1.win32_1.0.100.202403111256/tools/bin/../lib/gcc/arm-none-eabi/12.3.1/thumb/v7e-m+dp/hard/crtn.o
 *(.fini)
 .fini          0x08007cec        0x4 C:/ST/STM32CubeIDE_1.15.1/STM32CubeIDE/plugins/com.st.stm32cube.ide.mcu.externaltools.gnu-tools-for-stm32.12.3.rel1.win32_1.0.100.202403111256/tools/bin/../lib/gcc/arm-none-eabi/12.3.1/thumb/v7e-m+dp/hard/crti.o
                0x08007cec                _fini
 .fini          0x08007cf0        0x8 C:/ST/STM32CubeIDE_1.15.1/STM32CubeIDE/plugins/com.st.stm32cube.ide.mcu.externaltools.gnu-tools-for-stm32.12.3.rel1.win32_1.0.100.202403111256/tools/bin/../lib/gcc/arm-none-eabi/12.3.1/thumb/v7e-m+dp/hard/crtn.o
                0x08007cf8                        . = ALIGN (0x4)
                0x08007cf8                        _etext = .

.vfp11_veneer   0x08007cf8        0x0
 .vfp11_veneer  0x08007cf8        0x0 linker stubs

.v4_bx          0x08007cf8        0x0
 .v4_bx         0x08007cf8        0x0 linker stubs

.iplt           0x08007cf8        0x0
 .iplt          0x08007cf8        0x0 C:/ST/STM32CubeIDE_1.15.1/STM32CubeIDE/plugins/com.st.stm32cube.ide.mcu.externaltools.gnu-tools-for-stm32.12.3.rel1.win32_1.0.100.202403111256/tools/bin/../lib/gcc/arm-none-eabi/12.3.1/thumb/v7e-m+dp/hard/crtbegin.o

.rodata         0x08007cf8       0x38
                0x08007cf8                        . = ALIGN (0x4)
 *(.rodata)
 *(.rodata*)
 .rodata.D1CorePrescTable
                0x08007cf8       0x10 ./Core/Src/system_stm32h7xx.o
                0x08007cf8                D1CorePrescTable
 .rodata.UARTPrescTable
                0x08007d08       0x18 ./Drivers/STM32H7xx_HAL_Driver/Src/stm32h7xx_hal_uart.o
                0x08007d08                UARTPrescTable
 .rodata.numerator.1
                0x08007d20        0x8 ./Drivers/STM32H7xx_HAL_Driver/Src/stm32h7xx_hal_uart_ex.o
 .rodata.denominator.0
                0x08007d28        0x8 ./Drivers/STM32H7xx_HAL_Driver/Src/stm32h7xx_hal_uart_ex.o
                0x08007d30                        . = ALIGN (0x4)

.ARM.extab
 *(.ARM.extab* .gnu.linkonce.armextab.*)

.ARM            0x08007d30        0x8
                0x08007d30                        __exidx_start = .
 *(.ARM.exidx*)
 .ARM.exidx     0x08007d30        0x8 C:/ST/STM32CubeIDE_1.15.1/STM32CubeIDE/plugins/com.st.stm32cube.ide.mcu.externaltools.gnu-tools-for-stm32.12.3.rel1.win32_1.0.100.202403111256/tools/bin/../lib/gcc/arm-none-eabi/12.3.1/thumb/v7e-m+dp/hard\libgcc.a(_udivmoddi4.o)
                0x08007d38                        __exidx_end = .

.preinit_array  0x08007d38        0x0
                0x08007d38                        PROVIDE (__preinit_array_start = .)
 *(.preinit_array*)
                0x08007d38                        PROVIDE (__preinit_array_end = .)

.init_array     0x08007d38        0x4
                0x08007d38                        PROVIDE (__init_array_start = .)
 *(SORT_BY_NAME(.init_array.*))
 *(.init_array*)
 .init_array    0x08007d38        0x4 C:/ST/STM32CubeIDE_1.15.1/STM32CubeIDE/plugins/com.st.stm32cube.ide.mcu.externaltools.gnu-tools-for-stm32.12.3.rel1.win32_1.0.100.202403111256/tools/bin/../lib/gcc/arm-none-eabi/12.3.1/thumb/v7e-m+dp/hard/crtbegin.o
                0x08007d3c                        PROVIDE (__init_array_end = .)

.fini_array     0x08007d3c        0x4
                [!provide]                        PROVIDE (__fini_array_start = .)
 *(SORT_BY_NAME(.fini_array.*))
 *(.fini_array*)
 .fini_array    0x08007d3c        0x4 C:/ST/STM32CubeIDE_1.15.1/STM32CubeIDE/plugins/com.st.stm32cube.ide.mcu.externaltools.gnu-tools-for-stm32.12.3.rel1.win32_1.0.100.202403111256/tools/bin/../lib/gcc/arm-none-eabi/12.3.1/thumb/v7e-m+dp/hard/crtbegin.o
                [!provide]                        PROVIDE (__fini_array_end = .)
                0x08007d40                        _sidata = LOADADDR (.data)

.rel.dyn        0x08007d40        0x0
 .rel.iplt      0x08007d40        0x0 C:/ST/STM32CubeIDE_1.15.1/STM32CubeIDE/plugins/com.st.stm32cube.ide.mcu.externaltools.gnu-tools-for-stm32.12.3.rel1.win32_1.0.100.202403111256/tools/bin/../lib/gcc/arm-none-eabi/12.3.1/thumb/v7e-m+dp/hard/crtbegin.o

.data           0x24000000       0x20 load address 0x08007d40
                0x24000000                        . = ALIGN (0x4)
                0x24000000                        _sdata = .
 *(.data)
 *(.data*)
 .data.message  0x24000000       0x10 ./Core/Src/main.o
                0x24000000                message
 .data.SystemCoreClock
                0x24000010        0x4 ./Core/Src/system_stm32h7xx.o
                0x24000010                SystemCoreClock
 .data.SystemD2Clock
                0x24000014        0x4 ./Core/Src/system_stm32h7xx.o
                0x24000014                SystemD2Clock
 .data.uwTickPrio
                0x24000018        0x4 ./Drivers/STM32H7xx_HAL_Driver/Src/stm32h7xx_hal.o
                0x24000018                uwTickPrio
 .data.uwTickFreq
                0x2400001c        0x1 ./Drivers/STM32H7xx_HAL_Driver/Src/stm32h7xx_hal.o
                0x2400001c                uwTickFreq
 *(.RamFunc)
 *(.RamFunc*)
                0x24000020                        . = ALIGN (0x4)
 *fill*         0x2400001d        0x3 
                0x24000020                        _edata = .

.igot.plt       0x24000020        0x0 load address 0x08007d60
 .igot.plt      0x24000020        0x0 C:/ST/STM32CubeIDE_1.15.1/STM32CubeIDE/plugins/com.st.stm32cube.ide.mcu.externaltools.gnu-tools-for-stm32.12.3.rel1.win32_1.0.100.202403111256/tools/bin/../lib/gcc/arm-none-eabi/12.3.1/thumb/v7e-m+dp/hard/crtbegin.o

.RxDecripSection
                0x24000020       0x60 load address 0x08007d60
 .RxDecripSection
                0x24000020       0x60 ./Core/Src/main.o
                0x24000020                DMARxDscrTab

.TxDecripSection
                0x24000080       0x60 load address 0x08007dc0
 .TxDecripSection
                0x24000080       0x60 ./Core/Src/main.o
                0x24000080                DMATxDscrTab
                0x240000e0                        . = ALIGN (0x4)

.bss            0x240000e0      0x71c load address 0x08007e20
                0x240000e0                        _sbss = .
                0x240000e0                        __bss_start__ = _sbss
 *(.bss)
 .bss           0x240000e0       0x1c C:/ST/STM32CubeIDE_1.15.1/STM32CubeIDE/plugins/com.st.stm32cube.ide.mcu.externaltools.gnu-tools-for-stm32.12.3.rel1.win32_1.0.100.202403111256/tools/bin/../lib/gcc/arm-none-eabi/12.3.1/thumb/v7e-m+dp/hard/crtbegin.o
 *(.bss*)
 .bss.TxConfig  0x240000fc       0x38 ./Core/Src/main.o
                0x240000fc                TxConfig
 .bss.heth      0x24000134       0xb0 ./Core/Src/main.o
                0x24000134                heth
 .bss.huart2    0x240001e4       0x94 ./Core/Src/main.o
                0x240001e4                huart2
 .bss.huart3    0x24000278       0x94 ./Core/Src/main.o
                0x24000278                huart3
 .bss.hpcd_USB_OTG_HS
                0x2400030c      0x4e4 ./Core/Src/main.o
                0x2400030c                hpcd_USB_OTG_HS
 .bss.MACAddr.0
                0x240007f0        0x6 ./Core/Src/main.o
 *fill*         0x240007f6        0x2 
 .bss.uwTick    0x240007f8        0x4 ./Drivers/STM32H7xx_HAL_Driver/Src/stm32h7xx_hal.o
                0x240007f8                uwTick
 *(COMMON)
                0x240007fc                        . = ALIGN (0x4)
                0x240007fc                        _ebss = .
                0x240007fc                        __bss_end__ = _ebss

._user_heap_stack
                0x240007fc      0x604 load address 0x08007e20
                0x24000800                        . = ALIGN (0x8)
 *fill*         0x240007fc        0x4 
                [!provide]                        PROVIDE (end = .)
                0x24000800                        PROVIDE (_end = .)
                0x24000a00                        . = (. + _Min_Heap_Size)
 *fill*         0x24000800      0x200 
                0x24000e00                        . = (. + _Min_Stack_Size)
 *fill*         0x24000a00      0x400 
                0x24000e00                        . = ALIGN (0x8)

/DISCARD/
 libc.a(*)
 libm.a(*)
 libgcc.a(*)

.ARM.attributes
                0x00000000       0x2e
 *(.ARM.attributes)
 .ARM.attributes
                0x00000000       0x20 C:/ST/STM32CubeIDE_1.15.1/STM32CubeIDE/plugins/com.st.stm32cube.ide.mcu.externaltools.gnu-tools-for-stm32.12.3.rel1.win32_1.0.100.202403111256/tools/bin/../lib/gcc/arm-none-eabi/12.3.1/thumb/v7e-m+dp/hard/crti.o
 .ARM.attributes
                0x00000020       0x32 C:/ST/STM32CubeIDE_1.15.1/STM32CubeIDE/plugins/com.st.stm32cube.ide.mcu.externaltools.gnu-tools-for-stm32.12.3.rel1.win32_1.0.100.202403111256/tools/bin/../lib/gcc/arm-none-eabi/12.3.1/thumb/v7e-m+dp/hard/crtbegin.o
 .ARM.attributes
                0x00000052       0x32 ./Core/Src/main.o
 .ARM.attributes
                0x00000084       0x32 ./Core/Src/stm32h7xx_hal_msp.o
 .ARM.attributes
                0x000000b6       0x32 ./Core/Src/stm32h7xx_it.o
 .ARM.attributes
                0x000000e8       0x32 ./Core/Src/system_stm32h7xx.o
 .ARM.attributes
                0x0000011a       0x21 ./Core/Startup/startup_stm32h723zgtx.o
 .ARM.attributes
                0x0000013b       0x32 ./Drivers/STM32H7xx_HAL_Driver/Src/stm32h7xx_hal.o
 .ARM.attributes
                0x0000016d       0x32 ./Drivers/STM32H7xx_HAL_Driver/Src/stm32h7xx_hal_cortex.o
 .ARM.attributes
                0x0000019f       0x32 ./Drivers/STM32H7xx_HAL_Driver/Src/stm32h7xx_hal_dma.o
 .ARM.attributes
                0x000001d1       0x32 ./Drivers/STM32H7xx_HAL_Driver/Src/stm32h7xx_hal_eth.o
 .ARM.attributes
                0x00000203       0x32 ./Drivers/STM32H7xx_HAL_Driver/Src/stm32h7xx_hal_gpio.o
 .ARM.attributes
                0x00000235       0x32 ./Drivers/STM32H7xx_HAL_Driver/Src/stm32h7xx_hal_pcd.o
 .ARM.attributes
                0x00000267       0x32 ./Drivers/STM32H7xx_HAL_Driver/Src/stm32h7xx_hal_pcd_ex.o
 .ARM.attributes
                0x00000299       0x32 ./Drivers/STM32H7xx_HAL_Driver/Src/stm32h7xx_hal_pwr_ex.o
 .ARM.attributes
                0x000002cb       0x32 ./Drivers/STM32H7xx_HAL_Driver/Src/stm32h7xx_hal_rcc.o
 .ARM.attributes
                0x000002fd       0x32 ./Drivers/STM32H7xx_HAL_Driver/Src/stm32h7xx_hal_rcc_ex.o
 .ARM.attributes
                0x0000032f       0x32 ./Drivers/STM32H7xx_HAL_Driver/Src/stm32h7xx_hal_uart.o
 .ARM.attributes
                0x00000361       0x32 ./Drivers/STM32H7xx_HAL_Driver/Src/stm32h7xx_hal_uart_ex.o
 .ARM.attributes
                0x00000393       0x32 ./Drivers/STM32H7xx_HAL_Driver/Src/stm32h7xx_ll_usb.o
 .ARM.attributes
                0x000003c5       0x32 C:/ST/STM32CubeIDE_1.15.1/STM32CubeIDE/plugins/com.st.stm32cube.ide.mcu.externaltools.gnu-tools-for-stm32.12.3.rel1.win32_1.0.100.202403111256/tools/bin/../lib/gcc/arm-none-eabi/12.3.1/../../../../arm-none-eabi/lib/thumb/v7e-m+dp/hard\libc_nano.a(libc_a-memset.o)
 .ARM.attributes
                0x000003f7       0x32 C:/ST/STM32CubeIDE_1.15.1/STM32CubeIDE/plugins/com.st.stm32cube.ide.mcu.externaltools.gnu-tools-for-stm32.12.3.rel1.win32_1.0.100.202403111256/tools/bin/../lib/gcc/arm-none-eabi/12.3.1/../../../../arm-none-eabi/lib/thumb/v7e-m+dp/hard\libc_nano.a(libc_a-init.o)
 .ARM.attributes
                0x00000429       0x20 C:/ST/STM32CubeIDE_1.15.1/STM32CubeIDE/plugins/com.st.stm32cube.ide.mcu.externaltools.gnu-tools-for-stm32.12.3.rel1.win32_1.0.100.202403111256/tools/bin/../lib/gcc/arm-none-eabi/12.3.1/thumb/v7e-m+dp/hard\libgcc.a(_aeabi_uldivmod.o)
 .ARM.attributes
                0x00000449       0x32 C:/ST/STM32CubeIDE_1.15.1/STM32CubeIDE/plugins/com.st.stm32cube.ide.mcu.externaltools.gnu-tools-for-stm32.12.3.rel1.win32_1.0.100.202403111256/tools/bin/../lib/gcc/arm-none-eabi/12.3.1/thumb/v7e-m+dp/hard\libgcc.a(_udivmoddi4.o)
 .ARM.attributes
                0x0000047b       0x20 C:/ST/STM32CubeIDE_1.15.1/STM32CubeIDE/plugins/com.st.stm32cube.ide.mcu.externaltools.gnu-tools-for-stm32.12.3.rel1.win32_1.0.100.202403111256/tools/bin/../lib/gcc/arm-none-eabi/12.3.1/thumb/v7e-m+dp/hard\libgcc.a(_dvmd_tls.o)
 .ARM.attributes
                0x0000049b       0x20 C:/ST/STM32CubeIDE_1.15.1/STM32CubeIDE/plugins/com.st.stm32cube.ide.mcu.externaltools.gnu-tools-for-stm32.12.3.rel1.win32_1.0.100.202403111256/tools/bin/../lib/gcc/arm-none-eabi/12.3.1/thumb/v7e-m+dp/hard/crtn.o
OUTPUT(Uart.elf elf32-littlearm)
LOAD linker stubs
LOAD C:/ST/STM32CubeIDE_1.15.1/STM32CubeIDE/plugins/com.st.stm32cube.ide.mcu.externaltools.gnu-tools-for-stm32.12.3.rel1.win32_1.0.100.202403111256/tools/bin/../lib/gcc/arm-none-eabi/12.3.1/../../../../arm-none-eabi/lib/thumb/v7e-m+dp/hard\libc.a
LOAD C:/ST/STM32CubeIDE_1.15.1/STM32CubeIDE/plugins/com.st.stm32cube.ide.mcu.externaltools.gnu-tools-for-stm32.12.3.rel1.win32_1.0.100.202403111256/tools/bin/../lib/gcc/arm-none-eabi/12.3.1/../../../../arm-none-eabi/lib/thumb/v7e-m+dp/hard\libm.a
LOAD C:/ST/STM32CubeIDE_1.15.1/STM32CubeIDE/plugins/com.st.stm32cube.ide.mcu.externaltools.gnu-tools-for-stm32.12.3.rel1.win32_1.0.100.202403111256/tools/bin/../lib/gcc/arm-none-eabi/12.3.1/thumb/v7e-m+dp/hard\libgcc.a

.debug_info     0x00000000    0x18d29
 .debug_info    0x00000000     0x2723 ./Core/Src/main.o
 .debug_info    0x00002723     0x2924 ./Core/Src/stm32h7xx_hal_msp.o
 .debug_info    0x00005047      0x830 ./Core/Src/stm32h7xx_it.o
 .debug_info    0x00005877      0xb2e ./Core/Src/system_stm32h7xx.o
 .debug_info    0x000063a5       0x30 ./Core/Startup/startup_stm32h723zgtx.o
 .debug_info    0x000063d5     0x1698 ./Drivers/STM32H7xx_HAL_Driver/Src/stm32h7xx_hal.o
 .debug_info    0x00007a6d     0x10a0 ./Drivers/STM32H7xx_HAL_Driver/Src/stm32h7xx_hal_cortex.o
 .debug_info    0x00008b0d      0xb67 ./Drivers/STM32H7xx_HAL_Driver/Src/stm32h7xx_hal_dma.o
 .debug_info    0x00009674     0x2a22 ./Drivers/STM32H7xx_HAL_Driver/Src/stm32h7xx_hal_eth.o
 .debug_info    0x0000c096      0xc5c ./Drivers/STM32H7xx_HAL_Driver/Src/stm32h7xx_hal_gpio.o
 .debug_info    0x0000ccf2     0x1561 ./Drivers/STM32H7xx_HAL_Driver/Src/stm32h7xx_hal_pcd.o
 .debug_info    0x0000e253      0x8b3 ./Drivers/STM32H7xx_HAL_Driver/Src/stm32h7xx_hal_pcd_ex.o
 .debug_info    0x0000eb06      0xdc4 ./Drivers/STM32H7xx_HAL_Driver/Src/stm32h7xx_hal_pwr_ex.o
 .debug_info    0x0000f8ca      0xd73 ./Drivers/STM32H7xx_HAL_Driver/Src/stm32h7xx_hal_rcc.o
 .debug_info    0x0001063d     0x11fc ./Drivers/STM32H7xx_HAL_Driver/Src/stm32h7xx_hal_rcc_ex.o
 .debug_info    0x00011839     0x4b13 ./Drivers/STM32H7xx_HAL_Driver/Src/stm32h7xx_hal_uart.o
 .debug_info    0x0001634c      0xfbf ./Drivers/STM32H7xx_HAL_Driver/Src/stm32h7xx_hal_uart_ex.o
 .debug_info    0x0001730b     0x1a1e ./Drivers/STM32H7xx_HAL_Driver/Src/stm32h7xx_ll_usb.o

.debug_abbrev   0x00000000     0x2b5c
 .debug_abbrev  0x00000000      0x2f1 ./Core/Src/main.o
 .debug_abbrev  0x000002f1      0x296 ./Core/Src/stm32h7xx_hal_msp.o
 .debug_abbrev  0x00000587      0x170 ./Core/Src/stm32h7xx_it.o
 .debug_abbrev  0x000006f7      0x13a ./Core/Src/system_stm32h7xx.o
 .debug_abbrev  0x00000831       0x24 ./Core/Startup/startup_stm32h723zgtx.o
 .debug_abbrev  0x00000855      0x29e ./Drivers/STM32H7xx_HAL_Driver/Src/stm32h7xx_hal.o
 .debug_abbrev  0x00000af3      0x339 ./Drivers/STM32H7xx_HAL_Driver/Src/stm32h7xx_hal_cortex.o
 .debug_abbrev  0x00000e2c      0x248 ./Drivers/STM32H7xx_HAL_Driver/Src/stm32h7xx_hal_dma.o
 .debug_abbrev  0x00001074      0x347 ./Drivers/STM32H7xx_HAL_Driver/Src/stm32h7xx_hal_eth.o
 .debug_abbrev  0x000013bb      0x1fe ./Drivers/STM32H7xx_HAL_Driver/Src/stm32h7xx_hal_gpio.o
 .debug_abbrev  0x000015b9      0x2dc ./Drivers/STM32H7xx_HAL_Driver/Src/stm32h7xx_hal_pcd.o
 .debug_abbrev  0x00001895      0x256 ./Drivers/STM32H7xx_HAL_Driver/Src/stm32h7xx_hal_pcd_ex.o
 .debug_abbrev  0x00001aeb      0x295 ./Drivers/STM32H7xx_HAL_Driver/Src/stm32h7xx_hal_pwr_ex.o
 .debug_abbrev  0x00001d80      0x2b1 ./Drivers/STM32H7xx_HAL_Driver/Src/stm32h7xx_hal_rcc.o
 .debug_abbrev  0x00002031      0x269 ./Drivers/STM32H7xx_HAL_Driver/Src/stm32h7xx_hal_rcc_ex.o
 .debug_abbrev  0x0000229a      0x33d ./Drivers/STM32H7xx_HAL_Driver/Src/stm32h7xx_hal_uart.o
 .debug_abbrev  0x000025d7      0x2d2 ./Drivers/STM32H7xx_HAL_Driver/Src/stm32h7xx_hal_uart_ex.o
 .debug_abbrev  0x000028a9      0x2b3 ./Drivers/STM32H7xx_HAL_Driver/Src/stm32h7xx_ll_usb.o

.debug_aranges  0x00000000     0x1020
 .debug_aranges
                0x00000000       0x58 ./Core/Src/main.o
 .debug_aranges
                0x00000058       0x50 ./Core/Src/stm32h7xx_hal_msp.o
 .debug_aranges
                0x000000a8       0x68 ./Core/Src/stm32h7xx_it.o
 .debug_aranges
                0x00000110       0x28 ./Core/Src/system_stm32h7xx.o
 .debug_aranges
                0x00000138       0x28 ./Core/Startup/startup_stm32h723zgtx.o
 .debug_aranges
                0x00000160      0x1c8 ./Drivers/STM32H7xx_HAL_Driver/Src/stm32h7xx_hal.o
 .debug_aranges
                0x00000328      0x130 ./Drivers/STM32H7xx_HAL_Driver/Src/stm32h7xx_hal_cortex.o
 .debug_aranges
                0x00000458       0xa0 ./Drivers/STM32H7xx_HAL_Driver/Src/stm32h7xx_hal_dma.o
 .debug_aranges
                0x000004f8      0x1d8 ./Drivers/STM32H7xx_HAL_Driver/Src/stm32h7xx_hal_eth.o
 .debug_aranges
                0x000006d0       0x58 ./Drivers/STM32H7xx_HAL_Driver/Src/stm32h7xx_hal_gpio.o
 .debug_aranges
                0x00000728      0x140 ./Drivers/STM32H7xx_HAL_Driver/Src/stm32h7xx_hal_pcd.o
 .debug_aranges
                0x00000868       0x60 ./Drivers/STM32H7xx_HAL_Driver/Src/stm32h7xx_hal_pcd_ex.o
 .debug_aranges
                0x000008c8      0x148 ./Drivers/STM32H7xx_HAL_Driver/Src/stm32h7xx_hal_pwr_ex.o
 .debug_aranges
                0x00000a10       0x88 ./Drivers/STM32H7xx_HAL_Driver/Src/stm32h7xx_hal_rcc.o
 .debug_aranges
                0x00000a98       0xf8 ./Drivers/STM32H7xx_HAL_Driver/Src/stm32h7xx_hal_rcc_ex.o
 .debug_aranges
                0x00000b90      0x248 ./Drivers/STM32H7xx_HAL_Driver/Src/stm32h7xx_hal_uart.o
 .debug_aranges
                0x00000dd8       0xa8 ./Drivers/STM32H7xx_HAL_Driver/Src/stm32h7xx_hal_uart_ex.o
 .debug_aranges
                0x00000e80      0x1a0 ./Drivers/STM32H7xx_HAL_Driver/Src/stm32h7xx_ll_usb.o

.debug_rnglists
                0x00000000      0xc7c
 .debug_rnglists
                0x00000000       0x42 ./Core/Src/main.o
 .debug_rnglists
                0x00000042       0x3b ./Core/Src/stm32h7xx_hal_msp.o
 .debug_rnglists
                0x0000007d       0x49 ./Core/Src/stm32h7xx_it.o
 .debug_rnglists
                0x000000c6       0x1b ./Core/Src/system_stm32h7xx.o
 .debug_rnglists
                0x000000e1       0x19 ./Core/Startup/startup_stm32h723zgtx.o
 .debug_rnglists
                0x000000fa      0x155 ./Drivers/STM32H7xx_HAL_Driver/Src/stm32h7xx_hal.o
 .debug_rnglists
                0x0000024f       0xe0 ./Drivers/STM32H7xx_HAL_Driver/Src/stm32h7xx_hal_cortex.o
 .debug_rnglists
                0x0000032f       0x82 ./Drivers/STM32H7xx_HAL_Driver/Src/stm32h7xx_hal_dma.o
 .debug_rnglists
                0x000003b1      0x176 ./Drivers/STM32H7xx_HAL_Driver/Src/stm32h7xx_hal_eth.o
 .debug_rnglists
                0x00000527       0x3f ./Drivers/STM32H7xx_HAL_Driver/Src/stm32h7xx_hal_gpio.o
 .debug_rnglists
                0x00000566       0xf4 ./Drivers/STM32H7xx_HAL_Driver/Src/stm32h7xx_hal_pcd.o
 .debug_rnglists
                0x0000065a       0x45 ./Drivers/STM32H7xx_HAL_Driver/Src/stm32h7xx_hal_pcd_ex.o
 .debug_rnglists
                0x0000069f       0xf5 ./Drivers/STM32H7xx_HAL_Driver/Src/stm32h7xx_hal_pwr_ex.o
 .debug_rnglists
                0x00000794       0x68 ./Drivers/STM32H7xx_HAL_Driver/Src/stm32h7xx_hal_rcc.o
 .debug_rnglists
                0x000007fc       0xc0 ./Drivers/STM32H7xx_HAL_Driver/Src/stm32h7xx_hal_rcc_ex.o
 .debug_rnglists
                0x000008bc      0x1fa ./Drivers/STM32H7xx_HAL_Driver/Src/stm32h7xx_hal_uart.o
 .debug_rnglists
                0x00000ab6       0x7f ./Drivers/STM32H7xx_HAL_Driver/Src/stm32h7xx_hal_uart_ex.o
 .debug_rnglists
                0x00000b35      0x147 ./Drivers/STM32H7xx_HAL_Driver/Src/stm32h7xx_ll_usb.o

.debug_macro    0x00000000    0x33201
 .debug_macro   0x00000000      0x30b ./Core/Src/main.o
 .debug_macro   0x0000030b      0xacc ./Core/Src/main.o
 .debug_macro   0x00000dd7      0x23e ./Core/Src/main.o
 .debug_macro   0x00001015       0x2e ./Core/Src/main.o
 .debug_macro   0x00001043       0x3b ./Core/Src/main.o
 .debug_macro   0x0000107e       0x22 ./Core/Src/main.o
 .debug_macro   0x000010a0       0x8e ./Core/Src/main.o
 .debug_macro   0x0000112e       0x51 ./Core/Src/main.o
 .debug_macro   0x0000117f      0x103 ./Core/Src/main.o
 .debug_macro   0x00001282       0x6a ./Core/Src/main.o
 .debug_macro   0x000012ec      0x1df ./Core/Src/main.o
 .debug_macro   0x000014cb       0x1c ./Core/Src/main.o
 .debug_macro   0x000014e7       0x22 ./Core/Src/main.o
 .debug_macro   0x00001509       0xfb ./Core/Src/main.o
 .debug_macro   0x00001604     0x1305 ./Core/Src/main.o
 .debug_macro   0x00002909      0x11f ./Core/Src/main.o
 .debug_macro   0x00002a28       0x27 ./Core/Src/main.o
 .debug_macro   0x00002a4f    0x2127f ./Core/Src/main.o
 .debug_macro   0x00023cce       0x6d ./Core/Src/main.o
 .debug_macro   0x00023d3b     0x3d64 ./Core/Src/main.o
 .debug_macro   0x00027a9f      0x189 ./Core/Src/main.o
 .debug_macro   0x00027c28       0x61 ./Core/Src/main.o
 .debug_macro   0x00027c89       0x29 ./Core/Src/main.o
 .debug_macro   0x00027cb2       0x43 ./Core/Src/main.o
 .debug_macro   0x00027cf5       0x34 ./Core/Src/main.o
 .debug_macro   0x00027d29       0x16 ./Core/Src/main.o
 .debug_macro   0x00027d3f       0x43 ./Core/Src/main.o
 .debug_macro   0x00027d82       0x34 ./Core/Src/main.o
 .debug_macro   0x00027db6       0x10 ./Core/Src/main.o
 .debug_macro   0x00027dc6       0x58 ./Core/Src/main.o
 .debug_macro   0x00027e1e       0x8e ./Core/Src/main.o
 .debug_macro   0x00027eac       0x1c ./Core/Src/main.o
 .debug_macro   0x00027ec8      0x177 ./Core/Src/main.o
 .debug_macro   0x0002803f      0x369 ./Core/Src/main.o
 .debug_macro   0x000283a8      0x19b ./Core/Src/main.o
 .debug_macro   0x00028543       0x5d ./Core/Src/main.o
 .debug_macro   0x000285a0     0x2462 ./Core/Src/main.o
 .debug_macro   0x0002aa02     0x1079 ./Core/Src/main.o
 .debug_macro   0x0002ba7b      0x154 ./Core/Src/main.o
 .debug_macro   0x0002bbcf      0x114 ./Core/Src/main.o
 .debug_macro   0x0002bce3      0x3fc ./Core/Src/main.o
 .debug_macro   0x0002c0df       0xac ./Core/Src/main.o
 .debug_macro   0x0002c18b      0x788 ./Core/Src/main.o
 .debug_macro   0x0002c913      0x228 ./Core/Src/main.o
 .debug_macro   0x0002cb3b       0x66 ./Core/Src/main.o
 .debug_macro   0x0002cba1      0x3a6 ./Core/Src/main.o
 .debug_macro   0x0002cf47      0xa80 ./Core/Src/main.o
 .debug_macro   0x0002d9c7      0x129 ./Core/Src/main.o
 .debug_macro   0x0002daf0      0x3f9 ./Core/Src/main.o
 .debug_macro   0x0002dee9      0x275 ./Core/Src/main.o
 .debug_macro   0x0002e15e      0x3ca ./Core/Src/main.o
 .debug_macro   0x0002e528      0x45c ./Core/Src/main.o
 .debug_macro   0x0002e984       0x3c ./Core/Src/main.o
 .debug_macro   0x0002e9c0       0x4a ./Core/Src/main.o
 .debug_macro   0x0002ea0a      0x22c ./Core/Src/main.o
 .debug_macro   0x0002ec36       0x67 ./Core/Src/main.o
 .debug_macro   0x0002ec9d       0xa5 ./Core/Src/main.o
 .debug_macro   0x0002ed42      0x1c4 ./Core/Src/main.o
 .debug_macro   0x0002ef06      0x22a ./Core/Src/main.o
 .debug_macro   0x0002f130       0x35 ./Core/Src/main.o
 .debug_macro   0x0002f165      0x693 ./Core/Src/main.o
 .debug_macro   0x0002f7f8       0xa6 ./Core/Src/main.o
 .debug_macro   0x0002f89e      0x293 ./Core/Src/main.o
 .debug_macro   0x0002fb31       0x90 ./Core/Src/main.o
 .debug_macro   0x0002fbc1      0x5e6 ./Core/Src/main.o
 .debug_macro   0x000301a7      0x130 ./Core/Src/main.o
 .debug_macro   0x000302d7       0x16 ./Core/Src/main.o
 .debug_macro   0x000302ed       0x35 ./Core/Src/main.o
 .debug_macro   0x00030322       0x20 ./Core/Src/main.o
 .debug_macro   0x00030342      0x2db ./Core/Src/stm32h7xx_hal_msp.o
 .debug_macro   0x0003061d      0x2e5 ./Core/Src/stm32h7xx_it.o
 .debug_macro   0x00030902      0x2cc ./Core/Src/system_stm32h7xx.o
 .debug_macro   0x00030bce      0x2f6 ./Drivers/STM32H7xx_HAL_Driver/Src/stm32h7xx_hal.o
 .debug_macro   0x00030ec4      0x2cc ./Drivers/STM32H7xx_HAL_Driver/Src/stm32h7xx_hal_cortex.o
 .debug_macro   0x00031190      0x320 ./Drivers/STM32H7xx_HAL_Driver/Src/stm32h7xx_hal_dma.o
 .debug_macro   0x000314b0      0x360 ./Drivers/STM32H7xx_HAL_Driver/Src/stm32h7xx_hal_eth.o
 .debug_macro   0x00031810      0x2d3 ./Drivers/STM32H7xx_HAL_Driver/Src/stm32h7xx_hal_gpio.o
 .debug_macro   0x00031ae3      0x2d8 ./Drivers/STM32H7xx_HAL_Driver/Src/stm32h7xx_hal_pcd.o
 .debug_macro   0x00031dbb      0x2cc ./Drivers/STM32H7xx_HAL_Driver/Src/stm32h7xx_hal_pcd_ex.o
 .debug_macro   0x00032087      0x305 ./Drivers/STM32H7xx_HAL_Driver/Src/stm32h7xx_hal_pwr_ex.o
 .debug_macro   0x0003238c      0x2f0 ./Drivers/STM32H7xx_HAL_Driver/Src/stm32h7xx_hal_rcc.o
 .debug_macro   0x0003267c      0x2ea ./Drivers/STM32H7xx_HAL_Driver/Src/stm32h7xx_hal_rcc_ex.o
 .debug_macro   0x00032966      0x2f7 ./Drivers/STM32H7xx_HAL_Driver/Src/stm32h7xx_hal_uart.o
 .debug_macro   0x00032c5d      0x2d8 ./Drivers/STM32H7xx_HAL_Driver/Src/stm32h7xx_hal_uart_ex.o
 .debug_macro   0x00032f35      0x2cc ./Drivers/STM32H7xx_HAL_Driver/Src/stm32h7xx_ll_usb.o

.debug_line     0x00000000    0x16e05
 .debug_line    0x00000000      0xba5 ./Core/Src/main.o
 .debug_line    0x00000ba5      0xad6 ./Core/Src/stm32h7xx_hal_msp.o
 .debug_line    0x0000167b      0xa06 ./Core/Src/stm32h7xx_it.o
 .debug_line    0x00002081      0xadc ./Core/Src/system_stm32h7xx.o
 .debug_line    0x00002b5d       0x7a ./Core/Startup/startup_stm32h723zgtx.o
 .debug_line    0x00002bd7      0xf6d ./Drivers/STM32H7xx_HAL_Driver/Src/stm32h7xx_hal.o
 .debug_line    0x00003b44      0xf0b ./Drivers/STM32H7xx_HAL_Driver/Src/stm32h7xx_hal_cortex.o
 .debug_line    0x00004a4f     0x2842 ./Drivers/STM32H7xx_HAL_Driver/Src/stm32h7xx_hal_dma.o
 .debug_line    0x00007291     0x1c75 ./Drivers/STM32H7xx_HAL_Driver/Src/stm32h7xx_hal_eth.o
 .debug_line    0x00008f06      0xda0 ./Drivers/STM32H7xx_HAL_Driver/Src/stm32h7xx_hal_gpio.o
 .debug_line    0x00009ca6     0x16f7 ./Drivers/STM32H7xx_HAL_Driver/Src/stm32h7xx_hal_pcd.o
 .debug_line    0x0000b39d      0xb39 ./Drivers/STM32H7xx_HAL_Driver/Src/stm32h7xx_hal_pcd_ex.o
 .debug_line    0x0000bed6      0xf5a ./Drivers/STM32H7xx_HAL_Driver/Src/stm32h7xx_hal_pwr_ex.o
 .debug_line    0x0000ce30     0x1403 ./Drivers/STM32H7xx_HAL_Driver/Src/stm32h7xx_hal_rcc.o
 .debug_line    0x0000e233     0x1cd2 ./Drivers/STM32H7xx_HAL_Driver/Src/stm32h7xx_hal_rcc_ex.o
 .debug_line    0x0000ff05     0x3fc9 ./Drivers/STM32H7xx_HAL_Driver/Src/stm32h7xx_hal_uart.o
 .debug_line    0x00013ece      0xf7a ./Drivers/STM32H7xx_HAL_Driver/Src/stm32h7xx_hal_uart_ex.o
 .debug_line    0x00014e48     0x1fbd ./Drivers/STM32H7xx_HAL_Driver/Src/stm32h7xx_ll_usb.o

.debug_str      0x00000000   0x147f12
 .debug_str     0x00000000   0x14205f ./Core/Src/main.o
                             0x1425e1 (size before relaxing)
 .debug_str     0x0014205f      0xb5f ./Core/Src/stm32h7xx_hal_msp.o
                             0x142ced (size before relaxing)
 .debug_str     0x00142bbe       0xef ./Core/Src/stm32h7xx_it.o
                             0x141231 (size before relaxing)
 .debug_str     0x00142cad      0x29a ./Core/Src/system_stm32h7xx.o
                             0x140ba2 (size before relaxing)
 .debug_str     0x00142f47       0x44 ./Core/Startup/startup_stm32h723zgtx.o
                                 0x7d (size before relaxing)
 .debug_str     0x00142f8b      0x999 ./Drivers/STM32H7xx_HAL_Driver/Src/stm32h7xx_hal.o
                             0x141c2c (size before relaxing)
 .debug_str     0x00143924      0x364 ./Drivers/STM32H7xx_HAL_Driver/Src/stm32h7xx_hal_cortex.o
                             0x141546 (size before relaxing)
 .debug_str     0x00143c88      0x8eb ./Drivers/STM32H7xx_HAL_Driver/Src/stm32h7xx_hal_dma.o
                             0x141357 (size before relaxing)
 .debug_str     0x00144573     0x1036 ./Drivers/STM32H7xx_HAL_Driver/Src/stm32h7xx_hal_eth.o
                             0x1424bb (size before relaxing)
 .debug_str     0x001455a9       0xec ./Drivers/STM32H7xx_HAL_Driver/Src/stm32h7xx_hal_gpio.o
                             0x140bed (size before relaxing)
 .debug_str     0x00145695      0x805 ./Drivers/STM32H7xx_HAL_Driver/Src/stm32h7xx_hal_pcd.o
                             0x14139f (size before relaxing)
 .debug_str     0x00145e9a      0x174 ./Drivers/STM32H7xx_HAL_Driver/Src/stm32h7xx_hal_pcd_ex.o
                             0x140d3d (size before relaxing)
 .debug_str     0x0014600e      0x5c4 ./Drivers/STM32H7xx_HAL_Driver/Src/stm32h7xx_hal_pwr_ex.o
                             0x140ff5 (size before relaxing)
 .debug_str     0x001465d2      0x21a ./Drivers/STM32H7xx_HAL_Driver/Src/stm32h7xx_hal_rcc.o
                             0x140f70 (size before relaxing)
 .debug_str     0x001467ec      0x64b ./Drivers/STM32H7xx_HAL_Driver/Src/stm32h7xx_hal_rcc_ex.o
                             0x141488 (size before relaxing)
 .debug_str     0x00146e37      0x9cf ./Drivers/STM32H7xx_HAL_Driver/Src/stm32h7xx_hal_uart.o
                             0x141b10 (size before relaxing)
 .debug_str     0x00147806      0x261 ./Drivers/STM32H7xx_HAL_Driver/Src/stm32h7xx_hal_uart_ex.o
                             0x1410d0 (size before relaxing)
 .debug_str     0x00147a67      0x4ab ./Drivers/STM32H7xx_HAL_Driver/Src/stm32h7xx_ll_usb.o
                             0x141299 (size before relaxing)

.comment        0x00000000       0x43
 .comment       0x00000000       0x43 ./Core/Src/main.o
                                 0x44 (size before relaxing)
 .comment       0x00000043       0x44 ./Core/Src/stm32h7xx_hal_msp.o
 .comment       0x00000043       0x44 ./Core/Src/stm32h7xx_it.o
 .comment       0x00000043       0x44 ./Core/Src/system_stm32h7xx.o
 .comment       0x00000043       0x44 ./Drivers/STM32H7xx_HAL_Driver/Src/stm32h7xx_hal.o
 .comment       0x00000043       0x44 ./Drivers/STM32H7xx_HAL_Driver/Src/stm32h7xx_hal_cortex.o
 .comment       0x00000043       0x44 ./Drivers/STM32H7xx_HAL_Driver/Src/stm32h7xx_hal_dma.o
 .comment       0x00000043       0x44 ./Drivers/STM32H7xx_HAL_Driver/Src/stm32h7xx_hal_eth.o
 .comment       0x00000043       0x44 ./Drivers/STM32H7xx_HAL_Driver/Src/stm32h7xx_hal_gpio.o
 .comment       0x00000043       0x44 ./Drivers/STM32H7xx_HAL_Driver/Src/stm32h7xx_hal_pcd.o
 .comment       0x00000043       0x44 ./Drivers/STM32H7xx_HAL_Driver/Src/stm32h7xx_hal_pcd_ex.o
 .comment       0x00000043       0x44 ./Drivers/STM32H7xx_HAL_Driver/Src/stm32h7xx_hal_pwr_ex.o
 .comment       0x00000043       0x44 ./Drivers/STM32H7xx_HAL_Driver/Src/stm32h7xx_hal_rcc.o
 .comment       0x00000043       0x44 ./Drivers/STM32H7xx_HAL_Driver/Src/stm32h7xx_hal_rcc_ex.o
 .comment       0x00000043       0x44 ./Drivers/STM32H7xx_HAL_Driver/Src/stm32h7xx_hal_uart.o
 .comment       0x00000043       0x44 ./Drivers/STM32H7xx_HAL_Driver/Src/stm32h7xx_hal_uart_ex.o
 .comment       0x00000043       0x44 ./Drivers/STM32H7xx_HAL_Driver/Src/stm32h7xx_ll_usb.o

.debug_frame    0x00000000     0x449c
 .debug_frame   0x00000000       0xfc ./Core/Src/main.o
 .debug_frame   0x000000fc      0x118 ./Core/Src/stm32h7xx_hal_msp.o
 .debug_frame   0x00000214      0x120 ./Core/Src/stm32h7xx_it.o
 .debug_frame   0x00000334       0x58 ./Core/Src/system_stm32h7xx.o
 .debug_frame   0x0000038c      0x760 ./Drivers/STM32H7xx_HAL_Driver/Src/stm32h7xx_hal.o
 .debug_frame   0x00000aec      0x508 ./Drivers/STM32H7xx_HAL_Driver/Src/stm32h7xx_hal_cortex.o
 .debug_frame   0x00000ff4      0x2b4 ./Drivers/STM32H7xx_HAL_Driver/Src/stm32h7xx_hal_dma.o
 .debug_frame   0x000012a8      0x894 ./Drivers/STM32H7xx_HAL_Driver/Src/stm32h7xx_hal_eth.o
 .debug_frame   0x00001b3c      0x14c ./Drivers/STM32H7xx_HAL_Driver/Src/stm32h7xx_hal_gpio.o
 .debug_frame   0x00001c88      0x590 ./Drivers/STM32H7xx_HAL_Driver/Src/stm32h7xx_hal_pcd.o
 .debug_frame   0x00002218      0x174 ./Drivers/STM32H7xx_HAL_Driver/Src/stm32h7xx_hal_pcd_ex.o
 .debug_frame   0x0000238c      0x540 ./Drivers/STM32H7xx_HAL_Driver/Src/stm32h7xx_hal_pwr_ex.o
 .debug_frame   0x000028cc      0x1fc ./Drivers/STM32H7xx_HAL_Driver/Src/stm32h7xx_hal_rcc.o
 .debug_frame   0x00002ac8      0x414 ./Drivers/STM32H7xx_HAL_Driver/Src/stm32h7xx_hal_rcc_ex.o
 .debug_frame   0x00002edc      0xa94 ./Drivers/STM32H7xx_HAL_Driver/Src/stm32h7xx_hal_uart.o
 .debug_frame   0x00003970      0x2c0 ./Drivers/STM32H7xx_HAL_Driver/Src/stm32h7xx_hal_uart_ex.o
 .debug_frame   0x00003c30      0x7c0 ./Drivers/STM32H7xx_HAL_Driver/Src/stm32h7xx_ll_usb.o
 .debug_frame   0x000043f0       0x20 C:/ST/STM32CubeIDE_1.15.1/STM32CubeIDE/plugins/com.st.stm32cube.ide.mcu.externaltools.gnu-tools-for-stm32.12.3.rel1.win32_1.0.100.202403111256/tools/bin/../lib/gcc/arm-none-eabi/12.3.1/../../../../arm-none-eabi/lib/thumb/v7e-m+dp/hard\libc_nano.a(libc_a-memset.o)
 .debug_frame   0x00004410       0x2c C:/ST/STM32CubeIDE_1.15.1/STM32CubeIDE/plugins/com.st.stm32cube.ide.mcu.externaltools.gnu-tools-for-stm32.12.3.rel1.win32_1.0.100.202403111256/tools/bin/../lib/gcc/arm-none-eabi/12.3.1/../../../../arm-none-eabi/lib/thumb/v7e-m+dp/hard\libc_nano.a(libc_a-init.o)
 .debug_frame   0x0000443c       0x2c C:/ST/STM32CubeIDE_1.15.1/STM32CubeIDE/plugins/com.st.stm32cube.ide.mcu.externaltools.gnu-tools-for-stm32.12.3.rel1.win32_1.0.100.202403111256/tools/bin/../lib/gcc/arm-none-eabi/12.3.1/thumb/v7e-m+dp/hard\libgcc.a(_aeabi_uldivmod.o)
 .debug_frame   0x00004468       0x34 C:/ST/STM32CubeIDE_1.15.1/STM32CubeIDE/plugins/com.st.stm32cube.ide.mcu.externaltools.gnu-tools-for-stm32.12.3.rel1.win32_1.0.100.202403111256/tools/bin/../lib/gcc/arm-none-eabi/12.3.1/thumb/v7e-m+dp/hard\libgcc.a(_udivmoddi4.o)

.debug_line_str
                0x00000000       0x61
 .debug_line_str
                0x00000000       0x61 ./Core/Startup/startup_stm32h723zgtx.o
