Archive member included to satisfy reference by file (symbol)

C:/ST/STM32CubeIDE_1.15.1/STM32CubeIDE/plugins/com.st.stm32cube.ide.mcu.externaltools.gnu-tools-for-stm32.12.3.rel1.win32_1.0.100.202403111256/tools/bin/../lib/gcc/arm-none-eabi/12.3.1/../../../../arm-none-eabi/lib/thumb/v7e-m+dp/hard\libc_nano.a(libc_a-exit.o)
                              C:/ST/STM32CubeIDE_1.15.1/STM32CubeIDE/plugins/com.st.stm32cube.ide.mcu.externaltools.gnu-tools-for-stm32.12.3.rel1.win32_1.0.100.202403111256/tools/bin/../lib/gcc/arm-none-eabi/12.3.1/../../../../arm-none-eabi/lib/thumb/v7e-m+dp/hard/crt0.o (exit)
C:/ST/STM32CubeIDE_1.15.1/STM32CubeIDE/plugins/com.st.stm32cube.ide.mcu.externaltools.gnu-tools-for-stm32.12.3.rel1.win32_1.0.100.202403111256/tools/bin/../lib/gcc/arm-none-eabi/12.3.1/../../../../arm-none-eabi/lib/thumb/v7e-m+dp/hard\libc_nano.a(libc_a-findfp.o)
                              C:/ST/STM32CubeIDE_1.15.1/STM32CubeIDE/plugins/com.st.stm32cube.ide.mcu.externaltools.gnu-tools-for-stm32.12.3.rel1.win32_1.0.100.202403111256/tools/bin/../lib/gcc/arm-none-eabi/12.3.1/../../../../arm-none-eabi/lib/thumb/v7e-m+dp/hard\libc_nano.a(libc_a-exit.o) (__stdio_exit_handler)
C:/ST/STM32CubeIDE_1.15.1/STM32CubeIDE/plugins/com.st.stm32cube.ide.mcu.externaltools.gnu-tools-for-stm32.12.3.rel1.win32_1.0.100.202403111256/tools/bin/../lib/gcc/arm-none-eabi/12.3.1/../../../../arm-none-eabi/lib/thumb/v7e-m+dp/hard\libc_nano.a(libc_a-fwalk.o)
                              C:/ST/STM32CubeIDE_1.15.1/STM32CubeIDE/plugins/com.st.stm32cube.ide.mcu.externaltools.gnu-tools-for-stm32.12.3.rel1.win32_1.0.100.202403111256/tools/bin/../lib/gcc/arm-none-eabi/12.3.1/../../../../arm-none-eabi/lib/thumb/v7e-m+dp/hard\libc_nano.a(libc_a-findfp.o) (_fwalk_sglue)
C:/ST/STM32CubeIDE_1.15.1/STM32CubeIDE/plugins/com.st.stm32cube.ide.mcu.externaltools.gnu-tools-for-stm32.12.3.rel1.win32_1.0.100.202403111256/tools/bin/../lib/gcc/arm-none-eabi/12.3.1/../../../../arm-none-eabi/lib/thumb/v7e-m+dp/hard\libc_nano.a(libc_a-stdio.o)
                              C:/ST/STM32CubeIDE_1.15.1/STM32CubeIDE/plugins/com.st.stm32cube.ide.mcu.externaltools.gnu-tools-for-stm32.12.3.rel1.win32_1.0.100.202403111256/tools/bin/../lib/gcc/arm-none-eabi/12.3.1/../../../../arm-none-eabi/lib/thumb/v7e-m+dp/hard\libc_nano.a(libc_a-findfp.o) (__sread)
C:/ST/STM32CubeIDE_1.15.1/STM32CubeIDE/plugins/com.st.stm32cube.ide.mcu.externaltools.gnu-tools-for-stm32.12.3.rel1.win32_1.0.100.202403111256/tools/bin/../lib/gcc/arm-none-eabi/12.3.1/../../../../arm-none-eabi/lib/thumb/v7e-m+dp/hard\libc_nano.a(libc_a-memset.o)
                              C:/ST/STM32CubeIDE_1.15.1/STM32CubeIDE/plugins/com.st.stm32cube.ide.mcu.externaltools.gnu-tools-for-stm32.12.3.rel1.win32_1.0.100.202403111256/tools/bin/../lib/gcc/arm-none-eabi/12.3.1/../../../../arm-none-eabi/lib/thumb/v7e-m+dp/hard/crt0.o (memset)
C:/ST/STM32CubeIDE_1.15.1/STM32CubeIDE/plugins/com.st.stm32cube.ide.mcu.externaltools.gnu-tools-for-stm32.12.3.rel1.win32_1.0.100.202403111256/tools/bin/../lib/gcc/arm-none-eabi/12.3.1/../../../../arm-none-eabi/lib/thumb/v7e-m+dp/hard\libc_nano.a(libc_a-closer.o)
                              C:/ST/STM32CubeIDE_1.15.1/STM32CubeIDE/plugins/com.st.stm32cube.ide.mcu.externaltools.gnu-tools-for-stm32.12.3.rel1.win32_1.0.100.202403111256/tools/bin/../lib/gcc/arm-none-eabi/12.3.1/../../../../arm-none-eabi/lib/thumb/v7e-m+dp/hard\libc_nano.a(libc_a-stdio.o) (_close_r)
C:/ST/STM32CubeIDE_1.15.1/STM32CubeIDE/plugins/com.st.stm32cube.ide.mcu.externaltools.gnu-tools-for-stm32.12.3.rel1.win32_1.0.100.202403111256/tools/bin/../lib/gcc/arm-none-eabi/12.3.1/../../../../arm-none-eabi/lib/thumb/v7e-m+dp/hard\libc_nano.a(libc_a-reent.o)
                              C:/ST/STM32CubeIDE_1.15.1/STM32CubeIDE/plugins/com.st.stm32cube.ide.mcu.externaltools.gnu-tools-for-stm32.12.3.rel1.win32_1.0.100.202403111256/tools/bin/../lib/gcc/arm-none-eabi/12.3.1/../../../../arm-none-eabi/lib/thumb/v7e-m+dp/hard\libc_nano.a(libc_a-closer.o) (errno)
C:/ST/STM32CubeIDE_1.15.1/STM32CubeIDE/plugins/com.st.stm32cube.ide.mcu.externaltools.gnu-tools-for-stm32.12.3.rel1.win32_1.0.100.202403111256/tools/bin/../lib/gcc/arm-none-eabi/12.3.1/../../../../arm-none-eabi/lib/thumb/v7e-m+dp/hard\libc_nano.a(libc_a-impure.o)
                              C:/ST/STM32CubeIDE_1.15.1/STM32CubeIDE/plugins/com.st.stm32cube.ide.mcu.externaltools.gnu-tools-for-stm32.12.3.rel1.win32_1.0.100.202403111256/tools/bin/../lib/gcc/arm-none-eabi/12.3.1/../../../../arm-none-eabi/lib/thumb/v7e-m+dp/hard\libc_nano.a(libc_a-reent.o) (_impure_ptr)
C:/ST/STM32CubeIDE_1.15.1/STM32CubeIDE/plugins/com.st.stm32cube.ide.mcu.externaltools.gnu-tools-for-stm32.12.3.rel1.win32_1.0.100.202403111256/tools/bin/../lib/gcc/arm-none-eabi/12.3.1/../../../../arm-none-eabi/lib/thumb/v7e-m+dp/hard\libc_nano.a(libc_a-lseekr.o)
[...]
Memory Configuration

Name             Origin             Length             Attributes
ITCMRAM          0x00000000         0x00010000         xrw
DTCMRAM          0x20000000         0x00020000         xrw
FLASH            0x08000000         0x00100000         xr
RAM_D1           0x24000000         0x00050000         xrw
RAM_D2           0x30000000         0x00008000         xrw
RAM_D3           0x38000000         0x00004000         xrw
*default*        0x00000000         0xffffffff

Linker script and memory map

LOAD C:/ST/STM32CubeIDE_1.15.1/STM32CubeIDE/plugins/com.st.stm32cube.ide.mcu.externaltools.gnu-tools-for-stm32.12.3.rel1.win32_1.0.100.202403111256/tools/bin/../lib/gcc/arm-none-eabi/12.3.1/thumb/v7e-m+dp/hard/crti.o
LOAD C:/ST/STM32CubeIDE_1.15.1/STM32CubeIDE/plugins/com.st.stm32cube.ide.mcu.externaltools.gnu-tools-for-stm32.12.3.rel1.win32_1.0.100.202403111256/tools/bin/../lib/gcc/arm-none-eabi/12.3.1/thumb/v7e-m+dp/hard/crtbegin.o
LOAD C:/ST/STM32CubeIDE_1.15.1/STM32CubeIDE/plugins/com.st.stm32cube.ide.mcu.externaltools.gnu-tools-for-stm32.12.3.rel1.win32_1.0.100.202403111256/tools/bin/../lib/gcc/arm-none-eabi/12.3.1/../../../../arm-none-eabi/lib/thumb/v7e-m+dp/hard/crt0.o
LOAD ./Core/Src/main.o
LOAD ./Core/Src/stm32h7xx_hal_msp.o
LOAD ./Core/Src/stm32h7xx_it.o
LOAD ./Core/Src/syscalls.o
LOAD ./Core/Src/sysmem.o
LOAD ./Core/Src/system_stm32h7xx.o
LOAD ./Core/Startup/startup_stm32h723zgtx.o
LOAD ./Drivers/STM32H7xx_HAL_Driver/Src/stm32h7xx_hal.o
LOAD ./Drivers/STM32H7xx_HAL_Driver/Src/stm32h7xx_hal_cortex.o
LOAD ./Drivers/STM32H7xx_HAL_Driver/Src/stm32h7xx_hal_dma.o
LOAD ./Drivers/STM32H7xx_HAL_Driver/Src/stm32h7xx_hal_dma_ex.o
LOAD ./Drivers/STM32H7xx_HAL_Driver/Src/stm32h7xx_hal_eth.o
LOAD ./Drivers/STM32H7xx_HAL_Driver/Src/stm32h7xx_hal_eth_ex.o
LOAD ./Drivers/STM32H7xx_HAL_Driver/Src/stm32h7xx_hal_exti.o
LOAD ./Drivers/STM32H7xx_HAL_Driver/Src/stm32h7xx_hal_flash.o
LOAD ./Drivers/STM32H7xx_HAL_Driver/Src/stm32h7xx_hal_flash_ex.o
LOAD ./Drivers/STM32H7xx_HAL_Driver/Src/stm32h7xx_hal_gpio.o
LOAD ./Drivers/STM32H7xx_HAL_Driver/Src/stm32h7xx_hal_hsem.o
LOAD ./Drivers/STM32H7xx_HAL_Driver/Src/stm32h7xx_hal_i2c.o
LOAD ./Drivers/STM32H7xx_HAL_Driver/Src/stm32h7xx_hal_i2c_ex.o
LOAD ./Drivers/STM32H7xx_HAL_Driver/Src/stm32h7xx_hal_mdma.o
LOAD ./Drivers/STM32H7xx_HAL_Driver/Src/stm32h7xx_hal_pwr.o
LOAD ./Drivers/STM32H7xx_HAL_Driver/Src/stm32h7xx_hal_pwr_ex.o
LOAD ./Drivers/STM32H7xx_HAL_Driver/Src/stm32h7xx_hal_rcc.o
LOAD ./Drivers/STM32H7xx_HAL_Driver/Src/stm32h7xx_hal_rcc_ex.o
LOAD ./Drivers/STM32H7xx_HAL_Driver/Src/stm32h7xx_hal_tim.o
LOAD ./Drivers/STM32H7xx_HAL_Driver/Src/stm32h7xx_hal_tim_ex.o
LOAD ./Drivers/STM32H7xx_HAL_Driver/Src/stm32h7xx_hal_uart.o
LOAD ./Drivers/STM32H7xx_HAL_Driver/Src/stm32h7xx_hal_uart_ex.o
START GROUP
LOAD C:/ST/STM32CubeIDE_1.15.1/STM32CubeIDE/plugins/com.st.stm32cube.ide.mcu.externaltools.gnu-tools-for-stm32.12.3.rel1.win32_1.0.100.202403111256/tools/bin/../lib/gcc/arm-none-eabi/12.3.1/../../../../arm-none-eabi/lib/thumb/v7e-m+dp/hard\libc_nano.a
LOAD C:/ST/STM32CubeIDE_1.15.1/STM32CubeIDE/plugins/com.st.stm32cube.ide.mcu.externaltools.gnu-tools-for-stm32.12.3.rel1.win32_1.0.100.202403111256/tools/bin/../lib/gcc/arm-none-eabi/12.3.1/../../../../arm-none-eabi/lib/thumb/v7e-m+dp/hard\libm.a
END GROUP
START GROUP
LOAD C:/ST/STM32CubeIDE_1.15.1/STM32CubeIDE/plugins/com.st.stm32cube.ide.mcu.externaltools.gnu-tools-for-stm32.12.3.rel1.win32_1.0.100.202403111256/tools/bin/../lib/gcc/arm-none-eabi/12.3.1/thumb/v7e-m+dp/hard\libgcc.a
LOAD C:/ST/STM32CubeIDE_1.15.1/STM32CubeIDE/plugins/com.st.stm32cube.ide.mcu.externaltools.gnu-tools-for-stm32.12.3.rel1.win32_1.0.100.202403111256/tools/bin/../lib/gcc/arm-none-eabi/12.3.1/../../../../arm-none-eabi/lib/thumb/v7e-m+dp/hard\libc_nano.a
END GROUP
START GROUP
LOAD C:/ST/STM32CubeIDE_1.15.1/STM32CubeIDE/plugins/com.st.stm32cube.ide.mcu.externaltools.gnu-tools-for-stm32.12.3.rel1.win32_1.0.100.202403111256/tools/bin/../lib/gcc/arm-none-eabi/12.3.1/thumb/v7e-m+dp/hard\libgcc.a
LOAD C:/ST/STM32CubeIDE_1.15.1/STM32CubeIDE/plugins/com.st.stm32cube.ide.mcu.externaltools.gnu-tools-for-stm32.12.3.rel1.win32_1.0.100.202403111256/tools/bin/../lib/gcc/arm-none-eabi/12.3.1/../../../../arm-none-eabi/lib/thumb/v7e-m+dp/hard\libc_nano.a
LOAD C:/ST/STM32CubeIDE_1.15.1/STM32CubeIDE/plugins/com.st.stm32cube.ide.mcu.externaltools.gnu-tools-for-stm32.12.3.rel1.win32_1.0.100.202403111256/tools/bin/../lib/gcc/arm-none-eabi/12.3.1/../../../../arm-none-eabi/lib/thumb/v7e-m+dp/hard\libnosys.a
END GROUP
START GROUP
LOAD C:/ST/STM32CubeIDE_1.15.1/STM32CubeIDE/plugins/com.st.stm32cube.ide.mcu.externaltools.gnu-tools-for-stm32.12.3.rel1.win32_1.0.100.202403111256/tools/bin/../lib/gcc/arm-none-eabi/12.3.1/thumb/v7e-m+dp/hard\libgcc.a
LOAD C:/ST/STM32CubeIDE_1.15.1/STM32CubeIDE/plugins/com.st.stm32cube.ide.mcu.externaltools.gnu-tools-for-stm32.12.3.rel1.win32_1.0.100.202403111256/tools/bin/../lib/gcc/arm-none-eabi/12.3.1/../../../../arm-none-eabi/lib/thumb/v7e-m+dp/hard\libc_nano.a
LOAD C:/ST/STM32CubeIDE_1.15.1/STM32CubeIDE/plugins/com.st.stm32cube.ide.mcu.externaltools.gnu-tools-for-stm32.12.3.rel1.win32_1.0.100.202403111256/tools/bin/../lib/gcc/arm-none-eabi/12.3.1/../../../../arm-none-eabi/lib/thumb/v7e-m+dp/hard\libnosys.a
END GROUP
LOAD C:/ST/STM32CubeIDE_1.15.1/STM32CubeIDE/plugins/com.st.stm32cube.ide.mcu.externaltools.gnu-tools-for-stm32.12.3.rel1.win32_1.0.100.202403111256/tools/bin/../lib/gcc/arm-none-eabi/12.3.1/thumb/v7e-m+dp/hard/crtend.o
LOAD C:/ST/STM32CubeIDE_1.15.1/STM32CubeIDE/plugins/com.st.stm32cube.ide.mcu.externaltools.gnu-tools-for-stm32.12.3.rel1.win32_1.0.100.202403111256/tools/bin/../lib/gcc/arm-none-eabi/12.3.1/thumb/v7e-m+dp/hard/crtn.o
                0x24050000                        _estack = (ORIGIN (RAM_D1) + LENGTH (RAM_D1))
                0x00000200                        _Min_Heap_Size = 0x200
                0x00000400                        _Min_Stack_Size = 0x400

.isr_vector     0x08000000      0x2cc
                0x08000000                        . = ALIGN (0x4)
 *(.isr_vector)
 .isr_vector    0x08000000      0x2cc ./Core/Startup/startup_stm32h723zgtx.o
                0x08000000                g_pfnVectors
                0x080002cc                        . = ALIGN (0x4)

.text           0x080002cc     0x5e6c
                0x080002cc                        . = ALIGN (0x4)
 *(.text)
 .text          0x080002cc       0x40 C:/ST/STM32CubeIDE_1.15.1/STM32CubeIDE/plugins/com.st.stm32cube.ide.mcu.externaltools.gnu-tools-for-stm32.12.3.rel1.win32_1.0.100.202403111256/tools/bin/../lib/gcc/arm-none-eabi/12.3.1/thumb/v7e-m+dp/hard/crtbegin.o
 .text          0x0800030c       0x10 C:/ST/STM32CubeIDE_1.15.1/STM32CubeIDE/plugins/com.st.stm32cube.ide.mcu.externaltools.gnu-tools-for-stm32.12.3.rel1.win32_1.0.100.202403111256/tools/bin/../lib/gcc/arm-none-eabi/12.3.1/../../../../arm-none-eabi/lib/thumb/v7e-m+dp/hard\libc_nano.a(libc_a-strlen.o)
                0x0800030c                strlen
 .text          0x0800031c       0x30 C:/ST/STM32CubeIDE_1.15.1/STM32CubeIDE/plugins/com.st.stm32cube.ide.mcu.externaltools.gnu-tools-for-stm32.12.3.rel1.win32_1.0.100.202403111256/tools/bin/../lib/gcc/arm-none-eabi/12.3.1/thumb/v7e-m+dp/hard\libgcc.a(_aeabi_uldivmod.o)
                0x0800031c                __aeabi_uldivmod
 .text          0x0800034c      0x2bc C:/ST/STM32CubeIDE_1.15.1/STM32CubeIDE/plugins/com.st.stm32cube.ide.mcu.externaltools.gnu-tools-for-stm32.12.3.rel1.win32_1.0.100.202403111256/tools/bin/../lib/gcc/arm-none-eabi/12.3.1/thumb/v7e-m+dp/hard\libgcc.a(_udivmoddi4.o)
                0x0800034c                __udivmoddi4
 .text          0x08000608        0x4 C:/ST/STM32CubeIDE_1.15.1/STM32CubeIDE/plugins/com.st.stm32cube.ide.mcu.externaltools.gnu-tools-for-stm32.12.3.rel1.win32_1.0.100.202403111256/tools/bin/../lib/gcc/arm-none-eabi/12.3.1/thumb/v7e-m+dp/hard\libgcc.a(_dvmd_tls.o)
                0x08000608                __aeabi_idiv0
                0x08000608                __aeabi_ldiv0
 *(.text*)
 .text.main     0x0800060c       0x60 ./Core/Src/main.o
                0x0800060c                main
 .text.SystemClock_Config
                0x0800066c       0xe0 ./Core/Src/main.o
                0x0800066c                SystemClock_Config
 .text.MX_ETH_Init
                0x0800074c       0x98 ./Core/Src/main.o
 .text.MX_UART4_Init
                0x080007e4       0x98 ./Core/Src/main.o
 .text.MX_UART5_Init
                0x0800087c       0x98 ./Core/Src/main.o
 .text.MX_USART3_UART_Init
                0x08000914       0x98 ./Core/Src/main.o
 .text.MX_USB_OTG_HS_USB_Init
                0x080009ac        0xe ./Core/Src/main.o
 *fill*         0x080009ba        0x2 
 .text.MX_GPIO_Init
                0x080009bc      0x1f8 ./Core/Src/main.o
 .text.Error_Handler
                0x08000bb4        0xc ./Core/Src/main.o
                0x08000bb4                Error_Handler
 .text.HAL_MspInit
                0x08000bc0       0x34 ./Core/Src/stm32h7xx_hal_msp.o
                0x08000bc0                HAL_MspInit
 .text.HAL_ETH_MspInit
                0x08000bf4      0x19c ./Core/Src/stm32h7xx_hal_msp.o
                0x08000bf4                HAL_ETH_MspInit
 .text.HAL_UART_MspInit
                0x08000d90      0x2ac ./Core/Src/stm32h7xx_hal_msp.o
                0x08000d90                HAL_UART_MspInit
 .text.NMI_Handler
                0x0800103c        0x8 ./Core/Src/stm32h7xx_it.o
                0x0800103c                NMI_Handler
 .text.HardFault_Handler
                0x08001044        0x8 ./Core/Src/stm32h7xx_it.o
                0x08001044                HardFault_Handler
 .text.MemManage_Handler
                0x0800104c        0x8 ./Core/Src/stm32h7xx_it.o
                0x0800104c                MemManage_Handler
 .text.BusFault_Handler
                0x08001054        0x8 ./Core/Src/stm32h7xx_it.o
                0x08001054                BusFault_Handler
 .text.UsageFault_Handler
                0x0800105c        0x8 ./Core/Src/stm32h7xx_it.o
                0x0800105c                UsageFault_Handler
 .text.SVC_Handler
                0x08001064        0xe ./Core/Src/stm32h7xx_it.o
                0x08001064                SVC_Handler
 .text.DebugMon_Handler
                0x08001072        0xe ./Core/Src/stm32h7xx_it.o
                0x08001072                DebugMon_Handler
 .text.PendSV_Handler
                0x08001080        0xe ./Core/Src/stm32h7xx_it.o
                0x08001080                PendSV_Handler
 .text.SysTick_Handler
                0x0800108e        0xc ./Core/Src/stm32h7xx_it.o
                0x0800108e                SysTick_Handler
 *fill*         0x0800109a        0x2 
 .text.SystemInit
                0x0800109c       0xf0 ./Core/Src/system_stm32h7xx.o
                0x0800109c                SystemInit
 .text.Reset_Handler
                0x0800118c       0x50 ./Core/Startup/startup_stm32h723zgtx.o
                0x0800118c                Reset_Handler
 .text.Default_Handler
                0x080011dc        0x2 ./Core/Startup/startup_stm32h723zgtx.o
                0x080011dc                RTC_Alarm_IRQHandler
                0x080011dc                EXTI2_IRQHandler
                0x080011dc                TIM8_CC_IRQHandler
                0x080011dc                UART8_IRQHandler
                0x080011dc                SPI4_IRQHandler
                0x080011dc                FDCAN3_IT0_IRQHandler
                0x080011dc                TIM1_CC_IRQHandler
                0x080011dc                BDMA_Channel6_IRQHandler
                0x080011dc                DMA2_Stream5_IRQHandler
                0x080011dc                DMA1_Stream5_IRQHandler
                0x080011dc                CORDIC_IRQHandler
                0x080011dc                BDMA_Channel1_IRQHandler
                0x080011dc                TAMP_STAMP_IRQHandler
                0x080011dc                EXTI3_IRQHandler
                0x080011dc                LPTIM4_IRQHandler
                0x080011dc                TIM8_TRG_COM_TIM14_IRQHandler
                0x080011dc                LPTIM2_IRQHandler
                0x080011dc                DFSDM1_FLT1_IRQHandler
                0x080011dc                DMAMUX2_OVR_IRQHandler
                0x080011dc                TIM8_UP_TIM13_IRQHandler
                0x080011dc                I2C3_ER_IRQHandler
                0x080011dc                DFSDM1_FLT2_IRQHandler
                0x080011dc                I2C5_EV_IRQHandler
                0x080011dc                USART10_IRQHandler
                0x080011dc                MDMA_IRQHandler
                0x080011dc                LPTIM3_IRQHandler
                0x080011dc                HSEM1_IRQHandler
                0x080011dc                EXTI0_IRQHandler
                0x080011dc                I2C2_EV_IRQHandler
                0x080011dc                DMA1_Stream2_IRQHandler
                0x080011dc                FPU_IRQHandler
                0x080011dc                OTG_HS_WKUP_IRQHandler
                0x080011dc                FDCAN1_IT1_IRQHandler
                0x080011dc                LTDC_ER_IRQHandler
                0x080011dc                DMA2_Stream2_IRQHandler
                0x080011dc                SPI1_IRQHandler
                0x080011dc                OCTOSPI1_IRQHandler
                0x080011dc                TIM6_DAC_IRQHandler
                0x080011dc                DMA2_Stream3_IRQHandler
                0x080011dc                OCTOSPI2_IRQHandler
                0x080011dc                DFSDM1_FLT3_IRQHandler
                0x080011dc                TIM23_IRQHandler
                0x080011dc                USART6_IRQHandler
                0x080011dc                TIM17_IRQHandler
                0x080011dc                USART3_IRQHandler
                0x080011dc                BDMA_Channel7_IRQHandler
                0x080011dc                LPTIM5_IRQHandler
                0x080011dc                UART5_IRQHandler
                0x080011dc                ADC3_IRQHandler
                0x080011dc                DMA2_Stream0_IRQHandler
                0x080011dc                TIM4_IRQHandler
                0x080011dc                BDMA_Channel2_IRQHandler
                0x080011dc                I2C1_EV_IRQHandler
                0x080011dc                DMA1_Stream6_IRQHandler
                0x080011dc                DMAMUX1_OVR_IRQHandler
                0x080011dc                DMA1_Stream1_IRQHandler
                0x080011dc                TIM16_IRQHandler
                0x080011dc                UART4_IRQHandler
                0x080011dc                BDMA_Channel5_IRQHandler
                0x080011dc                TIM3_IRQHandler
                0x080011dc                RCC_IRQHandler
                0x080011dc                UART9_IRQHandler
                0x080011dc                TIM8_BRK_TIM12_IRQHandler
                0x080011dc                TIM1_TRG_COM_IRQHandler
                0x080011dc                Default_Handler
                0x080011dc                ECC_IRQHandler
                0x080011dc                FMAC_IRQHandler
                0x080011dc                CEC_IRQHandler
                0x080011dc                EXTI15_10_IRQHandler
                0x080011dc                BDMA_Channel0_IRQHandler
                0x080011dc                ADC_IRQHandler
                0x080011dc                I2C5_ER_IRQHandler
                0x080011dc                DMA1_Stream7_IRQHandler
                0x080011dc                SPI5_IRQHandler
                0x080011dc                TIM7_IRQHandler
                0x080011dc                FDCAN3_IT1_IRQHandler
                0x080011dc                SDMMC1_IRQHandler
                0x080011dc                TIM5_IRQHandler
                0x080011dc                DMA2_Stream7_IRQHandler
                0x080011dc                TIM15_IRQHandler
                0x080011dc                PVD_AVD_IRQHandler
                0x080011dc                I2C3_EV_IRQHandler
                0x080011dc                EXTI9_5_IRQHandler
                0x080011dc                RTC_WKUP_IRQHandler
                0x080011dc                LTDC_IRQHandler
                0x080011dc                ETH_WKUP_IRQHandler
                0x080011dc                SPDIF_RX_IRQHandler
                0x080011dc                SPI2_IRQHandler
                0x080011dc                OTG_HS_EP1_IN_IRQHandler
                0x080011dc                DMA1_Stream0_IRQHandler
                0x080011dc                TIM24_IRQHandler
                0x080011dc                CRS_IRQHandler
                0x080011dc                EXTI4_IRQHandler
                0x080011dc                RNG_IRQHandler
                0x080011dc                FDCAN2_IT1_IRQHandler
                0x080011dc                ETH_IRQHandler
                0x080011dc                TIM1_UP_IRQHandler
                0x080011dc                BDMA_Channel4_IRQHandler
                0x080011dc                OTG_HS_EP1_OUT_IRQHandler
                0x080011dc                WWDG_IRQHandler
                0x080011dc                SPI6_IRQHandler
                0x080011dc                MDIOS_IRQHandler
                0x080011dc                I2C4_EV_IRQHandler
                0x080011dc                FDCAN2_IT0_IRQHandler
                0x080011dc                LPUART1_IRQHandler
                0x080011dc                FDCAN1_IT0_IRQHandler
                0x080011dc                TIM2_IRQHandler
                0x080011dc                OTG_HS_IRQHandler
                0x080011dc                DMA2D_IRQHandler
                0x080011dc                TIM1_BRK_IRQHandler
                0x080011dc                EXTI1_IRQHandler
                0x080011dc                SDMMC2_IRQHandler
                0x080011dc                BDMA_Channel3_IRQHandler
                0x080011dc                DTS_IRQHandler
                0x080011dc                UART7_IRQHandler
                0x080011dc                MDIOS_WKUP_IRQHandler
                0x080011dc                USART2_IRQHandler
                0x080011dc                DFSDM1_FLT0_IRQHandler
                0x080011dc                SAI4_IRQHandler
                0x080011dc                I2C2_ER_IRQHandler
                0x080011dc                DMA2_Stream1_IRQHandler
                0x080011dc                FLASH_IRQHandler
                0x080011dc                DMA2_Stream4_IRQHandler
                0x080011dc                USART1_IRQHandler
                0x080011dc                SPI3_IRQHandler
                0x080011dc                WAKEUP_PIN_IRQHandler
                0x080011dc                DMA1_Stream4_IRQHandler
                0x080011dc                I2C1_ER_IRQHandler
                0x080011dc                FMC_IRQHandler
                0x080011dc                FDCAN_CAL_IRQHandler
                0x080011dc                SWPMI1_IRQHandler
                0x080011dc                COMP1_IRQHandler
                0x080011dc                LPTIM1_IRQHandler
                0x080011dc                DCMI_PSSI_IRQHandler
                0x080011dc                I2C4_ER_IRQHandler
                0x080011dc                DMA2_Stream6_IRQHandler
                0x080011dc                SAI1_IRQHandler
                0x080011dc                DMA1_Stream3_IRQHandler
 *fill*         0x080011de        0x2 
 .text.HAL_Init
                0x080011e0       0x78 ./Drivers/STM32H7xx_HAL_Driver/Src/stm32h7xx_hal.o
                0x080011e0                HAL_Init
 .text.HAL_InitTick
                0x08001258       0x6c ./Drivers/STM32H7xx_HAL_Driver/Src/stm32h7xx_hal.o
                0x08001258                HAL_InitTick
 .text.HAL_IncTick
                0x080012c4       0x28 ./Drivers/STM32H7xx_HAL_Driver/Src/stm32h7xx_hal.o
                0x080012c4                HAL_IncTick
 .text.HAL_GetTick
                0x080012ec       0x18 ./Drivers/STM32H7xx_HAL_Driver/Src/stm32h7xx_hal.o
                0x080012ec                HAL_GetTick
 .text.HAL_Delay
                0x08001304       0x48 ./Drivers/STM32H7xx_HAL_Driver/Src/stm32h7xx_hal.o
                0x08001304                HAL_Delay
 .text.HAL_SYSCFG_ETHInterfaceSelect
                0x0800134c       0x28 ./Drivers/STM32H7xx_HAL_Driver/Src/stm32h7xx_hal.o
                0x0800134c                HAL_SYSCFG_ETHInterfaceSelect
 .text.__NVIC_SetPriorityGrouping
                0x08001374       0x48 ./Drivers/STM32H7xx_HAL_Driver/Src/stm32h7xx_hal_cortex.o
 .text.__NVIC_GetPriorityGrouping
                0x080013bc       0x1c ./Drivers/STM32H7xx_HAL_Driver/Src/stm32h7xx_hal_cortex.o
 .text.__NVIC_SetPriority
                0x080013d8       0x54 ./Drivers/STM32H7xx_HAL_Driver/Src/stm32h7xx_hal_cortex.o
 .text.NVIC_EncodePriority
                0x0800142c       0x66 ./Drivers/STM32H7xx_HAL_Driver/Src/stm32h7xx_hal_cortex.o
 *fill*         0x08001492        0x2 
 .text.SysTick_Config
                0x08001494       0x44 ./Drivers/STM32H7xx_HAL_Driver/Src/stm32h7xx_hal_cortex.o
 .text.HAL_NVIC_SetPriorityGrouping
                0x080014d8       0x16 ./Drivers/STM32H7xx_HAL_Driver/Src/stm32h7xx_hal_cortex.o
                0x080014d8                HAL_NVIC_SetPriorityGrouping
 .text.HAL_NVIC_SetPriority
                0x080014ee       0x34 ./Drivers/STM32H7xx_HAL_Driver/Src/stm32h7xx_hal_cortex.o
                0x080014ee                HAL_NVIC_SetPriority
 .text.HAL_SYSTICK_Config
                0x08001522       0x18 ./Drivers/STM32H7xx_HAL_Driver/Src/stm32h7xx_hal_cortex.o
                0x08001522                HAL_SYSTICK_Config
 *fill*         0x0800153a        0x2 
 .text.HAL_ETH_Init
                0x0800153c      0x1fc ./Drivers/STM32H7xx_HAL_Driver/Src/stm32h7xx_hal_eth.o
                0x0800153c                HAL_ETH_Init
 .text.HAL_ETH_SetMDIOClockRange
                0x08001738       0xa0 ./Drivers/STM32H7xx_HAL_Driver/Src/stm32h7xx_hal_eth.o
                0x08001738                HAL_ETH_SetMDIOClockRange
 .text.ETH_SetMACConfig
                0x080017d8      0x238 ./Drivers/STM32H7xx_HAL_Driver/Src/stm32h7xx_hal_eth.o
 .text.ETH_SetDMAConfig
                0x08001a10      0x10c ./Drivers/STM32H7xx_HAL_Driver/Src/stm32h7xx_hal_eth.o
 .text.ETH_MACDMAConfig
                0x08001b1c      0x13a ./Drivers/STM32H7xx_HAL_Driver/Src/stm32h7xx_hal_eth.o
 .text.ETH_DMATxDescListInit
                0x08001c56       0x92 ./Drivers/STM32H7xx_HAL_Driver/Src/stm32h7xx_hal_eth.o
 .text.ETH_DMARxDescListInit
                0x08001ce8       0xba ./Drivers/STM32H7xx_HAL_Driver/Src/stm32h7xx_hal_eth.o
 *fill*         0x08001da2        0x2 
 .text.HAL_GPIO_Init
                0x08001da4      0x350 ./Drivers/STM32H7xx_HAL_Driver/Src/stm32h7xx_hal_gpio.o
                0x08001da4                HAL_GPIO_Init
 .text.HAL_GPIO_WritePin
                0x080020f4       0x32 ./Drivers/STM32H7xx_HAL_Driver/Src/stm32h7xx_hal_gpio.o
                0x080020f4                HAL_GPIO_WritePin
 *fill*         0x08002126        0x2 
 .text.HAL_PWREx_ConfigSupply
                0x08002128       0x74 ./Drivers/STM32H7xx_HAL_Driver/Src/stm32h7xx_hal_pwr_ex.o
                0x08002128                HAL_PWREx_ConfigSupply
 .text.HAL_RCC_OscConfig
                0x0800219c      0x7b4 ./Drivers/STM32H7xx_HAL_Driver/Src/stm32h7xx_hal_rcc.o
                0x0800219c                HAL_RCC_OscConfig
 .text.HAL_RCC_ClockConfig
                0x08002950      0x36c ./Drivers/STM32H7xx_HAL_Driver/Src/stm32h7xx_hal_rcc.o
                0x08002950                HAL_RCC_ClockConfig
 .text.HAL_RCC_GetSysClockFreq
                0x08002cbc      0x2f4 ./Drivers/STM32H7xx_HAL_Driver/Src/stm32h7xx_hal_rcc.o
                0x08002cbc                HAL_RCC_GetSysClockFreq
 .text.HAL_RCC_GetHCLKFreq
                0x08002fb0       0x60 ./Drivers/STM32H7xx_HAL_Driver/Src/stm32h7xx_hal_rcc.o
                0x08002fb0                HAL_RCC_GetHCLKFreq
 .text.HAL_RCC_GetPCLK1Freq
                0x08003010       0x2c ./Drivers/STM32H7xx_HAL_Driver/Src/stm32h7xx_hal_rcc.o
                0x08003010                HAL_RCC_GetPCLK1Freq
 .text.HAL_RCC_GetPCLK2Freq
                0x0800303c       0x2c ./Drivers/STM32H7xx_HAL_Driver/Src/stm32h7xx_hal_rcc.o
                0x0800303c                HAL_RCC_GetPCLK2Freq
 .text.HAL_RCCEx_PeriphCLKConfig
                0x08003068     0x1340 ./Drivers/STM32H7xx_HAL_Driver/Src/stm32h7xx_hal_rcc_ex.o
                0x08003068                HAL_RCCEx_PeriphCLKConfig
 .text.HAL_RCCEx_GetD3PCLK1Freq
                0x080043a8       0x2c ./Drivers/STM32H7xx_HAL_Driver/Src/stm32h7xx_hal_rcc_ex.o
                0x080043a8                HAL_RCCEx_GetD3PCLK1Freq
 .text.HAL_RCCEx_GetPLL2ClockFreq
                0x080043d4      0x2a8 ./Drivers/STM32H7xx_HAL_Driver/Src/stm32h7xx_hal_rcc_ex.o
                0x080043d4                HAL_RCCEx_GetPLL2ClockFreq
 .text.HAL_RCCEx_GetPLL3ClockFreq
                0x0800467c      0x2a8 ./Drivers/STM32H7xx_HAL_Driver/Src/stm32h7xx_hal_rcc_ex.o
                0x0800467c                HAL_RCCEx_GetPLL3ClockFreq
 .text.RCCEx_PLL2_Config
                0x08004924      0x164 ./Drivers/STM32H7xx_HAL_Driver/Src/stm32h7xx_hal_rcc_ex.o
 .text.RCCEx_PLL3_Config
                0x08004a88      0x164 ./Drivers/STM32H7xx_HAL_Driver/Src/stm32h7xx_hal_rcc_ex.o
 .text.HAL_UART_Init
                0x08004bec       0xa0 ./Drivers/STM32H7xx_HAL_Driver/Src/stm32h7xx_hal_uart.o
                0x08004bec                HAL_UART_Init
 .text.HAL_UART_Transmit
                0x08004c8c      0x11c ./Drivers/STM32H7xx_HAL_Driver/Src/stm32h7xx_hal_uart.o
                0x08004c8c                HAL_UART_Transmit
 .text.UART_SetConfig
                0x08004da8      0xcd8 ./Drivers/STM32H7xx_HAL_Driver/Src/stm32h7xx_hal_uart.o
                0x08004da8                UART_SetConfig
 .text.UART_AdvFeatureConfig
                0x08005a80      0x144 ./Drivers/STM32H7xx_HAL_Driver/Src/stm32h7xx_hal_uart.o
                0x08005a80                UART_AdvFeatureConfig
 .text.UART_CheckIdleState
                0x08005bc4      0x154 ./Drivers/STM32H7xx_HAL_Driver/Src/stm32h7xx_hal_uart.o
                0x08005bc4                UART_CheckIdleState
 .text.UART_WaitOnFlagUntilTimeout
                0x08005d18       0xda ./Drivers/STM32H7xx_HAL_Driver/Src/stm32h7xx_hal_uart.o
                0x08005d18                UART_WaitOnFlagUntilTimeout
 *fill*         0x08005df2        0x2 
 .text.UART_EndRxTransfer
                0x08005df4       0xcc ./Drivers/STM32H7xx_HAL_Driver/Src/stm32h7xx_hal_uart.o
 .text.HAL_UARTEx_DisableFifoMode
                0x08005ec0       0x72 ./Drivers/STM32H7xx_HAL_Driver/Src/stm32h7xx_hal_uart_ex.o
                0x08005ec0                HAL_UARTEx_DisableFifoMode
 .text.HAL_UARTEx_SetTxFifoThreshold
                0x08005f32       0x7c ./Drivers/STM32H7xx_HAL_Driver/Src/stm32h7xx_hal_uart_ex.o
                0x08005f32                HAL_UARTEx_SetTxFifoThreshold
 .text.HAL_UARTEx_SetRxFifoThreshold
                0x08005fae       0x7c ./Drivers/STM32H7xx_HAL_Driver/Src/stm32h7xx_hal_uart_ex.o
                0x08005fae                HAL_UARTEx_SetRxFifoThreshold
 *fill*         0x0800602a        0x2 
 .text.UARTEx_SetNbDataToProcess
                0x0800602c       0x9c ./Drivers/STM32H7xx_HAL_Driver/Src/stm32h7xx_hal_uart_ex.o
 .text.memset   0x080060c8       0x10 C:/ST/STM32CubeIDE_1.15.1/STM32CubeIDE/plugins/com.st.stm32cube.ide.mcu.externaltools.gnu-tools-for-stm32.12.3.rel1.win32_1.0.100.202403111256/tools/bin/../lib/gcc/arm-none-eabi/12.3.1/../../../../arm-none-eabi/lib/thumb/v7e-m+dp/hard\libc_nano.a(libc_a-memset.o)
                0x080060c8                memset
 .text.__libc_init_array
                0x080060d8       0x48 C:/ST/STM32CubeIDE_1.15.1/STM32CubeIDE/plugins/com.st.stm32cube.ide.mcu.externaltools.gnu-tools-for-stm32.12.3.rel1.win32_1.0.100.202403111256/tools/bin/../lib/gcc/arm-none-eabi/12.3.1/../../../../arm-none-eabi/lib/thumb/v7e-m+dp/hard\libc_nano.a(libc_a-init.o)
                0x080060d8                __libc_init_array
 *(.glue_7)
 .glue_7        0x08006120        0x0 linker stubs
 *(.glue_7t)
 .glue_7t       0x08006120        0x0 linker stubs
 *(.eh_frame)
 .eh_frame      0x08006120        0x0 C:/ST/STM32CubeIDE_1.15.1/STM32CubeIDE/plugins/com.st.stm32cube.ide.mcu.externaltools.gnu-tools-for-stm32.12.3.rel1.win32_1.0.100.202403111256/tools/bin/../lib/gcc/arm-none-eabi/12.3.1/thumb/v7e-m+dp/hard/crtbegin.o
 *(.init)
 .init          0x08006120        0x4 C:/ST/STM32CubeIDE_1.15.1/STM32CubeIDE/plugins/com.st.stm32cube.ide.mcu.externaltools.gnu-tools-for-stm32.12.3.rel1.win32_1.0.100.202403111256/tools/bin/../lib/gcc/arm-none-eabi/12.3.1/thumb/v7e-m+dp/hard/crti.o
                0x08006120                _init
 .init          0x08006124        0x8 C:/ST/STM32CubeIDE_1.15.1/STM32CubeIDE/plugins/com.st.stm32cube.ide.mcu.externaltools.gnu-tools-for-stm32.12.3.rel1.win32_1.0.100.202403111256/tools/bin/../lib/gcc/arm-none-eabi/12.3.1/thumb/v7e-m+dp/hard/crtn.o
 *(.fini)
 .fini          0x0800612c        0x4 C:/ST/STM32CubeIDE_1.15.1/STM32CubeIDE/plugins/com.st.stm32cube.ide.mcu.externaltools.gnu-tools-for-stm32.12.3.rel1.win32_1.0.100.202403111256/tools/bin/../lib/gcc/arm-none-eabi/12.3.1/thumb/v7e-m+dp/hard/crti.o
                0x0800612c                _fini
 .fini          0x08006130        0x8 C:/ST/STM32CubeIDE_1.15.1/STM32CubeIDE/plugins/com.st.stm32cube.ide.mcu.externaltools.gnu-tools-for-stm32.12.3.rel1.win32_1.0.100.202403111256/tools/bin/../lib/gcc/arm-none-eabi/12.3.1/thumb/v7e-m+dp/hard/crtn.o
                0x08006138                        . = ALIGN (0x4)
                0x08006138                        _etext = .

.vfp11_veneer   0x08006138        0x0
 .vfp11_veneer  0x08006138        0x0 linker stubs

.v4_bx          0x08006138        0x0
 .v4_bx         0x08006138        0x0 linker stubs

.iplt           0x08006138        0x0
 .iplt          0x08006138        0x0 C:/ST/STM32CubeIDE_1.15.1/STM32CubeIDE/plugins/com.st.stm32cube.ide.mcu.externaltools.gnu-tools-for-stm32.12.3.rel1.win32_1.0.100.202403111256/tools/bin/../lib/gcc/arm-none-eabi/12.3.1/thumb/v7e-m+dp/hard/crtbegin.o

.rodata         0x08006138       0x48
                0x08006138                        . = ALIGN (0x4)
 *(.rodata)
 .rodata        0x08006138       0x10 ./Core/Src/main.o
 *(.rodata*)
 .rodata.D1CorePrescTable
                0x08006148       0x10 ./Core/Src/system_stm32h7xx.o
                0x08006148                D1CorePrescTable
 .rodata.UARTPrescTable
                0x08006158       0x18 ./Drivers/STM32H7xx_HAL_Driver/Src/stm32h7xx_hal_uart.o
                0x08006158                UARTPrescTable
 .rodata.numerator.1
                0x08006170        0x8 ./Drivers/STM32H7xx_HAL_Driver/Src/stm32h7xx_hal_uart_ex.o
 .rodata.denominator.0
                0x08006178        0x8 ./Drivers/STM32H7xx_HAL_Driver/Src/stm32h7xx_hal_uart_ex.o
                0x08006180                        . = ALIGN (0x4)

.ARM.extab
 *(.ARM.extab* .gnu.linkonce.armextab.*)

.ARM            0x08006180        0x8
                0x08006180                        __exidx_start = .
 *(.ARM.exidx*)
 .ARM.exidx     0x08006180        0x8 C:/ST/STM32CubeIDE_1.15.1/STM32CubeIDE/plugins/com.st.stm32cube.ide.mcu.externaltools.gnu-tools-for-stm32.12.3.rel1.win32_1.0.100.202403111256/tools/bin/../lib/gcc/arm-none-eabi/12.3.1/../../../../arm-none-eabi/lib/thumb/v7e-m+dp/hard\libc_nano.a(libc_a-strlen.o)
 .ARM.exidx     0x08006188        0x0 C:/ST/STM32CubeIDE_1.15.1/STM32CubeIDE/plugins/com.st.stm32cube.ide.mcu.externaltools.gnu-tools-for-stm32.12.3.rel1.win32_1.0.100.202403111256/tools/bin/../lib/gcc/arm-none-eabi/12.3.1/thumb/v7e-m+dp/hard\libgcc.a(_udivmoddi4.o)
                                  0x8 (size before relaxing)
                0x08006188                        __exidx_end = .

.preinit_array  0x08006188        0x0
                0x08006188                        PROVIDE (__preinit_array_start = .)
 *(.preinit_array*)
                0x08006188                        PROVIDE (__preinit_array_end = .)

.init_array     0x08006188        0x4
                0x08006188                        PROVIDE (__init_array_start = .)
 *(SORT_BY_NAME(.init_array.*))
 *(.init_array*)
 .init_array    0x08006188        0x4 C:/ST/STM32CubeIDE_1.15.1/STM32CubeIDE/plugins/com.st.stm32cube.ide.mcu.externaltools.gnu-tools-for-stm32.12.3.rel1.win32_1.0.100.202403111256/tools/bin/../lib/gcc/arm-none-eabi/12.3.1/thumb/v7e-m+dp/hard/crtbegin.o
                0x0800618c                        PROVIDE (__init_array_end = .)

.fini_array     0x0800618c        0x4
                [!provide]                        PROVIDE (__fini_array_start = .)
 *(SORT_BY_NAME(.fini_array.*))
 *(.fini_array*)
 .fini_array    0x0800618c        0x4 C:/ST/STM32CubeIDE_1.15.1/STM32CubeIDE/plugins/com.st.stm32cube.ide.mcu.externaltools.gnu-tools-for-stm32.12.3.rel1.win32_1.0.100.202403111256/tools/bin/../lib/gcc/arm-none-eabi/12.3.1/thumb/v7e-m+dp/hard/crtbegin.o
                [!provide]                        PROVIDE (__fini_array_end = .)
                0x08006190                        _sidata = LOADADDR (.data)

.rel.dyn        0x08006190        0x0
 .rel.iplt      0x08006190        0x0 C:/ST/STM32CubeIDE_1.15.1/STM32CubeIDE/plugins/com.st.stm32cube.ide.mcu.externaltools.gnu-tools-for-stm32.12.3.rel1.win32_1.0.100.202403111256/tools/bin/../lib/gcc/arm-none-eabi/12.3.1/thumb/v7e-m+dp/hard/crtbegin.o

.data           0x24000000       0x14 load address 0x08006190
                0x24000000                        . = ALIGN (0x4)
                0x24000000                        _sdata = .
 *(.data)
 *(.data*)
 .data.message  0x24000000        0x4 ./Core/Src/main.o
                0x24000000                message
 .data.SystemCoreClock
                0x24000004        0x4 ./Core/Src/system_stm32h7xx.o
                0x24000004                SystemCoreClock
 .data.SystemD2Clock
                0x24000008        0x4 ./Core/Src/system_stm32h7xx.o
                0x24000008                SystemD2Clock
 .data.uwTickPrio
                0x2400000c        0x4 ./Drivers/STM32H7xx_HAL_Driver/Src/stm32h7xx_hal.o
                0x2400000c                uwTickPrio
 .data.uwTickFreq
                0x24000010        0x1 ./Drivers/STM32H7xx_HAL_Driver/Src/stm32h7xx_hal.o
                0x24000010                uwTickFreq
 *(.RamFunc)
 *(.RamFunc*)
                0x24000014                        . = ALIGN (0x4)
 *fill*         0x24000011        0x3 
                0x24000014                        _edata = .

.igot.plt       0x24000014        0x0 load address 0x080061a4
 .igot.plt      0x24000014        0x0 C:/ST/STM32CubeIDE_1.15.1/STM32CubeIDE/plugins/com.st.stm32cube.ide.mcu.externaltools.gnu-tools-for-stm32.12.3.rel1.win32_1.0.100.202403111256/tools/bin/../lib/gcc/arm-none-eabi/12.3.1/thumb/v7e-m+dp/hard/crtbegin.o

.RxDecripSection
                0x24000014       0x60 load address 0x080061a4
 .RxDecripSection
                0x24000014       0x60 ./Core/Src/main.o
                0x24000014                DMARxDscrTab

.TxDecripSection
                0x24000074       0x60 load address 0x08006204
 .TxDecripSection
                0x24000074       0x60 ./Core/Src/main.o
                0x24000074                DMATxDscrTab
                0x240000d4                        . = ALIGN (0x4)

.bss            0x240000d4      0x2cc load address 0x08006264
                0x240000d4                        _sbss = .
                0x240000d4                        __bss_start__ = _sbss
 *(.bss)
 .bss           0x240000d4       0x1c C:/ST/STM32CubeIDE_1.15.1/STM32CubeIDE/plugins/com.st.stm32cube.ide.mcu.externaltools.gnu-tools-for-stm32.12.3.rel1.win32_1.0.100.202403111256/tools/bin/../lib/gcc/arm-none-eabi/12.3.1/thumb/v7e-m+dp/hard/crtbegin.o
 *(.bss*)
 .bss.TxConfig  0x240000f0       0x38 ./Core/Src/main.o
                0x240000f0                TxConfig
 .bss.heth      0x24000128       0xb0 ./Core/Src/main.o
                0x24000128                heth
 .bss.huart4    0x240001d8       0x94 ./Core/Src/main.o
                0x240001d8                huart4
 .bss.huart5    0x2400026c       0x94 ./Core/Src/main.o
                0x2400026c                huart5
 .bss.huart3    0x24000300       0x94 ./Core/Src/main.o
                0x24000300                huart3
 .bss.MACAddr.0
                0x24000394        0x6 ./Core/Src/main.o
 *fill*         0x2400039a        0x2 
 .bss.uwTick    0x2400039c        0x4 ./Drivers/STM32H7xx_HAL_Driver/Src/stm32h7xx_hal.o
                0x2400039c                uwTick
 *(COMMON)
                0x240003a0                        . = ALIGN (0x4)
                0x240003a0                        _ebss = .
                0x240003a0                        __bss_end__ = _ebss

._user_heap_stack
                0x240003a0      0x600 load address 0x08006264
                0x240003a0                        . = ALIGN (0x8)
                [!provide]                        PROVIDE (end = .)
                0x240003a0                        PROVIDE (_end = .)
                0x240005a0                        . = (. + _Min_Heap_Size)
 *fill*         0x240003a0      0x200 
                0x240009a0                        . = (. + _Min_Stack_Size)
 *fill*         0x240005a0      0x400 
                0x240009a0                        . = ALIGN (0x8)

/DISCARD/
 libc.a(*)
 libm.a(*)
 libgcc.a(*)

.ARM.attributes
                0x00000000       0x2e
 *(.ARM.attributes)
 .ARM.attributes
                0x00000000       0x20 C:/ST/STM32CubeIDE_1.15.1/STM32CubeIDE/plugins/com.st.stm32cube.ide.mcu.externaltools.gnu-tools-for-stm32.12.3.rel1.win32_1.0.100.202403111256/tools/bin/../lib/gcc/arm-none-eabi/12.3.1/thumb/v7e-m+dp/hard/crti.o
 .ARM.attributes
                0x00000020       0x32 C:/ST/STM32CubeIDE_1.15.1/STM32CubeIDE/plugins/com.st.stm32cube.ide.mcu.externaltools.gnu-tools-for-stm32.12.3.rel1.win32_1.0.100.202403111256/tools/bin/../lib/gcc/arm-none-eabi/12.3.1/thumb/v7e-m+dp/hard/crtbegin.o
 .ARM.attributes
                0x00000052       0x32 ./Core/Src/main.o
 .ARM.attributes
                0x00000084       0x32 ./Core/Src/stm32h7xx_hal_msp.o
 .ARM.attributes
                0x000000b6       0x32 ./Core/Src/stm32h7xx_it.o
 .ARM.attributes
                0x000000e8       0x32 ./Core/Src/system_stm32h7xx.o
 .ARM.attributes
                0x0000011a       0x21 ./Core/Startup/startup_stm32h723zgtx.o
 .ARM.attributes
                0x0000013b       0x32 ./Drivers/STM32H7xx_HAL_Driver/Src/stm32h7xx_hal.o
 .ARM.attributes
                0x0000016d       0x32 ./Drivers/STM32H7xx_HAL_Driver/Src/stm32h7xx_hal_cortex.o
 .ARM.attributes
                0x0000019f       0x32 ./Drivers/STM32H7xx_HAL_Driver/Src/stm32h7xx_hal_eth.o
 .ARM.attributes
                0x000001d1       0x32 ./Drivers/STM32H7xx_HAL_Driver/Src/stm32h7xx_hal_gpio.o
 .ARM.attributes
                0x00000203       0x32 ./Drivers/STM32H7xx_HAL_Driver/Src/stm32h7xx_hal_pwr_ex.o
 .ARM.attributes
                0x00000235       0x32 ./Drivers/STM32H7xx_HAL_Driver/Src/stm32h7xx_hal_rcc.o
 .ARM.attributes
                0x00000267       0x32 ./Drivers/STM32H7xx_HAL_Driver/Src/stm32h7xx_hal_rcc_ex.o
 .ARM.attributes
                0x00000299       0x32 ./Drivers/STM32H7xx_HAL_Driver/Src/stm32h7xx_hal_uart.o
 .ARM.attributes
                0x000002cb       0x32 ./Drivers/STM32H7xx_HAL_Driver/Src/stm32h7xx_hal_uart_ex.o
 .ARM.attributes
                0x000002fd       0x32 C:/ST/STM32CubeIDE_1.15.1/STM32CubeIDE/plugins/com.st.stm32cube.ide.mcu.externaltools.gnu-tools-for-stm32.12.3.rel1.win32_1.0.100.202403111256/tools/bin/../lib/gcc/arm-none-eabi/12.3.1/../../../../arm-none-eabi/lib/thumb/v7e-m+dp/hard\libc_nano.a(libc_a-memset.o)
 .ARM.attributes
                0x0000032f       0x32 C:/ST/STM32CubeIDE_1.15.1/STM32CubeIDE/plugins/com.st.stm32cube.ide.mcu.externaltools.gnu-tools-for-stm32.12.3.rel1.win32_1.0.100.202403111256/tools/bin/../lib/gcc/arm-none-eabi/12.3.1/../../../../arm-none-eabi/lib/thumb/v7e-m+dp/hard\libc_nano.a(libc_a-init.o)
 .ARM.attributes
                0x00000361       0x17 C:/ST/STM32CubeIDE_1.15.1/STM32CubeIDE/plugins/com.st.stm32cube.ide.mcu.externaltools.gnu-tools-for-stm32.12.3.rel1.win32_1.0.100.202403111256/tools/bin/../lib/gcc/arm-none-eabi/12.3.1/../../../../arm-none-eabi/lib/thumb/v7e-m+dp/hard\libc_nano.a(libc_a-strlen.o)
 .ARM.attributes
                0x00000378       0x20 C:/ST/STM32CubeIDE_1.15.1/STM32CubeIDE/plugins/com.st.stm32cube.ide.mcu.externaltools.gnu-tools-for-stm32.12.3.rel1.win32_1.0.100.202403111256/tools/bin/../lib/gcc/arm-none-eabi/12.3.1/thumb/v7e-m+dp/hard\libgcc.a(_aeabi_uldivmod.o)
 .ARM.attributes
                0x00000398       0x32 C:/ST/STM32CubeIDE_1.15.1/STM32CubeIDE/plugins/com.st.stm32cube.ide.mcu.externaltools.gnu-tools-for-stm32.12.3.rel1.win32_1.0.100.202403111256/tools/bin/../lib/gcc/arm-none-eabi/12.3.1/thumb/v7e-m+dp/hard\libgcc.a(_udivmoddi4.o)
 .ARM.attributes
                0x000003ca       0x20 C:/ST/STM32CubeIDE_1.15.1/STM32CubeIDE/plugins/com.st.stm32cube.ide.mcu.externaltools.gnu-tools-for-stm32.12.3.rel1.win32_1.0.100.202403111256/tools/bin/../lib/gcc/arm-none-eabi/12.3.1/thumb/v7e-m+dp/hard\libgcc.a(_dvmd_tls.o)
 .ARM.attributes
                0x000003ea       0x20 C:/ST/STM32CubeIDE_1.15.1/STM32CubeIDE/plugins/com.st.stm32cube.ide.mcu.externaltools.gnu-tools-for-stm32.12.3.rel1.win32_1.0.100.202403111256/tools/bin/../lib/gcc/arm-none-eabi/12.3.1/thumb/v7e-m+dp/hard/crtn.o
OUTPUT(CommsExemplified.elf elf32-littlearm)
LOAD linker stubs
LOAD C:/ST/STM32CubeIDE_1.15.1/STM32CubeIDE/plugins/com.st.stm32cube.ide.mcu.externaltools.gnu-tools-for-stm32.12.3.rel1.win32_1.0.100.202403111256/tools/bin/../lib/gcc/arm-none-eabi/12.3.1/../../../../arm-none-eabi/lib/thumb/v7e-m+dp/hard\libc.a
LOAD C:/ST/STM32CubeIDE_1.15.1/STM32CubeIDE/plugins/com.st.stm32cube.ide.mcu.externaltools.gnu-tools-for-stm32.12.3.rel1.win32_1.0.100.202403111256/tools/bin/../lib/gcc/arm-none-eabi/12.3.1/../../../../arm-none-eabi/lib/thumb/v7e-m+dp/hard\libm.a
LOAD C:/ST/STM32CubeIDE_1.15.1/STM32CubeIDE/plugins/com.st.stm32cube.ide.mcu.externaltools.gnu-tools-for-stm32.12.3.rel1.win32_1.0.100.202403111256/tools/bin/../lib/gcc/arm-none-eabi/12.3.1/thumb/v7e-m+dp/hard\libgcc.a

.debug_info     0x00000000    0x1349e
 .debug_info    0x00000000     0x223b ./Core/Src/main.o
 .debug_info    0x0000223b     0x2022 ./Core/Src/stm32h7xx_hal_msp.o
 .debug_info    0x0000425d      0x128 ./Core/Src/stm32h7xx_it.o
 .debug_info    0x00004385      0xb2e ./Core/Src/system_stm32h7xx.o
 .debug_info    0x00004eb3       0x30 ./Core/Startup/startup_stm32h723zgtx.o
 .debug_info    0x00004ee3     0x1698 ./Drivers/STM32H7xx_HAL_Driver/Src/stm32h7xx_hal.o
 .debug_info    0x0000657b     0x10a0 ./Drivers/STM32H7xx_HAL_Driver/Src/stm32h7xx_hal_cortex.o
 .debug_info    0x0000761b     0x2a22 ./Drivers/STM32H7xx_HAL_Driver/Src/stm32h7xx_hal_eth.o
 .debug_info    0x0000a03d      0xc5c ./Drivers/STM32H7xx_HAL_Driver/Src/stm32h7xx_hal_gpio.o
 .debug_info    0x0000ac99      0xdc4 ./Drivers/STM32H7xx_HAL_Driver/Src/stm32h7xx_hal_pwr_ex.o
 .debug_info    0x0000ba5d      0xd73 ./Drivers/STM32H7xx_HAL_Driver/Src/stm32h7xx_hal_rcc.o
 .debug_info    0x0000c7d0     0x11fc ./Drivers/STM32H7xx_HAL_Driver/Src/stm32h7xx_hal_rcc_ex.o
 .debug_info    0x0000d9cc     0x4b13 ./Drivers/STM32H7xx_HAL_Driver/Src/stm32h7xx_hal_uart.o
 .debug_info    0x000124df      0xfbf ./Drivers/STM32H7xx_HAL_Driver/Src/stm32h7xx_hal_uart_ex.o

.debug_abbrev   0x00000000     0x2001
 .debug_abbrev  0x00000000      0x2fe ./Core/Src/main.o
 .debug_abbrev  0x000002fe      0x258 ./Core/Src/stm32h7xx_hal_msp.o
 .debug_abbrev  0x00000556       0x73 ./Core/Src/stm32h7xx_it.o
 .debug_abbrev  0x000005c9      0x13a ./Core/Src/system_stm32h7xx.o
 .debug_abbrev  0x00000703       0x24 ./Core/Startup/startup_stm32h723zgtx.o
 .debug_abbrev  0x00000727      0x29e ./Drivers/STM32H7xx_HAL_Driver/Src/stm32h7xx_hal.o
 .debug_abbrev  0x000009c5      0x339 ./Drivers/STM32H7xx_HAL_Driver/Src/stm32h7xx_hal_cortex.o
 .debug_abbrev  0x00000cfe      0x347 ./Drivers/STM32H7xx_HAL_Driver/Src/stm32h7xx_hal_eth.o
 .debug_abbrev  0x00001045      0x1fe ./Drivers/STM32H7xx_HAL_Driver/Src/stm32h7xx_hal_gpio.o
 .debug_abbrev  0x00001243      0x295 ./Drivers/STM32H7xx_HAL_Driver/Src/stm32h7xx_hal_pwr_ex.o
 .debug_abbrev  0x000014d8      0x2b1 ./Drivers/STM32H7xx_HAL_Driver/Src/stm32h7xx_hal_rcc.o
 .debug_abbrev  0x00001789      0x269 ./Drivers/STM32H7xx_HAL_Driver/Src/stm32h7xx_hal_rcc_ex.o
 .debug_abbrev  0x000019f2      0x33d ./Drivers/STM32H7xx_HAL_Driver/Src/stm32h7xx_hal_uart.o
 .debug_abbrev  0x00001d2f      0x2d2 ./Drivers/STM32H7xx_HAL_Driver/Src/stm32h7xx_hal_uart_ex.o

.debug_aranges  0x00000000      0xc30
 .debug_aranges
                0x00000000       0x60 ./Core/Src/main.o
 .debug_aranges
                0x00000060       0x40 ./Core/Src/stm32h7xx_hal_msp.o
 .debug_aranges
                0x000000a0       0x60 ./Core/Src/stm32h7xx_it.o
 .debug_aranges
                0x00000100       0x28 ./Core/Src/system_stm32h7xx.o
 .debug_aranges
                0x00000128       0x28 ./Core/Startup/startup_stm32h723zgtx.o
 .debug_aranges
                0x00000150      0x1c8 ./Drivers/STM32H7xx_HAL_Driver/Src/stm32h7xx_hal.o
 .debug_aranges
                0x00000318      0x130 ./Drivers/STM32H7xx_HAL_Driver/Src/stm32h7xx_hal_cortex.o
 .debug_aranges
                0x00000448      0x1d8 ./Drivers/STM32H7xx_HAL_Driver/Src/stm32h7xx_hal_eth.o
 .debug_aranges
                0x00000620       0x58 ./Drivers/STM32H7xx_HAL_Driver/Src/stm32h7xx_hal_gpio.o
 .debug_aranges
                0x00000678      0x148 ./Drivers/STM32H7xx_HAL_Driver/Src/stm32h7xx_hal_pwr_ex.o
 .debug_aranges
                0x000007c0       0x88 ./Drivers/STM32H7xx_HAL_Driver/Src/stm32h7xx_hal_rcc.o
 .debug_aranges
                0x00000848       0xf8 ./Drivers/STM32H7xx_HAL_Driver/Src/stm32h7xx_hal_rcc_ex.o
 .debug_aranges
                0x00000940      0x248 ./Drivers/STM32H7xx_HAL_Driver/Src/stm32h7xx_hal_uart.o
 .debug_aranges
                0x00000b88       0xa8 ./Drivers/STM32H7xx_HAL_Driver/Src/stm32h7xx_hal_uart_ex.o

.debug_rnglists
                0x00000000      0x96f
 .debug_rnglists
                0x00000000       0x49 ./Core/Src/main.o
 .debug_rnglists
                0x00000049       0x2f ./Core/Src/stm32h7xx_hal_msp.o
 .debug_rnglists
                0x00000078       0x43 ./Core/Src/stm32h7xx_it.o
 .debug_rnglists
                0x000000bb       0x1b ./Core/Src/system_stm32h7xx.o
 .debug_rnglists
                0x000000d6       0x19 ./Core/Startup/startup_stm32h723zgtx.o
 .debug_rnglists
                0x000000ef      0x155 ./Drivers/STM32H7xx_HAL_Driver/Src/stm32h7xx_hal.o
 .debug_rnglists
                0x00000244       0xe0 ./Drivers/STM32H7xx_HAL_Driver/Src/stm32h7xx_hal_cortex.o
 .debug_rnglists
                0x00000324      0x176 ./Drivers/STM32H7xx_HAL_Driver/Src/stm32h7xx_hal_eth.o
 .debug_rnglists
                0x0000049a       0x3f ./Drivers/STM32H7xx_HAL_Driver/Src/stm32h7xx_hal_gpio.o
 .debug_rnglists
                0x000004d9       0xf5 ./Drivers/STM32H7xx_HAL_Driver/Src/stm32h7xx_hal_pwr_ex.o
 .debug_rnglists
                0x000005ce       0x68 ./Drivers/STM32H7xx_HAL_Driver/Src/stm32h7xx_hal_rcc.o
 .debug_rnglists
                0x00000636       0xc0 ./Drivers/STM32H7xx_HAL_Driver/Src/stm32h7xx_hal_rcc_ex.o
 .debug_rnglists
                0x000006f6      0x1fa ./Drivers/STM32H7xx_HAL_Driver/Src/stm32h7xx_hal_uart.o
 .debug_rnglists
                0x000008f0       0x7f ./Drivers/STM32H7xx_HAL_Driver/Src/stm32h7xx_hal_uart_ex.o

.debug_macro    0x00000000    0x32174
 .debug_macro   0x00000000      0x2e7 ./Core/Src/main.o
 .debug_macro   0x000002e7      0xacc ./Core/Src/main.o
 .debug_macro   0x00000db3      0x238 ./Core/Src/main.o
 .debug_macro   0x00000feb       0x2e ./Core/Src/main.o
 .debug_macro   0x00001019       0x3b ./Core/Src/main.o
 .debug_macro   0x00001054       0x22 ./Core/Src/main.o
 .debug_macro   0x00001076       0x8e ./Core/Src/main.o
 .debug_macro   0x00001104       0x51 ./Core/Src/main.o
 .debug_macro   0x00001155      0x103 ./Core/Src/main.o
 .debug_macro   0x00001258       0x6a ./Core/Src/main.o
 .debug_macro   0x000012c2      0x1df ./Core/Src/main.o
 .debug_macro   0x000014a1       0x1c ./Core/Src/main.o
 .debug_macro   0x000014bd       0x22 ./Core/Src/main.o
 .debug_macro   0x000014df       0xfb ./Core/Src/main.o
 .debug_macro   0x000015da     0x1305 ./Core/Src/main.o
 .debug_macro   0x000028df      0x11f ./Core/Src/main.o
 .debug_macro   0x000029fe       0x27 ./Core/Src/main.o
 .debug_macro   0x00002a25    0x2127f ./Core/Src/main.o
 .debug_macro   0x00023ca4       0x6d ./Core/Src/main.o
 .debug_macro   0x00023d11     0x3d64 ./Core/Src/main.o
 .debug_macro   0x00027a75      0x189 ./Core/Src/main.o
 .debug_macro   0x00027bfe       0x61 ./Core/Src/main.o
 .debug_macro   0x00027c5f       0x29 ./Core/Src/main.o
 .debug_macro   0x00027c88       0x43 ./Core/Src/main.o
 .debug_macro   0x00027ccb       0x34 ./Core/Src/main.o
 .debug_macro   0x00027cff       0x16 ./Core/Src/main.o
 .debug_macro   0x00027d15       0x43 ./Core/Src/main.o
 .debug_macro   0x00027d58       0x34 ./Core/Src/main.o
 .debug_macro   0x00027d8c       0x10 ./Core/Src/main.o
 .debug_macro   0x00027d9c       0x58 ./Core/Src/main.o
 .debug_macro   0x00027df4       0x8e ./Core/Src/main.o
 .debug_macro   0x00027e82       0x1c ./Core/Src/main.o
 .debug_macro   0x00027e9e      0x177 ./Core/Src/main.o
 .debug_macro   0x00028015      0x369 ./Core/Src/main.o
 .debug_macro   0x0002837e      0x19b ./Core/Src/main.o
 .debug_macro   0x00028519       0x5d ./Core/Src/main.o
 .debug_macro   0x00028576     0x2462 ./Core/Src/main.o
 .debug_macro   0x0002a9d8     0x1079 ./Core/Src/main.o
 .debug_macro   0x0002ba51      0x154 ./Core/Src/main.o
 .debug_macro   0x0002bba5      0x114 ./Core/Src/main.o
 .debug_macro   0x0002bcb9      0x3fc ./Core/Src/main.o
 .debug_macro   0x0002c0b5       0xac ./Core/Src/main.o
 .debug_macro   0x0002c161      0x788 ./Core/Src/main.o
 .debug_macro   0x0002c8e9      0x228 ./Core/Src/main.o
 .debug_macro   0x0002cb11       0x66 ./Core/Src/main.o
 .debug_macro   0x0002cb77      0x3a6 ./Core/Src/main.o
 .debug_macro   0x0002cf1d      0xa80 ./Core/Src/main.o
 .debug_macro   0x0002d99d      0x129 ./Core/Src/main.o
 .debug_macro   0x0002dac6      0x3f9 ./Core/Src/main.o
 .debug_macro   0x0002debf      0x275 ./Core/Src/main.o
 .debug_macro   0x0002e134      0x3ca ./Core/Src/main.o
 .debug_macro   0x0002e4fe      0x45c ./Core/Src/main.o
 .debug_macro   0x0002e95a       0x3c ./Core/Src/main.o
 .debug_macro   0x0002e996       0x4a ./Core/Src/main.o
 .debug_macro   0x0002e9e0      0x22c ./Core/Src/main.o
 .debug_macro   0x0002ec0c       0x67 ./Core/Src/main.o
 .debug_macro   0x0002ec73       0xa5 ./Core/Src/main.o
 .debug_macro   0x0002ed18      0x1c4 ./Core/Src/main.o
 .debug_macro   0x0002eedc      0x22a ./Core/Src/main.o
 .debug_macro   0x0002f106       0x35 ./Core/Src/main.o
 .debug_macro   0x0002f13b      0x693 ./Core/Src/main.o
 .debug_macro   0x0002f7ce       0xa6 ./Core/Src/main.o
 .debug_macro   0x0002f874      0x5e6 ./Core/Src/main.o
 .debug_macro   0x0002fe5a      0x130 ./Core/Src/main.o
 .debug_macro   0x0002ff8a       0x16 ./Core/Src/main.o
 .debug_macro   0x0002ffa0       0x35 ./Core/Src/main.o
 .debug_macro   0x0002ffd5       0x20 ./Core/Src/main.o
 .debug_macro   0x0002fff5      0x2b7 ./Core/Src/stm32h7xx_hal_msp.o
 .debug_macro   0x000302ac      0x2c1 ./Core/Src/stm32h7xx_it.o
 .debug_macro   0x0003056d      0x2a8 ./Core/Src/system_stm32h7xx.o
 .debug_macro   0x00030815      0x2d2 ./Drivers/STM32H7xx_HAL_Driver/Src/stm32h7xx_hal.o
 .debug_macro   0x00030ae7      0x2a8 ./Drivers/STM32H7xx_HAL_Driver/Src/stm32h7xx_hal_cortex.o
 .debug_macro   0x00030d8f      0x33c ./Drivers/STM32H7xx_HAL_Driver/Src/stm32h7xx_hal_eth.o
 .debug_macro   0x000310cb      0x2af ./Drivers/STM32H7xx_HAL_Driver/Src/stm32h7xx_hal_gpio.o
 .debug_macro   0x0003137a      0x2e1 ./Drivers/STM32H7xx_HAL_Driver/Src/stm32h7xx_hal_pwr_ex.o
 .debug_macro   0x0003165b      0x2cc ./Drivers/STM32H7xx_HAL_Driver/Src/stm32h7xx_hal_rcc.o
 .debug_macro   0x00031927      0x2c6 ./Drivers/STM32H7xx_HAL_Driver/Src/stm32h7xx_hal_rcc_ex.o
 .debug_macro   0x00031bed      0x2d3 ./Drivers/STM32H7xx_HAL_Driver/Src/stm32h7xx_hal_uart.o
 .debug_macro   0x00031ec0      0x2b4 ./Drivers/STM32H7xx_HAL_Driver/Src/stm32h7xx_hal_uart_ex.o

.debug_line     0x00000000    0x10058
 .debug_line    0x00000000      0xbad ./Core/Src/main.o
 .debug_line    0x00000bad      0xa75 ./Core/Src/stm32h7xx_hal_msp.o
 .debug_line    0x00001622      0x9a7 ./Core/Src/stm32h7xx_it.o
 .debug_line    0x00001fc9      0xa95 ./Core/Src/system_stm32h7xx.o
 .debug_line    0x00002a5e       0x7a ./Core/Startup/startup_stm32h723zgtx.o
 .debug_line    0x00002ad8      0xf26 ./Drivers/STM32H7xx_HAL_Driver/Src/stm32h7xx_hal.o
 .debug_line    0x000039fe      0xec4 ./Drivers/STM32H7xx_HAL_Driver/Src/stm32h7xx_hal_cortex.o
 .debug_line    0x000048c2     0x1c2e ./Drivers/STM32H7xx_HAL_Driver/Src/stm32h7xx_hal_eth.o
 .debug_line    0x000064f0      0xd59 ./Drivers/STM32H7xx_HAL_Driver/Src/stm32h7xx_hal_gpio.o
 .debug_line    0x00007249      0xf13 ./Drivers/STM32H7xx_HAL_Driver/Src/stm32h7xx_hal_pwr_ex.o
 .debug_line    0x0000815c     0x13bc ./Drivers/STM32H7xx_HAL_Driver/Src/stm32h7xx_hal_rcc.o
 .debug_line    0x00009518     0x1c8b ./Drivers/STM32H7xx_HAL_Driver/Src/stm32h7xx_hal_rcc_ex.o
 .debug_line    0x0000b1a3     0x3f82 ./Drivers/STM32H7xx_HAL_Driver/Src/stm32h7xx_hal_uart.o
 .debug_line    0x0000f125      0xf33 ./Drivers/STM32H7xx_HAL_Driver/Src/stm32h7xx_hal_uart_ex.o

.debug_str      0x00000000   0x14539b
 .debug_str     0x00000000   0x140ba1 ./Core/Src/main.o
                             0x1410fd (size before relaxing)
 .debug_str     0x00140ba1      0x37f ./Core/Src/stm32h7xx_hal_msp.o
                             0x140fab (size before relaxing)
 .debug_str     0x00140f20       0xc9 ./Core/Src/stm32h7xx_it.o
                             0x13fb40 (size before relaxing)
 .debug_str     0x00140fe9      0x29a ./Core/Src/system_stm32h7xx.o
                             0x13fa92 (size before relaxing)
 .debug_str     0x00141283       0x44 ./Core/Startup/startup_stm32h723zgtx.o
                                 0x89 (size before relaxing)
 .debug_str     0x001412c7     0x1108 ./Drivers/STM32H7xx_HAL_Driver/Src/stm32h7xx_hal.o
                             0x140b1c (size before relaxing)
 .debug_str     0x001423cf      0x38b ./Drivers/STM32H7xx_HAL_Driver/Src/stm32h7xx_hal_cortex.o
                             0x140436 (size before relaxing)
 .debug_str     0x0014275a     0x103b ./Drivers/STM32H7xx_HAL_Driver/Src/stm32h7xx_hal_eth.o
                             0x1413ab (size before relaxing)
 .debug_str     0x00143795       0xec ./Drivers/STM32H7xx_HAL_Driver/Src/stm32h7xx_hal_gpio.o
                             0x13fadd (size before relaxing)
 .debug_str     0x00143881      0x5e7 ./Drivers/STM32H7xx_HAL_Driver/Src/stm32h7xx_hal_pwr_ex.o
                             0x13fee5 (size before relaxing)
 .debug_str     0x00143e68      0x21a ./Drivers/STM32H7xx_HAL_Driver/Src/stm32h7xx_hal_rcc.o
                             0x13fe60 (size before relaxing)
 .debug_str     0x00144082      0x64b ./Drivers/STM32H7xx_HAL_Driver/Src/stm32h7xx_hal_rcc_ex.o
                             0x140378 (size before relaxing)
 .debug_str     0x001446cd      0xa6d ./Drivers/STM32H7xx_HAL_Driver/Src/stm32h7xx_hal_uart.o
                             0x140a00 (size before relaxing)
 .debug_str     0x0014513a      0x261 ./Drivers/STM32H7xx_HAL_Driver/Src/stm32h7xx_hal_uart_ex.o
                             0x13ffc0 (size before relaxing)

.comment        0x00000000       0x43
 .comment       0x00000000       0x43 ./Core/Src/main.o
                                 0x44 (size before relaxing)
 .comment       0x00000043       0x44 ./Core/Src/stm32h7xx_hal_msp.o
 .comment       0x00000043       0x44 ./Core/Src/stm32h7xx_it.o
 .comment       0x00000043       0x44 ./Core/Src/system_stm32h7xx.o
 .comment       0x00000043       0x44 ./Drivers/STM32H7xx_HAL_Driver/Src/stm32h7xx_hal.o
 .comment       0x00000043       0x44 ./Drivers/STM32H7xx_HAL_Driver/Src/stm32h7xx_hal_cortex.o
 .comment       0x00000043       0x44 ./Drivers/STM32H7xx_HAL_Driver/Src/stm32h7xx_hal_eth.o
 .comment       0x00000043       0x44 ./Drivers/STM32H7xx_HAL_Driver/Src/stm32h7xx_hal_gpio.o
 .comment       0x00000043       0x44 ./Drivers/STM32H7xx_HAL_Driver/Src/stm32h7xx_hal_pwr_ex.o
 .comment       0x00000043       0x44 ./Drivers/STM32H7xx_HAL_Driver/Src/stm32h7xx_hal_rcc.o
 .comment       0x00000043       0x44 ./Drivers/STM32H7xx_HAL_Driver/Src/stm32h7xx_hal_rcc_ex.o
 .comment       0x00000043       0x44 ./Drivers/STM32H7xx_HAL_Driver/Src/stm32h7xx_hal_uart.o
 .comment       0x00000043       0x44 ./Drivers/STM32H7xx_HAL_Driver/Src/stm32h7xx_hal_uart_ex.o

.debug_frame    0x00000000     0x32e0
 .debug_frame   0x00000000      0x120 ./Core/Src/main.o
 .debug_frame   0x00000120       0xcc ./Core/Src/stm32h7xx_hal_msp.o
 .debug_frame   0x000001ec      0x104 ./Core/Src/stm32h7xx_it.o
 .debug_frame   0x000002f0       0x58 ./Core/Src/system_stm32h7xx.o
 .debug_frame   0x00000348      0x760 ./Drivers/STM32H7xx_HAL_Driver/Src/stm32h7xx_hal.o
 .debug_frame   0x00000aa8      0x508 ./Drivers/STM32H7xx_HAL_Driver/Src/stm32h7xx_hal_cortex.o
 .debug_frame   0x00000fb0      0x894 ./Drivers/STM32H7xx_HAL_Driver/Src/stm32h7xx_hal_eth.o
 .debug_frame   0x00001844      0x14c ./Drivers/STM32H7xx_HAL_Driver/Src/stm32h7xx_hal_gpio.o
 .debug_frame   0x00001990      0x540 ./Drivers/STM32H7xx_HAL_Driver/Src/stm32h7xx_hal_pwr_ex.o
 .debug_frame   0x00001ed0      0x1fc ./Drivers/STM32H7xx_HAL_Driver/Src/stm32h7xx_hal_rcc.o
 .debug_frame   0x000020cc      0x414 ./Drivers/STM32H7xx_HAL_Driver/Src/stm32h7xx_hal_rcc_ex.o
 .debug_frame   0x000024e0      0xa94 ./Drivers/STM32H7xx_HAL_Driver/Src/stm32h7xx_hal_uart.o
 .debug_frame   0x00002f74      0x2c0 ./Drivers/STM32H7xx_HAL_Driver/Src/stm32h7xx_hal_uart_ex.o
 .debug_frame   0x00003234       0x20 C:/ST/STM32CubeIDE_1.15.1/STM32CubeIDE/plugins/com.st.stm32cube.ide.mcu.externaltools.gnu-tools-for-stm32.12.3.rel1.win32_1.0.100.202403111256/tools/bin/../lib/gcc/arm-none-eabi/12.3.1/../../../../arm-none-eabi/lib/thumb/v7e-m+dp/hard\libc_nano.a(libc_a-memset.o)
 .debug_frame   0x00003254       0x2c C:/ST/STM32CubeIDE_1.15.1/STM32CubeIDE/plugins/com.st.stm32cube.ide.mcu.externaltools.gnu-tools-for-stm32.12.3.rel1.win32_1.0.100.202403111256/tools/bin/../lib/gcc/arm-none-eabi/12.3.1/../../../../arm-none-eabi/lib/thumb/v7e-m+dp/hard\libc_nano.a(libc_a-init.o)
 .debug_frame   0x00003280       0x2c C:/ST/STM32CubeIDE_1.15.1/STM32CubeIDE/plugins/com.st.stm32cube.ide.mcu.externaltools.gnu-tools-for-stm32.12.3.rel1.win32_1.0.100.202403111256/tools/bin/../lib/gcc/arm-none-eabi/12.3.1/thumb/v7e-m+dp/hard\libgcc.a(_aeabi_uldivmod.o)
 .debug_frame   0x000032ac       0x34 C:/ST/STM32CubeIDE_1.15.1/STM32CubeIDE/plugins/com.st.stm32cube.ide.mcu.externaltools.gnu-tools-for-stm32.12.3.rel1.win32_1.0.100.202403111256/tools/bin/../lib/gcc/arm-none-eabi/12.3.1/thumb/v7e-m+dp/hard\libgcc.a(_udivmoddi4.o)

.debug_line_str
                0x00000000       0x6d
 .debug_line_str
                0x00000000       0x6d ./Core/Startup/startup_stm32h723zgtx.o
