Archive member included to satisfy reference by file (symbol)

C:/ST/STM32CubeIDE_1.15.1/STM32CubeIDE/plugins/com.st.stm32cube.ide.mcu.externaltools.gnu-tools-for-stm32.12.3.rel1.win32_1.0.100.202403111256/tools/bin/../lib/gcc/arm-none-eabi/12.3.1/../../../../arm-none-eabi/lib/thumb/v7e-m+dp/hard\libc_nano.a(libc_a-exit.o)
                              C:/ST/STM32CubeIDE_1.15.1/STM32CubeIDE/plugins/com.st.stm32cube.ide.mcu.externaltools.gnu-tools-for-stm32.12.3.rel1.win32_1.0.100.202403111256/tools/bin/../lib/gcc/arm-none-eabi/12.3.1/../../../../arm-none-eabi/lib/thumb/v7e-m+dp/hard/crt0.o (exit)
C:/ST/STM32CubeIDE_1.15.1/STM32CubeIDE/plugins/com.st.stm32cube.ide.mcu.externaltools.gnu-tools-for-stm32.12.3.rel1.win32_1.0.100.202403111256/tools/bin/../lib/gcc/arm-none-eabi/12.3.1/../../../../arm-none-eabi/lib/thumb/v7e-m+dp/hard\libc_nano.a(libc_a-findfp.o)
                              C:/ST/STM32CubeIDE_1.15.1/STM32CubeIDE/plugins/com.st.stm32cube.ide.mcu.externaltools.gnu-tools-for-stm32.12.3.rel1.win32_1.0.100.202403111256/tools/bin/../lib/gcc/arm-none-eabi/12.3.1/../../../../arm-none-eabi/lib/thumb/v7e-m+dp/hard\libc_nano.a(libc_a-exit.o) (__stdio_exit_handler)
C:/ST/STM32CubeIDE_1.15.1/STM32CubeIDE/plugins/com.st.stm32cube.ide.mcu.externaltools.gnu-tools-for-stm32.12.3.rel1.win32_1.0.100.202403111256/tools/bin/../lib/gcc/arm-none-eabi/12.3.1/../../../../arm-none-eabi/lib/thumb/v7e-m+dp/hard\libc_nano.a(libc_a-fwalk.o)
                              C:/ST/STM32CubeIDE_1.15.1/STM32CubeIDE/plugins/com.st.stm32cube.ide.mcu.externaltools.gnu-tools-for-stm32.12.3.rel1.win32_1.0.100.202403111256/tools/bin/../lib/gcc/arm-none-eabi/12.3.1/../../../../arm-none-eabi/lib/thumb/v7e-m+dp/hard\libc_nano.a(libc_a-findfp.o) (_fwalk_sglue)
C:/ST/STM32CubeIDE_1.15.1/STM32CubeIDE/plugins/com.st.stm32cube.ide.mcu.externaltools.gnu-tools-for-stm32.12.3.rel1.win32_1.0.100.202403111256/tools/bin/../lib/gcc/arm-none-eabi/12.3.1/../../../../arm-none-eabi/lib/thumb/v7e-m+dp/hard\libc_nano.a(libc_a-stdio.o)
                              C:/ST/STM32CubeIDE_1.15.1/STM32CubeIDE/plugins/com.st.stm32cube.ide.mcu.externaltools.gnu-tools-for-stm32.12.3.rel1.win32_1.0.100.202403111256/tools/bin/../lib/gcc/arm-none-eabi/12.3.1/../../../../arm-none-eabi/lib/thumb/v7e-m+dp/hard\libc_nano.a(libc_a-findfp.o) (__sread)
C:/ST/STM32CubeIDE_1.15.1/STM32CubeIDE/plugins/com.st.stm32cube.ide.mcu.externaltools.gnu-tools-for-stm32.12.3.rel1.win32_1.0.100.202403111256/tools/bin/../lib/gcc/arm-none-eabi/12.3.1/../../../../arm-none-eabi/lib/thumb/v7e-m+dp/hard\libc_nano.a(libc_a-memset.o)
                              C:/ST/STM32CubeIDE_1.15.1/STM32CubeIDE/plugins/com.st.stm32cube.ide.mcu.externaltools.gnu-tools-for-stm32.12.3.rel1.win32_1.0.100.202403111256/tools/bin/../lib/gcc/arm-none-eabi/12.3.1/../../../../arm-none-eabi/lib/thumb/v7e-m+dp/hard/crt0.o (memset)
C:/ST/STM32CubeIDE_1.15.1/STM32CubeIDE/plugins/com.st.stm32cube.ide.mcu.externaltools.gnu-tools-for-stm32.12.3.rel1.win32_1.0.100.202403111256/tools/bin/../lib/gcc/arm-none-eabi/12.3.1/../../../../arm-none-eabi/lib/thumb/v7e-m+dp/hard\libc_nano.a(libc_a-closer.o)
                              C:/ST/STM32CubeIDE_1.15.1/STM32CubeIDE/plugins/com.st.stm32cube.ide.mcu.externaltools.gnu-tools-for-stm32.12.3.rel1.win32_1.0.100.202403111256/tools/bin/../lib/gcc/arm-none-eabi/12.3.1/../../../../arm-none-eabi/lib/thumb/v7e-m+dp/hard\libc_nano.a(libc_a-stdio.o) (_close_r)
C:/ST/STM32CubeIDE_1.15.1/STM32CubeIDE/plugins/com.st.stm32cube.ide.mcu.externaltools.gnu-tools-for-stm32.12.3.rel1.win32_1.0.100.202403111256/tools/bin/../lib/gcc/arm-none-eabi/12.3.1/../../../../arm-none-eabi/lib/thumb/v7e-m+dp/hard\libc_nano.a(libc_a-reent.o)
                              C:/ST/STM32CubeIDE_1.15.1/STM32CubeIDE/plugins/com.st.stm32cube.ide.mcu.externaltools.gnu-tools-for-stm32.12.3.rel1.win32_1.0.100.202403111256/tools/bin/../lib/gcc/arm-none-eabi/12.3.1/../../../../arm-none-eabi/lib/thumb/v7e-m+dp/hard\libc_nano.a(libc_a-closer.o) (errno)
C:/ST/STM32CubeIDE_1.15.1/STM32CubeIDE/plugins/com.st.stm32cube.ide.mcu.externaltools.gnu-tools-for-stm32.12.3.rel1.win32_1.0.100.202403111256/tools/bin/../lib/gcc/arm-none-eabi/12.3.1/../../../../arm-none-eabi/lib/thumb/v7e-m+dp/hard\libc_nano.a(libc_a-impure.o)
                              C:/ST/STM32CubeIDE_1.15.1/STM32CubeIDE/plugins/com.st.stm32cube.ide.mcu.externaltools.gnu-tools-for-stm32.12.3.rel1.win32_1.0.100.202403111256/tools/bin/../lib/gcc/arm-none-eabi/12.3.1/../../../../arm-none-eabi/lib/thumb/v7e-m+dp/hard\libc_nano.a(libc_a-reent.o) (_impure_ptr)
C:/ST/STM32CubeIDE_1.15.1/STM32CubeIDE/plugins/com.st.stm32cube.ide.mcu.externaltools.gnu-tools-for-stm32.12.3.rel1.win32_1.0.100.202403111256/tools/bin/../lib/gcc/arm-none-eabi/12.3.1/../../../../arm-none-eabi/lib/thumb/v7e-m+dp/hard\libc_nano.a(libc_a-lseekr.o)
[...]
Memory Configuration

Name             Origin             Length             Attributes
ITCMRAM          0x00000000         0x00010000         xrw
DTCMRAM          0x20000000         0x00020000         xrw
FLASH            0x08000000         0x00100000         xr
RAM_D1           0x24000000         0x00050000         xrw
RAM_D2           0x30000000         0x00008000         xrw
RAM_D3           0x38000000         0x00004000         xrw
*default*        0x00000000         0xffffffff

Linker script and memory map

LOAD C:/ST/STM32CubeIDE_1.15.1/STM32CubeIDE/plugins/com.st.stm32cube.ide.mcu.externaltools.gnu-tools-for-stm32.12.3.rel1.win32_1.0.100.202403111256/tools/bin/../lib/gcc/arm-none-eabi/12.3.1/thumb/v7e-m+dp/hard/crti.o
LOAD C:/ST/STM32CubeIDE_1.15.1/STM32CubeIDE/plugins/com.st.stm32cube.ide.mcu.externaltools.gnu-tools-for-stm32.12.3.rel1.win32_1.0.100.202403111256/tools/bin/../lib/gcc/arm-none-eabi/12.3.1/thumb/v7e-m+dp/hard/crtbegin.o
LOAD C:/ST/STM32CubeIDE_1.15.1/STM32CubeIDE/plugins/com.st.stm32cube.ide.mcu.externaltools.gnu-tools-for-stm32.12.3.rel1.win32_1.0.100.202403111256/tools/bin/../lib/gcc/arm-none-eabi/12.3.1/../../../../arm-none-eabi/lib/thumb/v7e-m+dp/hard/crt0.o
LOAD ./Core/Src/main.o
LOAD ./Core/Src/stm32h7xx_hal_msp.o
LOAD ./Core/Src/stm32h7xx_it.o
LOAD ./Core/Src/syscalls.o
LOAD ./Core/Src/sysmem.o
LOAD ./Core/Src/system_stm32h7xx.o
LOAD ./Core/Startup/startup_stm32h723zgtx.o
LOAD ./Drivers/STM32H7xx_HAL_Driver/Src/stm32h7xx_hal.o
LOAD ./Drivers/STM32H7xx_HAL_Driver/Src/stm32h7xx_hal_cortex.o
LOAD ./Drivers/STM32H7xx_HAL_Driver/Src/stm32h7xx_hal_dma.o
LOAD ./Drivers/STM32H7xx_HAL_Driver/Src/stm32h7xx_hal_dma_ex.o
LOAD ./Drivers/STM32H7xx_HAL_Driver/Src/stm32h7xx_hal_eth.o
LOAD ./Drivers/STM32H7xx_HAL_Driver/Src/stm32h7xx_hal_eth_ex.o
LOAD ./Drivers/STM32H7xx_HAL_Driver/Src/stm32h7xx_hal_exti.o
LOAD ./Drivers/STM32H7xx_HAL_Driver/Src/stm32h7xx_hal_flash.o
LOAD ./Drivers/STM32H7xx_HAL_Driver/Src/stm32h7xx_hal_flash_ex.o
LOAD ./Drivers/STM32H7xx_HAL_Driver/Src/stm32h7xx_hal_gpio.o
LOAD ./Drivers/STM32H7xx_HAL_Driver/Src/stm32h7xx_hal_hsem.o
LOAD ./Drivers/STM32H7xx_HAL_Driver/Src/stm32h7xx_hal_i2c.o
LOAD ./Drivers/STM32H7xx_HAL_Driver/Src/stm32h7xx_hal_i2c_ex.o
LOAD ./Drivers/STM32H7xx_HAL_Driver/Src/stm32h7xx_hal_mdma.o
LOAD ./Drivers/STM32H7xx_HAL_Driver/Src/stm32h7xx_hal_pwr.o
LOAD ./Drivers/STM32H7xx_HAL_Driver/Src/stm32h7xx_hal_pwr_ex.o
LOAD ./Drivers/STM32H7xx_HAL_Driver/Src/stm32h7xx_hal_rcc.o
LOAD ./Drivers/STM32H7xx_HAL_Driver/Src/stm32h7xx_hal_rcc_ex.o
LOAD ./Drivers/STM32H7xx_HAL_Driver/Src/stm32h7xx_hal_tim.o
LOAD ./Drivers/STM32H7xx_HAL_Driver/Src/stm32h7xx_hal_tim_ex.o
LOAD ./Drivers/STM32H7xx_HAL_Driver/Src/stm32h7xx_hal_uart.o
LOAD ./Drivers/STM32H7xx_HAL_Driver/Src/stm32h7xx_hal_uart_ex.o
START GROUP
LOAD C:/ST/STM32CubeIDE_1.15.1/STM32CubeIDE/plugins/com.st.stm32cube.ide.mcu.externaltools.gnu-tools-for-stm32.12.3.rel1.win32_1.0.100.202403111256/tools/bin/../lib/gcc/arm-none-eabi/12.3.1/../../../../arm-none-eabi/lib/thumb/v7e-m+dp/hard\libc_nano.a
LOAD C:/ST/STM32CubeIDE_1.15.1/STM32CubeIDE/plugins/com.st.stm32cube.ide.mcu.externaltools.gnu-tools-for-stm32.12.3.rel1.win32_1.0.100.202403111256/tools/bin/../lib/gcc/arm-none-eabi/12.3.1/../../../../arm-none-eabi/lib/thumb/v7e-m+dp/hard\libm.a
END GROUP
START GROUP
LOAD C:/ST/STM32CubeIDE_1.15.1/STM32CubeIDE/plugins/com.st.stm32cube.ide.mcu.externaltools.gnu-tools-for-stm32.12.3.rel1.win32_1.0.100.202403111256/tools/bin/../lib/gcc/arm-none-eabi/12.3.1/thumb/v7e-m+dp/hard\libgcc.a
LOAD C:/ST/STM32CubeIDE_1.15.1/STM32CubeIDE/plugins/com.st.stm32cube.ide.mcu.externaltools.gnu-tools-for-stm32.12.3.rel1.win32_1.0.100.202403111256/tools/bin/../lib/gcc/arm-none-eabi/12.3.1/../../../../arm-none-eabi/lib/thumb/v7e-m+dp/hard\libc_nano.a
END GROUP
START GROUP
LOAD C:/ST/STM32CubeIDE_1.15.1/STM32CubeIDE/plugins/com.st.stm32cube.ide.mcu.externaltools.gnu-tools-for-stm32.12.3.rel1.win32_1.0.100.202403111256/tools/bin/../lib/gcc/arm-none-eabi/12.3.1/thumb/v7e-m+dp/hard\libgcc.a
LOAD C:/ST/STM32CubeIDE_1.15.1/STM32CubeIDE/plugins/com.st.stm32cube.ide.mcu.externaltools.gnu-tools-for-stm32.12.3.rel1.win32_1.0.100.202403111256/tools/bin/../lib/gcc/arm-none-eabi/12.3.1/../../../../arm-none-eabi/lib/thumb/v7e-m+dp/hard\libc_nano.a
LOAD C:/ST/STM32CubeIDE_1.15.1/STM32CubeIDE/plugins/com.st.stm32cube.ide.mcu.externaltools.gnu-tools-for-stm32.12.3.rel1.win32_1.0.100.202403111256/tools/bin/../lib/gcc/arm-none-eabi/12.3.1/../../../../arm-none-eabi/lib/thumb/v7e-m+dp/hard\libnosys.a
END GROUP
START GROUP
LOAD C:/ST/STM32CubeIDE_1.15.1/STM32CubeIDE/plugins/com.st.stm32cube.ide.mcu.externaltools.gnu-tools-for-stm32.12.3.rel1.win32_1.0.100.202403111256/tools/bin/../lib/gcc/arm-none-eabi/12.3.1/thumb/v7e-m+dp/hard\libgcc.a
LOAD C:/ST/STM32CubeIDE_1.15.1/STM32CubeIDE/plugins/com.st.stm32cube.ide.mcu.externaltools.gnu-tools-for-stm32.12.3.rel1.win32_1.0.100.202403111256/tools/bin/../lib/gcc/arm-none-eabi/12.3.1/../../../../arm-none-eabi/lib/thumb/v7e-m+dp/hard\libc_nano.a
LOAD C:/ST/STM32CubeIDE_1.15.1/STM32CubeIDE/plugins/com.st.stm32cube.ide.mcu.externaltools.gnu-tools-for-stm32.12.3.rel1.win32_1.0.100.202403111256/tools/bin/../lib/gcc/arm-none-eabi/12.3.1/../../../../arm-none-eabi/lib/thumb/v7e-m+dp/hard\libnosys.a
END GROUP
LOAD C:/ST/STM32CubeIDE_1.15.1/STM32CubeIDE/plugins/com.st.stm32cube.ide.mcu.externaltools.gnu-tools-for-stm32.12.3.rel1.win32_1.0.100.202403111256/tools/bin/../lib/gcc/arm-none-eabi/12.3.1/thumb/v7e-m+dp/hard/crtend.o
LOAD C:/ST/STM32CubeIDE_1.15.1/STM32CubeIDE/plugins/com.st.stm32cube.ide.mcu.externaltools.gnu-tools-for-stm32.12.3.rel1.win32_1.0.100.202403111256/tools/bin/../lib/gcc/arm-none-eabi/12.3.1/thumb/v7e-m+dp/hard/crtn.o
                0x24050000                        _estack = (ORIGIN (RAM_D1) + LENGTH (RAM_D1))
                0x00000200                        _Min_Heap_Size = 0x200
                0x00000400                        _Min_Stack_Size = 0x400

.isr_vector     0x08000000      0x2cc
                0x08000000                        . = ALIGN (0x4)
 *(.isr_vector)
 .isr_vector    0x08000000      0x2cc ./Core/Startup/startup_stm32h723zgtx.o
                0x08000000                g_pfnVectors
                0x080002cc                        . = ALIGN (0x4)

.text           0x080002cc     0x7080
                0x080002cc                        . = ALIGN (0x4)
 *(.text)
 .text          0x080002cc       0x40 C:/ST/STM32CubeIDE_1.15.1/STM32CubeIDE/plugins/com.st.stm32cube.ide.mcu.externaltools.gnu-tools-for-stm32.12.3.rel1.win32_1.0.100.202403111256/tools/bin/../lib/gcc/arm-none-eabi/12.3.1/thumb/v7e-m+dp/hard/crtbegin.o
 .text          0x0800030c       0x30 C:/ST/STM32CubeIDE_1.15.1/STM32CubeIDE/plugins/com.st.stm32cube.ide.mcu.externaltools.gnu-tools-for-stm32.12.3.rel1.win32_1.0.100.202403111256/tools/bin/../lib/gcc/arm-none-eabi/12.3.1/thumb/v7e-m+dp/hard\libgcc.a(_aeabi_uldivmod.o)
                0x0800030c                __aeabi_uldivmod
 .text          0x0800033c      0x2bc C:/ST/STM32CubeIDE_1.15.1/STM32CubeIDE/plugins/com.st.stm32cube.ide.mcu.externaltools.gnu-tools-for-stm32.12.3.rel1.win32_1.0.100.202403111256/tools/bin/../lib/gcc/arm-none-eabi/12.3.1/thumb/v7e-m+dp/hard\libgcc.a(_udivmoddi4.o)
                0x0800033c                __udivmoddi4
 .text          0x080005f8        0x4 C:/ST/STM32CubeIDE_1.15.1/STM32CubeIDE/plugins/com.st.stm32cube.ide.mcu.externaltools.gnu-tools-for-stm32.12.3.rel1.win32_1.0.100.202403111256/tools/bin/../lib/gcc/arm-none-eabi/12.3.1/thumb/v7e-m+dp/hard\libgcc.a(_dvmd_tls.o)
                0x080005f8                __aeabi_idiv0
                0x080005f8                __aeabi_ldiv0
 *(.text*)
 .text.main     0x080005fc       0x58 ./Core/Src/main.o
                0x080005fc                main
 .text.SystemClock_Config
                0x08000654       0xe0 ./Core/Src/main.o
                0x08000654                SystemClock_Config
 .text.MX_ETH_Init
                0x08000734       0x98 ./Core/Src/main.o
 .text.MX_USART2_UART_Init
                0x080007cc       0x98 ./Core/Src/main.o
 .text.MX_USART3_UART_Init
                0x08000864       0x98 ./Core/Src/main.o
 .text.MX_USB_OTG_HS_USB_Init
                0x080008fc        0xe ./Core/Src/main.o
 *fill*         0x0800090a        0x2 
 .text.MX_GPIO_Init
                0x0800090c      0x1f8 ./Core/Src/main.o
 .text.Error_Handler
                0x08000b04        0xc ./Core/Src/main.o
                0x08000b04                Error_Handler
 .text.HAL_MspInit
                0x08000b10       0x34 ./Core/Src/stm32h7xx_hal_msp.o
                0x08000b10                HAL_MspInit
 .text.HAL_ETH_MspInit
                0x08000b44      0x19c ./Core/Src/stm32h7xx_hal_msp.o
                0x08000b44                HAL_ETH_MspInit
 .text.HAL_UART_MspInit
                0x08000ce0      0x1cc ./Core/Src/stm32h7xx_hal_msp.o
                0x08000ce0                HAL_UART_MspInit
 .text.NMI_Handler
                0x08000eac        0x8 ./Core/Src/stm32h7xx_it.o
                0x08000eac                NMI_Handler
 .text.HardFault_Handler
                0x08000eb4        0x8 ./Core/Src/stm32h7xx_it.o
                0x08000eb4                HardFault_Handler
 .text.MemManage_Handler
                0x08000ebc        0x8 ./Core/Src/stm32h7xx_it.o
                0x08000ebc                MemManage_Handler
 .text.BusFault_Handler
                0x08000ec4        0x8 ./Core/Src/stm32h7xx_it.o
                0x08000ec4                BusFault_Handler
 .text.UsageFault_Handler
                0x08000ecc        0x8 ./Core/Src/stm32h7xx_it.o
                0x08000ecc                UsageFault_Handler
 .text.SVC_Handler
                0x08000ed4        0xe ./Core/Src/stm32h7xx_it.o
                0x08000ed4                SVC_Handler
 .text.DebugMon_Handler
                0x08000ee2        0xe ./Core/Src/stm32h7xx_it.o
                0x08000ee2                DebugMon_Handler
 .text.PendSV_Handler
                0x08000ef0        0xe ./Core/Src/stm32h7xx_it.o
                0x08000ef0                PendSV_Handler
 .text.SysTick_Handler
                0x08000efe        0xc ./Core/Src/stm32h7xx_it.o
                0x08000efe                SysTick_Handler
 *fill*         0x08000f0a        0x2 
 .text.USART2_IRQHandler
                0x08000f0c       0x14 ./Core/Src/stm32h7xx_it.o
                0x08000f0c                USART2_IRQHandler
 .text.SystemInit
                0x08000f20       0xf0 ./Core/Src/system_stm32h7xx.o
                0x08000f20                SystemInit
 .text.Reset_Handler
                0x08001010       0x50 ./Core/Startup/startup_stm32h723zgtx.o
                0x08001010                Reset_Handler
 .text.Default_Handler
                0x08001060        0x2 ./Core/Startup/startup_stm32h723zgtx.o
                0x08001060                RTC_Alarm_IRQHandler
                0x08001060                EXTI2_IRQHandler
                0x08001060                TIM8_CC_IRQHandler
                0x08001060                UART8_IRQHandler
                0x08001060                SPI4_IRQHandler
                0x08001060                FDCAN3_IT0_IRQHandler
                0x08001060                TIM1_CC_IRQHandler
                0x08001060                BDMA_Channel6_IRQHandler
                0x08001060                DMA2_Stream5_IRQHandler
                0x08001060                DMA1_Stream5_IRQHandler
                0x08001060                CORDIC_IRQHandler
                0x08001060                BDMA_Channel1_IRQHandler
                0x08001060                TAMP_STAMP_IRQHandler
                0x08001060                EXTI3_IRQHandler
                0x08001060                LPTIM4_IRQHandler
                0x08001060                TIM8_TRG_COM_TIM14_IRQHandler
                0x08001060                LPTIM2_IRQHandler
                0x08001060                DFSDM1_FLT1_IRQHandler
                0x08001060                DMAMUX2_OVR_IRQHandler
                0x08001060                TIM8_UP_TIM13_IRQHandler
                0x08001060                I2C3_ER_IRQHandler
                0x08001060                DFSDM1_FLT2_IRQHandler
                0x08001060                I2C5_EV_IRQHandler
                0x08001060                USART10_IRQHandler
                0x08001060                MDMA_IRQHandler
                0x08001060                LPTIM3_IRQHandler
                0x08001060                HSEM1_IRQHandler
                0x08001060                EXTI0_IRQHandler
                0x08001060                I2C2_EV_IRQHandler
                0x08001060                DMA1_Stream2_IRQHandler
                0x08001060                FPU_IRQHandler
                0x08001060                OTG_HS_WKUP_IRQHandler
                0x08001060                FDCAN1_IT1_IRQHandler
                0x08001060                LTDC_ER_IRQHandler
                0x08001060                DMA2_Stream2_IRQHandler
                0x08001060                SPI1_IRQHandler
                0x08001060                OCTOSPI1_IRQHandler
                0x08001060                TIM6_DAC_IRQHandler
                0x08001060                DMA2_Stream3_IRQHandler
                0x08001060                OCTOSPI2_IRQHandler
                0x08001060                DFSDM1_FLT3_IRQHandler
                0x08001060                TIM23_IRQHandler
                0x08001060                USART6_IRQHandler
                0x08001060                TIM17_IRQHandler
                0x08001060                USART3_IRQHandler
                0x08001060                BDMA_Channel7_IRQHandler
                0x08001060                LPTIM5_IRQHandler
                0x08001060                UART5_IRQHandler
                0x08001060                ADC3_IRQHandler
                0x08001060                DMA2_Stream0_IRQHandler
                0x08001060                TIM4_IRQHandler
                0x08001060                BDMA_Channel2_IRQHandler
                0x08001060                I2C1_EV_IRQHandler
                0x08001060                DMA1_Stream6_IRQHandler
                0x08001060                DMAMUX1_OVR_IRQHandler
                0x08001060                DMA1_Stream1_IRQHandler
                0x08001060                TIM16_IRQHandler
                0x08001060                UART4_IRQHandler
                0x08001060                BDMA_Channel5_IRQHandler
                0x08001060                TIM3_IRQHandler
                0x08001060                RCC_IRQHandler
                0x08001060                UART9_IRQHandler
                0x08001060                TIM8_BRK_TIM12_IRQHandler
                0x08001060                TIM1_TRG_COM_IRQHandler
                0x08001060                Default_Handler
                0x08001060                ECC_IRQHandler
                0x08001060                FMAC_IRQHandler
                0x08001060                CEC_IRQHandler
                0x08001060                EXTI15_10_IRQHandler
                0x08001060                BDMA_Channel0_IRQHandler
                0x08001060                ADC_IRQHandler
                0x08001060                I2C5_ER_IRQHandler
                0x08001060                DMA1_Stream7_IRQHandler
                0x08001060                SPI5_IRQHandler
                0x08001060                TIM7_IRQHandler
                0x08001060                FDCAN3_IT1_IRQHandler
                0x08001060                SDMMC1_IRQHandler
                0x08001060                TIM5_IRQHandler
                0x08001060                DMA2_Stream7_IRQHandler
                0x08001060                TIM15_IRQHandler
                0x08001060                PVD_AVD_IRQHandler
                0x08001060                I2C3_EV_IRQHandler
                0x08001060                EXTI9_5_IRQHandler
                0x08001060                RTC_WKUP_IRQHandler
                0x08001060                LTDC_IRQHandler
                0x08001060                ETH_WKUP_IRQHandler
                0x08001060                SPDIF_RX_IRQHandler
                0x08001060                SPI2_IRQHandler
                0x08001060                OTG_HS_EP1_IN_IRQHandler
                0x08001060                DMA1_Stream0_IRQHandler
                0x08001060                TIM24_IRQHandler
                0x08001060                CRS_IRQHandler
                0x08001060                EXTI4_IRQHandler
                0x08001060                RNG_IRQHandler
                0x08001060                FDCAN2_IT1_IRQHandler
                0x08001060                ETH_IRQHandler
                0x08001060                TIM1_UP_IRQHandler
                0x08001060                BDMA_Channel4_IRQHandler
                0x08001060                OTG_HS_EP1_OUT_IRQHandler
                0x08001060                WWDG_IRQHandler
                0x08001060                SPI6_IRQHandler
                0x08001060                MDIOS_IRQHandler
                0x08001060                I2C4_EV_IRQHandler
                0x08001060                FDCAN2_IT0_IRQHandler
                0x08001060                LPUART1_IRQHandler
                0x08001060                FDCAN1_IT0_IRQHandler
                0x08001060                TIM2_IRQHandler
                0x08001060                OTG_HS_IRQHandler
                0x08001060                DMA2D_IRQHandler
                0x08001060                TIM1_BRK_IRQHandler
                0x08001060                EXTI1_IRQHandler
                0x08001060                SDMMC2_IRQHandler
                0x08001060                BDMA_Channel3_IRQHandler
                0x08001060                DTS_IRQHandler
                0x08001060                UART7_IRQHandler
                0x08001060                MDIOS_WKUP_IRQHandler
                0x08001060                DFSDM1_FLT0_IRQHandler
                0x08001060                SAI4_IRQHandler
                0x08001060                I2C2_ER_IRQHandler
                0x08001060                DMA2_Stream1_IRQHandler
                0x08001060                FLASH_IRQHandler
                0x08001060                DMA2_Stream4_IRQHandler
                0x08001060                USART1_IRQHandler
                0x08001060                SPI3_IRQHandler
                0x08001060                WAKEUP_PIN_IRQHandler
                0x08001060                DMA1_Stream4_IRQHandler
                0x08001060                I2C1_ER_IRQHandler
                0x08001060                FMC_IRQHandler
                0x08001060                FDCAN_CAL_IRQHandler
                0x08001060                SWPMI1_IRQHandler
                0x08001060                COMP1_IRQHandler
                0x08001060                LPTIM1_IRQHandler
                0x08001060                DCMI_PSSI_IRQHandler
                0x08001060                I2C4_ER_IRQHandler
                0x08001060                DMA2_Stream6_IRQHandler
                0x08001060                SAI1_IRQHandler
                0x08001060                DMA1_Stream3_IRQHandler
 *fill*         0x08001062        0x2 
 .text.HAL_Init
                0x08001064       0x78 ./Drivers/STM32H7xx_HAL_Driver/Src/stm32h7xx_hal.o
                0x08001064                HAL_Init
 .text.HAL_InitTick
                0x080010dc       0x6c ./Drivers/STM32H7xx_HAL_Driver/Src/stm32h7xx_hal.o
                0x080010dc                HAL_InitTick
 .text.HAL_IncTick
                0x08001148       0x28 ./Drivers/STM32H7xx_HAL_Driver/Src/stm32h7xx_hal.o
                0x08001148                HAL_IncTick
 .text.HAL_GetTick
                0x08001170       0x18 ./Drivers/STM32H7xx_HAL_Driver/Src/stm32h7xx_hal.o
                0x08001170                HAL_GetTick
 .text.HAL_Delay
                0x08001188       0x48 ./Drivers/STM32H7xx_HAL_Driver/Src/stm32h7xx_hal.o
                0x08001188                HAL_Delay
 .text.HAL_SYSCFG_ETHInterfaceSelect
                0x080011d0       0x28 ./Drivers/STM32H7xx_HAL_Driver/Src/stm32h7xx_hal.o
                0x080011d0                HAL_SYSCFG_ETHInterfaceSelect
 .text.__NVIC_SetPriorityGrouping
                0x080011f8       0x48 ./Drivers/STM32H7xx_HAL_Driver/Src/stm32h7xx_hal_cortex.o
 .text.__NVIC_GetPriorityGrouping
                0x08001240       0x1c ./Drivers/STM32H7xx_HAL_Driver/Src/stm32h7xx_hal_cortex.o
 .text.__NVIC_EnableIRQ
                0x0800125c       0x3c ./Drivers/STM32H7xx_HAL_Driver/Src/stm32h7xx_hal_cortex.o
 .text.__NVIC_SetPriority
                0x08001298       0x54 ./Drivers/STM32H7xx_HAL_Driver/Src/stm32h7xx_hal_cortex.o
 .text.NVIC_EncodePriority
                0x080012ec       0x66 ./Drivers/STM32H7xx_HAL_Driver/Src/stm32h7xx_hal_cortex.o
 *fill*         0x08001352        0x2 
 .text.SysTick_Config
                0x08001354       0x44 ./Drivers/STM32H7xx_HAL_Driver/Src/stm32h7xx_hal_cortex.o
 .text.HAL_NVIC_SetPriorityGrouping
                0x08001398       0x16 ./Drivers/STM32H7xx_HAL_Driver/Src/stm32h7xx_hal_cortex.o
                0x08001398                HAL_NVIC_SetPriorityGrouping
 .text.HAL_NVIC_SetPriority
                0x080013ae       0x34 ./Drivers/STM32H7xx_HAL_Driver/Src/stm32h7xx_hal_cortex.o
                0x080013ae                HAL_NVIC_SetPriority
 .text.HAL_NVIC_EnableIRQ
                0x080013e2       0x1c ./Drivers/STM32H7xx_HAL_Driver/Src/stm32h7xx_hal_cortex.o
                0x080013e2                HAL_NVIC_EnableIRQ
 .text.HAL_SYSTICK_Config
                0x080013fe       0x18 ./Drivers/STM32H7xx_HAL_Driver/Src/stm32h7xx_hal_cortex.o
                0x080013fe                HAL_SYSTICK_Config
 *fill*         0x08001416        0x2 
 .text.HAL_DMA_Abort
                0x08001418      0x63c ./Drivers/STM32H7xx_HAL_Driver/Src/stm32h7xx_hal_dma.o
                0x08001418                HAL_DMA_Abort
 .text.HAL_DMA_Abort_IT
                0x08001a54      0x48c ./Drivers/STM32H7xx_HAL_Driver/Src/stm32h7xx_hal_dma.o
                0x08001a54                HAL_DMA_Abort_IT
 .text.HAL_ETH_Init
                0x08001ee0      0x1fc ./Drivers/STM32H7xx_HAL_Driver/Src/stm32h7xx_hal_eth.o
                0x08001ee0                HAL_ETH_Init
 .text.HAL_ETH_SetMDIOClockRange
                0x080020dc       0xa0 ./Drivers/STM32H7xx_HAL_Driver/Src/stm32h7xx_hal_eth.o
                0x080020dc                HAL_ETH_SetMDIOClockRange
 .text.ETH_SetMACConfig
                0x0800217c      0x238 ./Drivers/STM32H7xx_HAL_Driver/Src/stm32h7xx_hal_eth.o
 .text.ETH_SetDMAConfig
                0x080023b4      0x10c ./Drivers/STM32H7xx_HAL_Driver/Src/stm32h7xx_hal_eth.o
 .text.ETH_MACDMAConfig
                0x080024c0      0x13a ./Drivers/STM32H7xx_HAL_Driver/Src/stm32h7xx_hal_eth.o
 .text.ETH_DMATxDescListInit
                0x080025fa       0x92 ./Drivers/STM32H7xx_HAL_Driver/Src/stm32h7xx_hal_eth.o
 .text.ETH_DMARxDescListInit
                0x0800268c       0xba ./Drivers/STM32H7xx_HAL_Driver/Src/stm32h7xx_hal_eth.o
 *fill*         0x08002746        0x2 
 .text.HAL_GPIO_Init
                0x08002748      0x350 ./Drivers/STM32H7xx_HAL_Driver/Src/stm32h7xx_hal_gpio.o
                0x08002748                HAL_GPIO_Init
 .text.HAL_GPIO_WritePin
                0x08002a98       0x32 ./Drivers/STM32H7xx_HAL_Driver/Src/stm32h7xx_hal_gpio.o
                0x08002a98                HAL_GPIO_WritePin
 *fill*         0x08002aca        0x2 
 .text.HAL_PWREx_ConfigSupply
                0x08002acc       0x74 ./Drivers/STM32H7xx_HAL_Driver/Src/stm32h7xx_hal_pwr_ex.o
                0x08002acc                HAL_PWREx_ConfigSupply
 .text.HAL_RCC_OscConfig
                0x08002b40      0x7b4 ./Drivers/STM32H7xx_HAL_Driver/Src/stm32h7xx_hal_rcc.o
                0x08002b40                HAL_RCC_OscConfig
 .text.HAL_RCC_ClockConfig
                0x080032f4      0x36c ./Drivers/STM32H7xx_HAL_Driver/Src/stm32h7xx_hal_rcc.o
                0x080032f4                HAL_RCC_ClockConfig
 .text.HAL_RCC_GetSysClockFreq
                0x08003660      0x2f4 ./Drivers/STM32H7xx_HAL_Driver/Src/stm32h7xx_hal_rcc.o
                0x08003660                HAL_RCC_GetSysClockFreq
 .text.HAL_RCC_GetHCLKFreq
                0x08003954       0x60 ./Drivers/STM32H7xx_HAL_Driver/Src/stm32h7xx_hal_rcc.o
                0x08003954                HAL_RCC_GetHCLKFreq
 .text.HAL_RCC_GetPCLK1Freq
                0x080039b4       0x2c ./Drivers/STM32H7xx_HAL_Driver/Src/stm32h7xx_hal_rcc.o
                0x080039b4                HAL_RCC_GetPCLK1Freq
 .text.HAL_RCC_GetPCLK2Freq
                0x080039e0       0x2c ./Drivers/STM32H7xx_HAL_Driver/Src/stm32h7xx_hal_rcc.o
                0x080039e0                HAL_RCC_GetPCLK2Freq
 .text.HAL_RCCEx_PeriphCLKConfig
                0x08003a0c     0x1340 ./Drivers/STM32H7xx_HAL_Driver/Src/stm32h7xx_hal_rcc_ex.o
                0x08003a0c                HAL_RCCEx_PeriphCLKConfig
 .text.HAL_RCCEx_GetD3PCLK1Freq
                0x08004d4c       0x2c ./Drivers/STM32H7xx_HAL_Driver/Src/stm32h7xx_hal_rcc_ex.o
                0x08004d4c                HAL_RCCEx_GetD3PCLK1Freq
 .text.HAL_RCCEx_GetPLL2ClockFreq
                0x08004d78      0x2a8 ./Drivers/STM32H7xx_HAL_Driver/Src/stm32h7xx_hal_rcc_ex.o
                0x08004d78                HAL_RCCEx_GetPLL2ClockFreq
 .text.HAL_RCCEx_GetPLL3ClockFreq
                0x08005020      0x2a8 ./Drivers/STM32H7xx_HAL_Driver/Src/stm32h7xx_hal_rcc_ex.o
                0x08005020                HAL_RCCEx_GetPLL3ClockFreq
 .text.RCCEx_PLL2_Config
                0x080052c8      0x164 ./Drivers/STM32H7xx_HAL_Driver/Src/stm32h7xx_hal_rcc_ex.o
 .text.RCCEx_PLL3_Config
                0x0800542c      0x164 ./Drivers/STM32H7xx_HAL_Driver/Src/stm32h7xx_hal_rcc_ex.o
 .text.HAL_UART_Init
                0x08005590       0xa0 ./Drivers/STM32H7xx_HAL_Driver/Src/stm32h7xx_hal_uart.o
                0x08005590                HAL_UART_Init
 .text.HAL_UART_Transmit
                0x08005630      0x11c ./Drivers/STM32H7xx_HAL_Driver/Src/stm32h7xx_hal_uart.o
                0x08005630                HAL_UART_Transmit
 .text.HAL_UART_IRQHandler
                0x0800574c      0x774 ./Drivers/STM32H7xx_HAL_Driver/Src/stm32h7xx_hal_uart.o
                0x0800574c                HAL_UART_IRQHandler
 .text.HAL_UART_TxCpltCallback
                0x08005ec0       0x14 ./Drivers/STM32H7xx_HAL_Driver/Src/stm32h7xx_hal_uart.o
                0x08005ec0                HAL_UART_TxCpltCallback
 .text.HAL_UART_ErrorCallback
                0x08005ed4       0x14 ./Drivers/STM32H7xx_HAL_Driver/Src/stm32h7xx_hal_uart.o
                0x08005ed4                HAL_UART_ErrorCallback
 .text.HAL_UARTEx_RxEventCallback
                0x08005ee8       0x18 ./Drivers/STM32H7xx_HAL_Driver/Src/stm32h7xx_hal_uart.o
                0x08005ee8                HAL_UARTEx_RxEventCallback
 .text.UART_SetConfig
                0x08005f00      0xcd8 ./Drivers/STM32H7xx_HAL_Driver/Src/stm32h7xx_hal_uart.o
                0x08005f00                UART_SetConfig
 .text.UART_AdvFeatureConfig
                0x08006bd8      0x144 ./Drivers/STM32H7xx_HAL_Driver/Src/stm32h7xx_hal_uart.o
                0x08006bd8                UART_AdvFeatureConfig
 .text.UART_CheckIdleState
                0x08006d1c      0x154 ./Drivers/STM32H7xx_HAL_Driver/Src/stm32h7xx_hal_uart.o
                0x08006d1c                UART_CheckIdleState
 .text.UART_WaitOnFlagUntilTimeout
                0x08006e70       0xda ./Drivers/STM32H7xx_HAL_Driver/Src/stm32h7xx_hal_uart.o
                0x08006e70                UART_WaitOnFlagUntilTimeout
 *fill*         0x08006f4a        0x2 
 .text.UART_EndRxTransfer
                0x08006f4c       0xcc ./Drivers/STM32H7xx_HAL_Driver/Src/stm32h7xx_hal_uart.o
 .text.UART_DMAAbortOnError
                0x08007018       0x2c ./Drivers/STM32H7xx_HAL_Driver/Src/stm32h7xx_hal_uart.o
 .text.UART_EndTransmit_IT
                0x08007044       0x56 ./Drivers/STM32H7xx_HAL_Driver/Src/stm32h7xx_hal_uart.o
 .text.HAL_UARTEx_WakeupCallback
                0x0800709a       0x14 ./Drivers/STM32H7xx_HAL_Driver/Src/stm32h7xx_hal_uart_ex.o
                0x0800709a                HAL_UARTEx_WakeupCallback
 .text.HAL_UARTEx_RxFifoFullCallback
                0x080070ae       0x14 ./Drivers/STM32H7xx_HAL_Driver/Src/stm32h7xx_hal_uart_ex.o
                0x080070ae                HAL_UARTEx_RxFifoFullCallback
 .text.HAL_UARTEx_TxFifoEmptyCallback
                0x080070c2       0x14 ./Drivers/STM32H7xx_HAL_Driver/Src/stm32h7xx_hal_uart_ex.o
                0x080070c2                HAL_UARTEx_TxFifoEmptyCallback
 .text.HAL_UARTEx_DisableFifoMode
                0x080070d6       0x72 ./Drivers/STM32H7xx_HAL_Driver/Src/stm32h7xx_hal_uart_ex.o
                0x080070d6                HAL_UARTEx_DisableFifoMode
 .text.HAL_UARTEx_SetTxFifoThreshold
                0x08007148       0x7c ./Drivers/STM32H7xx_HAL_Driver/Src/stm32h7xx_hal_uart_ex.o
                0x08007148                HAL_UARTEx_SetTxFifoThreshold
 .text.HAL_UARTEx_SetRxFifoThreshold
                0x080071c4       0x7c ./Drivers/STM32H7xx_HAL_Driver/Src/stm32h7xx_hal_uart_ex.o
                0x080071c4                HAL_UARTEx_SetRxFifoThreshold
 .text.UARTEx_SetNbDataToProcess
                0x08007240       0x9c ./Drivers/STM32H7xx_HAL_Driver/Src/stm32h7xx_hal_uart_ex.o
 .text.memset   0x080072dc       0x10 C:/ST/STM32CubeIDE_1.15.1/STM32CubeIDE/plugins/com.st.stm32cube.ide.mcu.externaltools.gnu-tools-for-stm32.12.3.rel1.win32_1.0.100.202403111256/tools/bin/../lib/gcc/arm-none-eabi/12.3.1/../../../../arm-none-eabi/lib/thumb/v7e-m+dp/hard\libc_nano.a(libc_a-memset.o)
                0x080072dc                memset
 .text.__libc_init_array
                0x080072ec       0x48 C:/ST/STM32CubeIDE_1.15.1/STM32CubeIDE/plugins/com.st.stm32cube.ide.mcu.externaltools.gnu-tools-for-stm32.12.3.rel1.win32_1.0.100.202403111256/tools/bin/../lib/gcc/arm-none-eabi/12.3.1/../../../../arm-none-eabi/lib/thumb/v7e-m+dp/hard\libc_nano.a(libc_a-init.o)
                0x080072ec                __libc_init_array
 *(.glue_7)
 .glue_7        0x08007334        0x0 linker stubs
 *(.glue_7t)
 .glue_7t       0x08007334        0x0 linker stubs
 *(.eh_frame)
 .eh_frame      0x08007334        0x0 C:/ST/STM32CubeIDE_1.15.1/STM32CubeIDE/plugins/com.st.stm32cube.ide.mcu.externaltools.gnu-tools-for-stm32.12.3.rel1.win32_1.0.100.202403111256/tools/bin/../lib/gcc/arm-none-eabi/12.3.1/thumb/v7e-m+dp/hard/crtbegin.o
 *(.init)
 .init          0x08007334        0x4 C:/ST/STM32CubeIDE_1.15.1/STM32CubeIDE/plugins/com.st.stm32cube.ide.mcu.externaltools.gnu-tools-for-stm32.12.3.rel1.win32_1.0.100.202403111256/tools/bin/../lib/gcc/arm-none-eabi/12.3.1/thumb/v7e-m+dp/hard/crti.o
                0x08007334                _init
 .init          0x08007338        0x8 C:/ST/STM32CubeIDE_1.15.1/STM32CubeIDE/plugins/com.st.stm32cube.ide.mcu.externaltools.gnu-tools-for-stm32.12.3.rel1.win32_1.0.100.202403111256/tools/bin/../lib/gcc/arm-none-eabi/12.3.1/thumb/v7e-m+dp/hard/crtn.o
 *(.fini)
 .fini          0x08007340        0x4 C:/ST/STM32CubeIDE_1.15.1/STM32CubeIDE/plugins/com.st.stm32cube.ide.mcu.externaltools.gnu-tools-for-stm32.12.3.rel1.win32_1.0.100.202403111256/tools/bin/../lib/gcc/arm-none-eabi/12.3.1/thumb/v7e-m+dp/hard/crti.o
                0x08007340                _fini
 .fini          0x08007344        0x8 C:/ST/STM32CubeIDE_1.15.1/STM32CubeIDE/plugins/com.st.stm32cube.ide.mcu.externaltools.gnu-tools-for-stm32.12.3.rel1.win32_1.0.100.202403111256/tools/bin/../lib/gcc/arm-none-eabi/12.3.1/thumb/v7e-m+dp/hard/crtn.o
                0x0800734c                        . = ALIGN (0x4)
                0x0800734c                        _etext = .

.vfp11_veneer   0x0800734c        0x0
 .vfp11_veneer  0x0800734c        0x0 linker stubs

.v4_bx          0x0800734c        0x0
 .v4_bx         0x0800734c        0x0 linker stubs

.iplt           0x0800734c        0x0
 .iplt          0x0800734c        0x0 C:/ST/STM32CubeIDE_1.15.1/STM32CubeIDE/plugins/com.st.stm32cube.ide.mcu.externaltools.gnu-tools-for-stm32.12.3.rel1.win32_1.0.100.202403111256/tools/bin/../lib/gcc/arm-none-eabi/12.3.1/thumb/v7e-m+dp/hard/crtbegin.o

.rodata         0x0800734c       0x38
                0x0800734c                        . = ALIGN (0x4)
 *(.rodata)
 *(.rodata*)
 .rodata.D1CorePrescTable
                0x0800734c       0x10 ./Core/Src/system_stm32h7xx.o
                0x0800734c                D1CorePrescTable
 .rodata.UARTPrescTable
                0x0800735c       0x18 ./Drivers/STM32H7xx_HAL_Driver/Src/stm32h7xx_hal_uart.o
                0x0800735c                UARTPrescTable
 .rodata.numerator.1
                0x08007374        0x8 ./Drivers/STM32H7xx_HAL_Driver/Src/stm32h7xx_hal_uart_ex.o
 .rodata.denominator.0
                0x0800737c        0x8 ./Drivers/STM32H7xx_HAL_Driver/Src/stm32h7xx_hal_uart_ex.o
                0x08007384                        . = ALIGN (0x4)

.ARM.extab
 *(.ARM.extab* .gnu.linkonce.armextab.*)

.ARM            0x08007384        0x8
                0x08007384                        __exidx_start = .
 *(.ARM.exidx*)
 .ARM.exidx     0x08007384        0x8 C:/ST/STM32CubeIDE_1.15.1/STM32CubeIDE/plugins/com.st.stm32cube.ide.mcu.externaltools.gnu-tools-for-stm32.12.3.rel1.win32_1.0.100.202403111256/tools/bin/../lib/gcc/arm-none-eabi/12.3.1/thumb/v7e-m+dp/hard\libgcc.a(_udivmoddi4.o)
                0x0800738c                        __exidx_end = .

.preinit_array  0x0800738c        0x0
                0x0800738c                        PROVIDE (__preinit_array_start = .)
 *(.preinit_array*)
                0x0800738c                        PROVIDE (__preinit_array_end = .)

.init_array     0x0800738c        0x4
                0x0800738c                        PROVIDE (__init_array_start = .)
 *(SORT_BY_NAME(.init_array.*))
 *(.init_array*)
 .init_array    0x0800738c        0x4 C:/ST/STM32CubeIDE_1.15.1/STM32CubeIDE/plugins/com.st.stm32cube.ide.mcu.externaltools.gnu-tools-for-stm32.12.3.rel1.win32_1.0.100.202403111256/tools/bin/../lib/gcc/arm-none-eabi/12.3.1/thumb/v7e-m+dp/hard/crtbegin.o
                0x08007390                        PROVIDE (__init_array_end = .)

.fini_array     0x08007390        0x4
                [!provide]                        PROVIDE (__fini_array_start = .)
 *(SORT_BY_NAME(.fini_array.*))
 *(.fini_array*)
 .fini_array    0x08007390        0x4 C:/ST/STM32CubeIDE_1.15.1/STM32CubeIDE/plugins/com.st.stm32cube.ide.mcu.externaltools.gnu-tools-for-stm32.12.3.rel1.win32_1.0.100.202403111256/tools/bin/../lib/gcc/arm-none-eabi/12.3.1/thumb/v7e-m+dp/hard/crtbegin.o
                [!provide]                        PROVIDE (__fini_array_end = .)
                0x08007394                        _sidata = LOADADDR (.data)

.rel.dyn        0x08007394        0x0
 .rel.iplt      0x08007394        0x0 C:/ST/STM32CubeIDE_1.15.1/STM32CubeIDE/plugins/com.st.stm32cube.ide.mcu.externaltools.gnu-tools-for-stm32.12.3.rel1.win32_1.0.100.202403111256/tools/bin/../lib/gcc/arm-none-eabi/12.3.1/thumb/v7e-m+dp/hard/crtbegin.o

.data           0x24000000       0x20 load address 0x08007394
                0x24000000                        . = ALIGN (0x4)
                0x24000000                        _sdata = .
 *(.data)
 *(.data*)
 .data.txData   0x24000000        0xd ./Core/Src/main.o
                0x24000000                txData
 *fill*         0x2400000d        0x3 
 .data.SystemCoreClock
                0x24000010        0x4 ./Core/Src/system_stm32h7xx.o
                0x24000010                SystemCoreClock
 .data.SystemD2Clock
                0x24000014        0x4 ./Core/Src/system_stm32h7xx.o
                0x24000014                SystemD2Clock
 .data.uwTickPrio
                0x24000018        0x4 ./Drivers/STM32H7xx_HAL_Driver/Src/stm32h7xx_hal.o
                0x24000018                uwTickPrio
 .data.uwTickFreq
                0x2400001c        0x1 ./Drivers/STM32H7xx_HAL_Driver/Src/stm32h7xx_hal.o
                0x2400001c                uwTickFreq
 *(.RamFunc)
 *(.RamFunc*)
                0x24000020                        . = ALIGN (0x4)
 *fill*         0x2400001d        0x3 
                0x24000020                        _edata = .

.igot.plt       0x24000020        0x0 load address 0x080073b4
 .igot.plt      0x24000020        0x0 C:/ST/STM32CubeIDE_1.15.1/STM32CubeIDE/plugins/com.st.stm32cube.ide.mcu.externaltools.gnu-tools-for-stm32.12.3.rel1.win32_1.0.100.202403111256/tools/bin/../lib/gcc/arm-none-eabi/12.3.1/thumb/v7e-m+dp/hard/crtbegin.o

.RxDecripSection
                0x24000020       0x60 load address 0x080073b4
 .RxDecripSection
                0x24000020       0x60 ./Core/Src/main.o
                0x24000020                DMARxDscrTab

.TxDecripSection
                0x24000080       0x60 load address 0x08007414
 .TxDecripSection
                0x24000080       0x60 ./Core/Src/main.o
                0x24000080                DMATxDscrTab
                0x240000e0                        . = ALIGN (0x4)

.bss            0x240000e0      0x238 load address 0x08007474
                0x240000e0                        _sbss = .
                0x240000e0                        __bss_start__ = _sbss
 *(.bss)
 .bss           0x240000e0       0x1c C:/ST/STM32CubeIDE_1.15.1/STM32CubeIDE/plugins/com.st.stm32cube.ide.mcu.externaltools.gnu-tools-for-stm32.12.3.rel1.win32_1.0.100.202403111256/tools/bin/../lib/gcc/arm-none-eabi/12.3.1/thumb/v7e-m+dp/hard/crtbegin.o
 *(.bss*)
 .bss.TxConfig  0x240000fc       0x38 ./Core/Src/main.o
                0x240000fc                TxConfig
 .bss.heth      0x24000134       0xb0 ./Core/Src/main.o
                0x24000134                heth
 .bss.huart2    0x240001e4       0x94 ./Core/Src/main.o
                0x240001e4                huart2
 .bss.huart3    0x24000278       0x94 ./Core/Src/main.o
                0x24000278                huart3
 .bss.MACAddr.0
                0x2400030c        0x6 ./Core/Src/main.o
 *fill*         0x24000312        0x2 
 .bss.uwTick    0x24000314        0x4 ./Drivers/STM32H7xx_HAL_Driver/Src/stm32h7xx_hal.o
                0x24000314                uwTick
 *(COMMON)
                0x24000318                        . = ALIGN (0x4)
                0x24000318                        _ebss = .
                0x24000318                        __bss_end__ = _ebss

._user_heap_stack
                0x24000318      0x600 load address 0x08007474
                0x24000318                        . = ALIGN (0x8)
                [!provide]                        PROVIDE (end = .)
                0x24000318                        PROVIDE (_end = .)
                0x24000518                        . = (. + _Min_Heap_Size)
 *fill*         0x24000318      0x200 
                0x24000918                        . = (. + _Min_Stack_Size)
 *fill*         0x24000518      0x400 
                0x24000918                        . = ALIGN (0x8)

/DISCARD/
 libc.a(*)
 libm.a(*)
 libgcc.a(*)

.ARM.attributes
                0x00000000       0x2e
 *(.ARM.attributes)
 .ARM.attributes
                0x00000000       0x20 C:/ST/STM32CubeIDE_1.15.1/STM32CubeIDE/plugins/com.st.stm32cube.ide.mcu.externaltools.gnu-tools-for-stm32.12.3.rel1.win32_1.0.100.202403111256/tools/bin/../lib/gcc/arm-none-eabi/12.3.1/thumb/v7e-m+dp/hard/crti.o
 .ARM.attributes
                0x00000020       0x32 C:/ST/STM32CubeIDE_1.15.1/STM32CubeIDE/plugins/com.st.stm32cube.ide.mcu.externaltools.gnu-tools-for-stm32.12.3.rel1.win32_1.0.100.202403111256/tools/bin/../lib/gcc/arm-none-eabi/12.3.1/thumb/v7e-m+dp/hard/crtbegin.o
 .ARM.attributes
                0x00000052       0x32 ./Core/Src/main.o
 .ARM.attributes
                0x00000084       0x32 ./Core/Src/stm32h7xx_hal_msp.o
 .ARM.attributes
                0x000000b6       0x32 ./Core/Src/stm32h7xx_it.o
 .ARM.attributes
                0x000000e8       0x32 ./Core/Src/system_stm32h7xx.o
 .ARM.attributes
                0x0000011a       0x21 ./Core/Startup/startup_stm32h723zgtx.o
 .ARM.attributes
                0x0000013b       0x32 ./Drivers/STM32H7xx_HAL_Driver/Src/stm32h7xx_hal.o
 .ARM.attributes
                0x0000016d       0x32 ./Drivers/STM32H7xx_HAL_Driver/Src/stm32h7xx_hal_cortex.o
 .ARM.attributes
                0x0000019f       0x32 ./Drivers/STM32H7xx_HAL_Driver/Src/stm32h7xx_hal_dma.o
 .ARM.attributes
                0x000001d1       0x32 ./Drivers/STM32H7xx_HAL_Driver/Src/stm32h7xx_hal_eth.o
 .ARM.attributes
                0x00000203       0x32 ./Drivers/STM32H7xx_HAL_Driver/Src/stm32h7xx_hal_gpio.o
 .ARM.attributes
                0x00000235       0x32 ./Drivers/STM32H7xx_HAL_Driver/Src/stm32h7xx_hal_pwr_ex.o
 .ARM.attributes
                0x00000267       0x32 ./Drivers/STM32H7xx_HAL_Driver/Src/stm32h7xx_hal_rcc.o
 .ARM.attributes
                0x00000299       0x32 ./Drivers/STM32H7xx_HAL_Driver/Src/stm32h7xx_hal_rcc_ex.o
 .ARM.attributes
                0x000002cb       0x32 ./Drivers/STM32H7xx_HAL_Driver/Src/stm32h7xx_hal_uart.o
 .ARM.attributes
                0x000002fd       0x32 ./Drivers/STM32H7xx_HAL_Driver/Src/stm32h7xx_hal_uart_ex.o
 .ARM.attributes
                0x0000032f       0x32 C:/ST/STM32CubeIDE_1.15.1/STM32CubeIDE/plugins/com.st.stm32cube.ide.mcu.externaltools.gnu-tools-for-stm32.12.3.rel1.win32_1.0.100.202403111256/tools/bin/../lib/gcc/arm-none-eabi/12.3.1/../../../../arm-none-eabi/lib/thumb/v7e-m+dp/hard\libc_nano.a(libc_a-memset.o)
 .ARM.attributes
                0x00000361       0x32 C:/ST/STM32CubeIDE_1.15.1/STM32CubeIDE/plugins/com.st.stm32cube.ide.mcu.externaltools.gnu-tools-for-stm32.12.3.rel1.win32_1.0.100.202403111256/tools/bin/../lib/gcc/arm-none-eabi/12.3.1/../../../../arm-none-eabi/lib/thumb/v7e-m+dp/hard\libc_nano.a(libc_a-init.o)
 .ARM.attributes
                0x00000393       0x20 C:/ST/STM32CubeIDE_1.15.1/STM32CubeIDE/plugins/com.st.stm32cube.ide.mcu.externaltools.gnu-tools-for-stm32.12.3.rel1.win32_1.0.100.202403111256/tools/bin/../lib/gcc/arm-none-eabi/12.3.1/thumb/v7e-m+dp/hard\libgcc.a(_aeabi_uldivmod.o)
 .ARM.attributes
                0x000003b3       0x32 C:/ST/STM32CubeIDE_1.15.1/STM32CubeIDE/plugins/com.st.stm32cube.ide.mcu.externaltools.gnu-tools-for-stm32.12.3.rel1.win32_1.0.100.202403111256/tools/bin/../lib/gcc/arm-none-eabi/12.3.1/thumb/v7e-m+dp/hard\libgcc.a(_udivmoddi4.o)
 .ARM.attributes
                0x000003e5       0x20 C:/ST/STM32CubeIDE_1.15.1/STM32CubeIDE/plugins/com.st.stm32cube.ide.mcu.externaltools.gnu-tools-for-stm32.12.3.rel1.win32_1.0.100.202403111256/tools/bin/../lib/gcc/arm-none-eabi/12.3.1/thumb/v7e-m+dp/hard\libgcc.a(_dvmd_tls.o)
 .ARM.attributes
                0x00000405       0x20 C:/ST/STM32CubeIDE_1.15.1/STM32CubeIDE/plugins/com.st.stm32cube.ide.mcu.externaltools.gnu-tools-for-stm32.12.3.rel1.win32_1.0.100.202403111256/tools/bin/../lib/gcc/arm-none-eabi/12.3.1/thumb/v7e-m+dp/hard/crtn.o
OUTPUT(CommsLoRaTX.elf elf32-littlearm)
LOAD linker stubs
LOAD C:/ST/STM32CubeIDE_1.15.1/STM32CubeIDE/plugins/com.st.stm32cube.ide.mcu.externaltools.gnu-tools-for-stm32.12.3.rel1.win32_1.0.100.202403111256/tools/bin/../lib/gcc/arm-none-eabi/12.3.1/../../../../arm-none-eabi/lib/thumb/v7e-m+dp/hard\libc.a
LOAD C:/ST/STM32CubeIDE_1.15.1/STM32CubeIDE/plugins/com.st.stm32cube.ide.mcu.externaltools.gnu-tools-for-stm32.12.3.rel1.win32_1.0.100.202403111256/tools/bin/../lib/gcc/arm-none-eabi/12.3.1/../../../../arm-none-eabi/lib/thumb/v7e-m+dp/hard\libm.a
LOAD C:/ST/STM32CubeIDE_1.15.1/STM32CubeIDE/plugins/com.st.stm32cube.ide.mcu.externaltools.gnu-tools-for-stm32.12.3.rel1.win32_1.0.100.202403111256/tools/bin/../lib/gcc/arm-none-eabi/12.3.1/thumb/v7e-m+dp/hard\libgcc.a

.debug_info     0x00000000    0x14a55
 .debug_info    0x00000000     0x220b ./Core/Src/main.o
 .debug_info    0x0000220b     0x239a ./Core/Src/stm32h7xx_hal_msp.o
 .debug_info    0x000045a5      0x830 ./Core/Src/stm32h7xx_it.o
 .debug_info    0x00004dd5      0xb2e ./Core/Src/system_stm32h7xx.o
 .debug_info    0x00005903       0x30 ./Core/Startup/startup_stm32h723zgtx.o
 .debug_info    0x00005933     0x1698 ./Drivers/STM32H7xx_HAL_Driver/Src/stm32h7xx_hal.o
 .debug_info    0x00006fcb     0x10a0 ./Drivers/STM32H7xx_HAL_Driver/Src/stm32h7xx_hal_cortex.o
 .debug_info    0x0000806b      0xb67 ./Drivers/STM32H7xx_HAL_Driver/Src/stm32h7xx_hal_dma.o
 .debug_info    0x00008bd2     0x2a22 ./Drivers/STM32H7xx_HAL_Driver/Src/stm32h7xx_hal_eth.o
 .debug_info    0x0000b5f4      0xc5c ./Drivers/STM32H7xx_HAL_Driver/Src/stm32h7xx_hal_gpio.o
 .debug_info    0x0000c250      0xdc4 ./Drivers/STM32H7xx_HAL_Driver/Src/stm32h7xx_hal_pwr_ex.o
 .debug_info    0x0000d014      0xd73 ./Drivers/STM32H7xx_HAL_Driver/Src/stm32h7xx_hal_rcc.o
 .debug_info    0x0000dd87     0x11fc ./Drivers/STM32H7xx_HAL_Driver/Src/stm32h7xx_hal_rcc_ex.o
 .debug_info    0x0000ef83     0x4b13 ./Drivers/STM32H7xx_HAL_Driver/Src/stm32h7xx_hal_uart.o
 .debug_info    0x00013a96      0xfbf ./Drivers/STM32H7xx_HAL_Driver/Src/stm32h7xx_hal_uart_ex.o

.debug_abbrev   0x00000000     0x234b
 .debug_abbrev  0x00000000      0x2fc ./Core/Src/main.o
 .debug_abbrev  0x000002fc      0x25f ./Core/Src/stm32h7xx_hal_msp.o
 .debug_abbrev  0x0000055b      0x170 ./Core/Src/stm32h7xx_it.o
 .debug_abbrev  0x000006cb      0x13a ./Core/Src/system_stm32h7xx.o
 .debug_abbrev  0x00000805       0x24 ./Core/Startup/startup_stm32h723zgtx.o
 .debug_abbrev  0x00000829      0x29e ./Drivers/STM32H7xx_HAL_Driver/Src/stm32h7xx_hal.o
 .debug_abbrev  0x00000ac7      0x339 ./Drivers/STM32H7xx_HAL_Driver/Src/stm32h7xx_hal_cortex.o
 .debug_abbrev  0x00000e00      0x248 ./Drivers/STM32H7xx_HAL_Driver/Src/stm32h7xx_hal_dma.o
 .debug_abbrev  0x00001048      0x347 ./Drivers/STM32H7xx_HAL_Driver/Src/stm32h7xx_hal_eth.o
 .debug_abbrev  0x0000138f      0x1fe ./Drivers/STM32H7xx_HAL_Driver/Src/stm32h7xx_hal_gpio.o
 .debug_abbrev  0x0000158d      0x295 ./Drivers/STM32H7xx_HAL_Driver/Src/stm32h7xx_hal_pwr_ex.o
 .debug_abbrev  0x00001822      0x2b1 ./Drivers/STM32H7xx_HAL_Driver/Src/stm32h7xx_hal_rcc.o
 .debug_abbrev  0x00001ad3      0x269 ./Drivers/STM32H7xx_HAL_Driver/Src/stm32h7xx_hal_rcc_ex.o
 .debug_abbrev  0x00001d3c      0x33d ./Drivers/STM32H7xx_HAL_Driver/Src/stm32h7xx_hal_uart.o
 .debug_abbrev  0x00002079      0x2d2 ./Drivers/STM32H7xx_HAL_Driver/Src/stm32h7xx_hal_uart_ex.o

.debug_aranges  0x00000000      0xcd0
 .debug_aranges
                0x00000000       0x58 ./Core/Src/main.o
 .debug_aranges
                0x00000058       0x40 ./Core/Src/stm32h7xx_hal_msp.o
 .debug_aranges
                0x00000098       0x68 ./Core/Src/stm32h7xx_it.o
 .debug_aranges
                0x00000100       0x28 ./Core/Src/system_stm32h7xx.o
 .debug_aranges
                0x00000128       0x28 ./Core/Startup/startup_stm32h723zgtx.o
 .debug_aranges
                0x00000150      0x1c8 ./Drivers/STM32H7xx_HAL_Driver/Src/stm32h7xx_hal.o
 .debug_aranges
                0x00000318      0x130 ./Drivers/STM32H7xx_HAL_Driver/Src/stm32h7xx_hal_cortex.o
 .debug_aranges
                0x00000448       0xa0 ./Drivers/STM32H7xx_HAL_Driver/Src/stm32h7xx_hal_dma.o
 .debug_aranges
                0x000004e8      0x1d8 ./Drivers/STM32H7xx_HAL_Driver/Src/stm32h7xx_hal_eth.o
 .debug_aranges
                0x000006c0       0x58 ./Drivers/STM32H7xx_HAL_Driver/Src/stm32h7xx_hal_gpio.o
 .debug_aranges
                0x00000718      0x148 ./Drivers/STM32H7xx_HAL_Driver/Src/stm32h7xx_hal_pwr_ex.o
 .debug_aranges
                0x00000860       0x88 ./Drivers/STM32H7xx_HAL_Driver/Src/stm32h7xx_hal_rcc.o
 .debug_aranges
                0x000008e8       0xf8 ./Drivers/STM32H7xx_HAL_Driver/Src/stm32h7xx_hal_rcc_ex.o
 .debug_aranges
                0x000009e0      0x248 ./Drivers/STM32H7xx_HAL_Driver/Src/stm32h7xx_hal_uart.o
 .debug_aranges
                0x00000c28       0xa8 ./Drivers/STM32H7xx_HAL_Driver/Src/stm32h7xx_hal_uart_ex.o

.debug_rnglists
                0x00000000      0x9ef
 .debug_rnglists
                0x00000000       0x42 ./Core/Src/main.o
 .debug_rnglists
                0x00000042       0x2e ./Core/Src/stm32h7xx_hal_msp.o
 .debug_rnglists
                0x00000070       0x49 ./Core/Src/stm32h7xx_it.o
 .debug_rnglists
                0x000000b9       0x1b ./Core/Src/system_stm32h7xx.o
 .debug_rnglists
                0x000000d4       0x19 ./Core/Startup/startup_stm32h723zgtx.o
 .debug_rnglists
                0x000000ed      0x155 ./Drivers/STM32H7xx_HAL_Driver/Src/stm32h7xx_hal.o
 .debug_rnglists
                0x00000242       0xe0 ./Drivers/STM32H7xx_HAL_Driver/Src/stm32h7xx_hal_cortex.o
 .debug_rnglists
                0x00000322       0x82 ./Drivers/STM32H7xx_HAL_Driver/Src/stm32h7xx_hal_dma.o
 .debug_rnglists
                0x000003a4      0x176 ./Drivers/STM32H7xx_HAL_Driver/Src/stm32h7xx_hal_eth.o
 .debug_rnglists
                0x0000051a       0x3f ./Drivers/STM32H7xx_HAL_Driver/Src/stm32h7xx_hal_gpio.o
 .debug_rnglists
                0x00000559       0xf5 ./Drivers/STM32H7xx_HAL_Driver/Src/stm32h7xx_hal_pwr_ex.o
 .debug_rnglists
                0x0000064e       0x68 ./Drivers/STM32H7xx_HAL_Driver/Src/stm32h7xx_hal_rcc.o
 .debug_rnglists
                0x000006b6       0xc0 ./Drivers/STM32H7xx_HAL_Driver/Src/stm32h7xx_hal_rcc_ex.o
 .debug_rnglists
                0x00000776      0x1fa ./Drivers/STM32H7xx_HAL_Driver/Src/stm32h7xx_hal_uart.o
 .debug_rnglists
                0x00000970       0x7f ./Drivers/STM32H7xx_HAL_Driver/Src/stm32h7xx_hal_uart_ex.o

.debug_macro    0x00000000    0x32470
 .debug_macro   0x00000000      0x2e7 ./Core/Src/main.o
 .debug_macro   0x000002e7      0xacc ./Core/Src/main.o
 .debug_macro   0x00000db3      0x238 ./Core/Src/main.o
 .debug_macro   0x00000feb       0x2e ./Core/Src/main.o
 .debug_macro   0x00001019       0x3b ./Core/Src/main.o
 .debug_macro   0x00001054       0x22 ./Core/Src/main.o
 .debug_macro   0x00001076       0x8e ./Core/Src/main.o
 .debug_macro   0x00001104       0x51 ./Core/Src/main.o
 .debug_macro   0x00001155      0x103 ./Core/Src/main.o
 .debug_macro   0x00001258       0x6a ./Core/Src/main.o
 .debug_macro   0x000012c2      0x1df ./Core/Src/main.o
 .debug_macro   0x000014a1       0x1c ./Core/Src/main.o
 .debug_macro   0x000014bd       0x22 ./Core/Src/main.o
 .debug_macro   0x000014df       0xfb ./Core/Src/main.o
 .debug_macro   0x000015da     0x1305 ./Core/Src/main.o
 .debug_macro   0x000028df      0x11f ./Core/Src/main.o
 .debug_macro   0x000029fe       0x27 ./Core/Src/main.o
 .debug_macro   0x00002a25    0x2127f ./Core/Src/main.o
 .debug_macro   0x00023ca4       0x6d ./Core/Src/main.o
 .debug_macro   0x00023d11     0x3d64 ./Core/Src/main.o
 .debug_macro   0x00027a75      0x189 ./Core/Src/main.o
 .debug_macro   0x00027bfe       0x61 ./Core/Src/main.o
 .debug_macro   0x00027c5f       0x29 ./Core/Src/main.o
 .debug_macro   0x00027c88       0x43 ./Core/Src/main.o
 .debug_macro   0x00027ccb       0x34 ./Core/Src/main.o
 .debug_macro   0x00027cff       0x16 ./Core/Src/main.o
 .debug_macro   0x00027d15       0x43 ./Core/Src/main.o
 .debug_macro   0x00027d58       0x34 ./Core/Src/main.o
 .debug_macro   0x00027d8c       0x10 ./Core/Src/main.o
 .debug_macro   0x00027d9c       0x58 ./Core/Src/main.o
 .debug_macro   0x00027df4       0x8e ./Core/Src/main.o
 .debug_macro   0x00027e82       0x1c ./Core/Src/main.o
 .debug_macro   0x00027e9e      0x177 ./Core/Src/main.o
 .debug_macro   0x00028015      0x369 ./Core/Src/main.o
 .debug_macro   0x0002837e      0x19b ./Core/Src/main.o
 .debug_macro   0x00028519       0x5d ./Core/Src/main.o
 .debug_macro   0x00028576     0x2462 ./Core/Src/main.o
 .debug_macro   0x0002a9d8     0x1079 ./Core/Src/main.o
 .debug_macro   0x0002ba51      0x154 ./Core/Src/main.o
 .debug_macro   0x0002bba5      0x114 ./Core/Src/main.o
 .debug_macro   0x0002bcb9      0x3fc ./Core/Src/main.o
 .debug_macro   0x0002c0b5       0xac ./Core/Src/main.o
 .debug_macro   0x0002c161      0x788 ./Core/Src/main.o
 .debug_macro   0x0002c8e9      0x228 ./Core/Src/main.o
 .debug_macro   0x0002cb11       0x66 ./Core/Src/main.o
 .debug_macro   0x0002cb77      0x3a6 ./Core/Src/main.o
 .debug_macro   0x0002cf1d      0xa80 ./Core/Src/main.o
 .debug_macro   0x0002d99d      0x129 ./Core/Src/main.o
 .debug_macro   0x0002dac6      0x3f9 ./Core/Src/main.o
 .debug_macro   0x0002debf      0x275 ./Core/Src/main.o
 .debug_macro   0x0002e134      0x3ca ./Core/Src/main.o
 .debug_macro   0x0002e4fe      0x45c ./Core/Src/main.o
 .debug_macro   0x0002e95a       0x3c ./Core/Src/main.o
 .debug_macro   0x0002e996       0x4a ./Core/Src/main.o
 .debug_macro   0x0002e9e0      0x22c ./Core/Src/main.o
 .debug_macro   0x0002ec0c       0x67 ./Core/Src/main.o
 .debug_macro   0x0002ec73       0xa5 ./Core/Src/main.o
 .debug_macro   0x0002ed18      0x1c4 ./Core/Src/main.o
 .debug_macro   0x0002eedc      0x22a ./Core/Src/main.o
 .debug_macro   0x0002f106       0x35 ./Core/Src/main.o
 .debug_macro   0x0002f13b      0x693 ./Core/Src/main.o
 .debug_macro   0x0002f7ce       0xa6 ./Core/Src/main.o
 .debug_macro   0x0002f874      0x5e6 ./Core/Src/main.o
 .debug_macro   0x0002fe5a      0x130 ./Core/Src/main.o
 .debug_macro   0x0002ff8a       0x16 ./Core/Src/main.o
 .debug_macro   0x0002ffa0       0x35 ./Core/Src/main.o
 .debug_macro   0x0002ffd5       0x20 ./Core/Src/main.o
 .debug_macro   0x0002fff5      0x2b7 ./Core/Src/stm32h7xx_hal_msp.o
 .debug_macro   0x000302ac      0x2c1 ./Core/Src/stm32h7xx_it.o
 .debug_macro   0x0003056d      0x2a8 ./Core/Src/system_stm32h7xx.o
 .debug_macro   0x00030815      0x2d2 ./Drivers/STM32H7xx_HAL_Driver/Src/stm32h7xx_hal.o
 .debug_macro   0x00030ae7      0x2a8 ./Drivers/STM32H7xx_HAL_Driver/Src/stm32h7xx_hal_cortex.o
 .debug_macro   0x00030d8f      0x2fc ./Drivers/STM32H7xx_HAL_Driver/Src/stm32h7xx_hal_dma.o
 .debug_macro   0x0003108b      0x33c ./Drivers/STM32H7xx_HAL_Driver/Src/stm32h7xx_hal_eth.o
 .debug_macro   0x000313c7      0x2af ./Drivers/STM32H7xx_HAL_Driver/Src/stm32h7xx_hal_gpio.o
 .debug_macro   0x00031676      0x2e1 ./Drivers/STM32H7xx_HAL_Driver/Src/stm32h7xx_hal_pwr_ex.o
 .debug_macro   0x00031957      0x2cc ./Drivers/STM32H7xx_HAL_Driver/Src/stm32h7xx_hal_rcc.o
 .debug_macro   0x00031c23      0x2c6 ./Drivers/STM32H7xx_HAL_Driver/Src/stm32h7xx_hal_rcc_ex.o
 .debug_macro   0x00031ee9      0x2d3 ./Drivers/STM32H7xx_HAL_Driver/Src/stm32h7xx_hal_uart.o
 .debug_macro   0x000321bc      0x2b4 ./Drivers/STM32H7xx_HAL_Driver/Src/stm32h7xx_hal_uart_ex.o

.debug_line     0x00000000    0x127b5
 .debug_line    0x00000000      0xb49 ./Core/Src/main.o
 .debug_line    0x00000b49      0xa23 ./Core/Src/stm32h7xx_hal_msp.o
 .debug_line    0x0000156c      0x9bf ./Core/Src/stm32h7xx_it.o
 .debug_line    0x00001f2b      0xa95 ./Core/Src/system_stm32h7xx.o
 .debug_line    0x000029c0       0x7a ./Core/Startup/startup_stm32h723zgtx.o
 .debug_line    0x00002a3a      0xf26 ./Drivers/STM32H7xx_HAL_Driver/Src/stm32h7xx_hal.o
 .debug_line    0x00003960      0xec4 ./Drivers/STM32H7xx_HAL_Driver/Src/stm32h7xx_hal_cortex.o
 .debug_line    0x00004824     0x27fb ./Drivers/STM32H7xx_HAL_Driver/Src/stm32h7xx_hal_dma.o
 .debug_line    0x0000701f     0x1c2e ./Drivers/STM32H7xx_HAL_Driver/Src/stm32h7xx_hal_eth.o
 .debug_line    0x00008c4d      0xd59 ./Drivers/STM32H7xx_HAL_Driver/Src/stm32h7xx_hal_gpio.o
 .debug_line    0x000099a6      0xf13 ./Drivers/STM32H7xx_HAL_Driver/Src/stm32h7xx_hal_pwr_ex.o
 .debug_line    0x0000a8b9     0x13bc ./Drivers/STM32H7xx_HAL_Driver/Src/stm32h7xx_hal_rcc.o
 .debug_line    0x0000bc75     0x1c8b ./Drivers/STM32H7xx_HAL_Driver/Src/stm32h7xx_hal_rcc_ex.o
 .debug_line    0x0000d900     0x3f82 ./Drivers/STM32H7xx_HAL_Driver/Src/stm32h7xx_hal_uart.o
 .debug_line    0x00011882      0xf33 ./Drivers/STM32H7xx_HAL_Driver/Src/stm32h7xx_hal_uart_ex.o

.debug_str      0x00000000   0x145bf7
 .debug_str     0x00000000   0x140b85 ./Core/Src/main.o
                             0x1410e1 (size before relaxing)
 .debug_str     0x00140b85      0xb15 ./Core/Src/stm32h7xx_hal_msp.o
                             0x1417ca (size before relaxing)
 .debug_str     0x0014169a       0xef ./Core/Src/stm32h7xx_it.o
                             0x14011c (size before relaxing)
 .debug_str     0x00141789      0x29a ./Core/Src/system_stm32h7xx.o
                             0x13fa8d (size before relaxing)
 .debug_str     0x00141a23       0x44 ./Core/Startup/startup_stm32h723zgtx.o
                                 0x84 (size before relaxing)
 .debug_str     0x00141a67      0x999 ./Drivers/STM32H7xx_HAL_Driver/Src/stm32h7xx_hal.o
                             0x140b17 (size before relaxing)
 .debug_str     0x00142400      0x364 ./Drivers/STM32H7xx_HAL_Driver/Src/stm32h7xx_hal_cortex.o
                             0x140431 (size before relaxing)
 .debug_str     0x00142764      0x8eb ./Drivers/STM32H7xx_HAL_Driver/Src/stm32h7xx_hal_dma.o
                             0x140242 (size before relaxing)
 .debug_str     0x0014304f     0x103b ./Drivers/STM32H7xx_HAL_Driver/Src/stm32h7xx_hal_eth.o
                             0x1413a6 (size before relaxing)
 .debug_str     0x0014408a       0xec ./Drivers/STM32H7xx_HAL_Driver/Src/stm32h7xx_hal_gpio.o
                             0x13fad8 (size before relaxing)
 .debug_str     0x00144176      0x5e7 ./Drivers/STM32H7xx_HAL_Driver/Src/stm32h7xx_hal_pwr_ex.o
                             0x13fee0 (size before relaxing)
 .debug_str     0x0014475d      0x21a ./Drivers/STM32H7xx_HAL_Driver/Src/stm32h7xx_hal_rcc.o
                             0x13fe5b (size before relaxing)
 .debug_str     0x00144977      0x64b ./Drivers/STM32H7xx_HAL_Driver/Src/stm32h7xx_hal_rcc_ex.o
                             0x140373 (size before relaxing)
 .debug_str     0x00144fc2      0x9d4 ./Drivers/STM32H7xx_HAL_Driver/Src/stm32h7xx_hal_uart.o
                             0x1409fb (size before relaxing)
 .debug_str     0x00145996      0x261 ./Drivers/STM32H7xx_HAL_Driver/Src/stm32h7xx_hal_uart_ex.o
                             0x13ffbb (size before relaxing)

.comment        0x00000000       0x43
 .comment       0x00000000       0x43 ./Core/Src/main.o
                                 0x44 (size before relaxing)
 .comment       0x00000043       0x44 ./Core/Src/stm32h7xx_hal_msp.o
 .comment       0x00000043       0x44 ./Core/Src/stm32h7xx_it.o
 .comment       0x00000043       0x44 ./Core/Src/system_stm32h7xx.o
 .comment       0x00000043       0x44 ./Drivers/STM32H7xx_HAL_Driver/Src/stm32h7xx_hal.o
 .comment       0x00000043       0x44 ./Drivers/STM32H7xx_HAL_Driver/Src/stm32h7xx_hal_cortex.o
 .comment       0x00000043       0x44 ./Drivers/STM32H7xx_HAL_Driver/Src/stm32h7xx_hal_dma.o
 .comment       0x00000043       0x44 ./Drivers/STM32H7xx_HAL_Driver/Src/stm32h7xx_hal_eth.o
 .comment       0x00000043       0x44 ./Drivers/STM32H7xx_HAL_Driver/Src/stm32h7xx_hal_gpio.o
 .comment       0x00000043       0x44 ./Drivers/STM32H7xx_HAL_Driver/Src/stm32h7xx_hal_pwr_ex.o
 .comment       0x00000043       0x44 ./Drivers/STM32H7xx_HAL_Driver/Src/stm32h7xx_hal_rcc.o
 .comment       0x00000043       0x44 ./Drivers/STM32H7xx_HAL_Driver/Src/stm32h7xx_hal_rcc_ex.o
 .comment       0x00000043       0x44 ./Drivers/STM32H7xx_HAL_Driver/Src/stm32h7xx_hal_uart.o
 .comment       0x00000043       0x44 ./Drivers/STM32H7xx_HAL_Driver/Src/stm32h7xx_hal_uart_ex.o

.debug_frame    0x00000000     0x3590
 .debug_frame   0x00000000      0x100 ./Core/Src/main.o
 .debug_frame   0x00000100       0xcc ./Core/Src/stm32h7xx_hal_msp.o
 .debug_frame   0x000001cc      0x120 ./Core/Src/stm32h7xx_it.o
 .debug_frame   0x000002ec       0x58 ./Core/Src/system_stm32h7xx.o
 .debug_frame   0x00000344      0x760 ./Drivers/STM32H7xx_HAL_Driver/Src/stm32h7xx_hal.o
 .debug_frame   0x00000aa4      0x508 ./Drivers/STM32H7xx_HAL_Driver/Src/stm32h7xx_hal_cortex.o
 .debug_frame   0x00000fac      0x2b4 ./Drivers/STM32H7xx_HAL_Driver/Src/stm32h7xx_hal_dma.o
 .debug_frame   0x00001260      0x894 ./Drivers/STM32H7xx_HAL_Driver/Src/stm32h7xx_hal_eth.o
 .debug_frame   0x00001af4      0x14c ./Drivers/STM32H7xx_HAL_Driver/Src/stm32h7xx_hal_gpio.o
 .debug_frame   0x00001c40      0x540 ./Drivers/STM32H7xx_HAL_Driver/Src/stm32h7xx_hal_pwr_ex.o
 .debug_frame   0x00002180      0x1fc ./Drivers/STM32H7xx_HAL_Driver/Src/stm32h7xx_hal_rcc.o
 .debug_frame   0x0000237c      0x414 ./Drivers/STM32H7xx_HAL_Driver/Src/stm32h7xx_hal_rcc_ex.o
 .debug_frame   0x00002790      0xa94 ./Drivers/STM32H7xx_HAL_Driver/Src/stm32h7xx_hal_uart.o
 .debug_frame   0x00003224      0x2c0 ./Drivers/STM32H7xx_HAL_Driver/Src/stm32h7xx_hal_uart_ex.o
 .debug_frame   0x000034e4       0x20 C:/ST/STM32CubeIDE_1.15.1/STM32CubeIDE/plugins/com.st.stm32cube.ide.mcu.externaltools.gnu-tools-for-stm32.12.3.rel1.win32_1.0.100.202403111256/tools/bin/../lib/gcc/arm-none-eabi/12.3.1/../../../../arm-none-eabi/lib/thumb/v7e-m+dp/hard\libc_nano.a(libc_a-memset.o)
 .debug_frame   0x00003504       0x2c C:/ST/STM32CubeIDE_1.15.1/STM32CubeIDE/plugins/com.st.stm32cube.ide.mcu.externaltools.gnu-tools-for-stm32.12.3.rel1.win32_1.0.100.202403111256/tools/bin/../lib/gcc/arm-none-eabi/12.3.1/../../../../arm-none-eabi/lib/thumb/v7e-m+dp/hard\libc_nano.a(libc_a-init.o)
 .debug_frame   0x00003530       0x2c C:/ST/STM32CubeIDE_1.15.1/STM32CubeIDE/plugins/com.st.stm32cube.ide.mcu.externaltools.gnu-tools-for-stm32.12.3.rel1.win32_1.0.100.202403111256/tools/bin/../lib/gcc/arm-none-eabi/12.3.1/thumb/v7e-m+dp/hard\libgcc.a(_aeabi_uldivmod.o)
 .debug_frame   0x0000355c       0x34 C:/ST/STM32CubeIDE_1.15.1/STM32CubeIDE/plugins/com.st.stm32cube.ide.mcu.externaltools.gnu-tools-for-stm32.12.3.rel1.win32_1.0.100.202403111256/tools/bin/../lib/gcc/arm-none-eabi/12.3.1/thumb/v7e-m+dp/hard\libgcc.a(_udivmoddi4.o)

.debug_line_str
                0x00000000       0x68
 .debug_line_str
                0x00000000       0x68 ./Core/Startup/startup_stm32h723zgtx.o
