../Core/Src/main.c:96:5:main	8	static
../Core/Src/main.c:147:6:SystemClock_Config	120	static
../Core/Src/main.c:207:13:MX_ETH_Init	8	static
../Core/Src/main.c:256:13:MX_UART4_Init	8	static
../Core/Src/main.c:304:13:MX_USART3_UART_Init	8	static
../Core/Src/main.c:352:13:MX_USART6_UART_Init	8	static
../Core/Src/main.c:400:13:MX_USB_OTG_HS_USB_Init	4	static
../Core/Src/main.c:421:13:MX_GPIO_Init	56	static
../Core/Src/main.c:497:6:HAL_UART_RxCpltCallback	16	static
../Core/Src/main.c:514:6:Error_Handler	4	static,ignoring_inline_asm
