../Drivers/CMSIS/Include/core_cm7.h:2660:26:ITM_SendChar	16	static,ignoring_inline_asm
../Core/Src/main.c:63:5:_write	32	static
../Core/Src/main.c:71:5:main	8	static
../Core/Src/main.c:98:6:SystemClock_Config	120	static
../Core/Src/main.c:159:13:MX_ETH_Init	8	static
../Core/Src/main.c:208:13:MX_UART4_Init	8	static
../Core/Src/main.c:256:13:MX_USART3_UART_Init	8	static
../Core/Src/main.c:304:13:MX_USART6_UART_Init	8	static
../Core/Src/main.c:352:13:MX_USB_OTG_HS_USB_Init	4	static
../Core/Src/main.c:373:13:MX_GPIO_Init	56	static
../Core/Src/main.c:456:6:Error_Handler	4	static,ignoring_inline_asm
